✔ provider-observed committed voice input uses native tools, persists once, and continues in text (1701.774917ms)
✖ stop during native inference fences late voice tool completion (3727.754134ms)
ℹ tests 2
ℹ suites 0
ℹ pass 1
ℹ fail 1
ℹ cancelled 0
ℹ skipped 0
ℹ todo 0
ℹ duration_ms 6218.296962

✖ failing tests:

test at tests/voice-native.test.ts:17:1
✖ stop during native inference fences late voice tool completion (3727.754134ms)
  AssertionError [ERR_ASSERTION]: bounded wait expired
      at wait (/home/azureuser/nova-community-agent/tests/voice-native.test.ts:4:136)
      at async TestContext.<anonymous> (/home/azureuser/nova-community-agent/tests/voice-native.test.ts:17:382)
      at async Test.run (node:internal/test_runner/test:1409:7)
      at async Test.processPendingSubtests (node:internal/test_runner/test:974:7) {
    generatedMessage: false,
    code: 'ERR_ASSERTION',
    actual: undefined,
    expected: undefined,
    operator: 'fail',
    diff: 'simple'
  }
