✖ staged native voice UI binds conversation, stops late connection and provides authenticated file downloads (1196.186744ms)
ℹ tests 1
ℹ suites 0
ℹ pass 0
ℹ fail 1
ℹ cancelled 0
ℹ skipped 0
ℹ todo 0
ℹ duration_ms 1906.378399

✖ failing tests:

test at tests/voice-files-ui.test.ts:2:1
✖ staged native voice UI binds conversation, stops late connection and provides authenticated file downloads (1196.186744ms)
  AssertionError [ERR_ASSERTION]: ordinary drafts must not offer nonexistent generated downloads
  
  1 !== 0
  
      at TestContext.<anonymous> (/home/azureuser/nova-community-agent/tests/voice-files-ui.test.ts:10:206)
      at async Test.run (node:internal/test_runner/test:1409:7)
      at async startSubtestAfterBootstrap (node:internal/test_runner/harness:387:3) {
    generatedMessage: false,
    code: 'ERR_ASSERTION',
    actual: 1,
    expected: 0,
    operator: 'strictEqual',
    diff: 'simple'
  }
