
> nova-community-agent@0.1.0 test
> tsx --test --test-concurrency=1 tests/*.test.ts

✔ Approval binds exact revision/account/recipient; concurrent consumption yields one durable synthetic effect (2344.339646ms)
✔ NEW project provider env is opt-in, complete, HTTPS-only and ignores unrelated credentials (20.642504ms)
✔ lock-observation invalidation before queued lease error must not emit an unhandled pool error (1592.211097ms)
✔ SIGKILL during real provider await survives PG and API restart as unknown; explicit new turn recovers (3352.931283ms)
✔ corrected behavior: rejected second runtime must not delete first runtime pending upload/reservation (1684.859344ms)
✔ corrected behavior: assistant-generated content must not become a user_supplied source (1371.671118ms)
✔ pending upload namespace blocks turn without losing reservation or invoking model (1721.803612ms)
✔ cancelled generation cannot write after a new run completes; original replay cannot redispatch (1796.419295ms)
✔ a different live session cannot authorize output of the revoked initiating session (1341.736633ms)
✔ entire provider batch is allowlist/schema validated before first mutation (1651.239771ms)
✔ corrected behavior: expiry during canonical writer lock wait must roll back mutation and receipt (2826.190954ms)
✔ receipt insertion failure atomically rolls back canonical revision and outbox; no replay inference (1580.27106ms)
✔ session final validation after actual receipt write wait (2807.134741ms)
✔ session final validation after actual terminal write wait (2475.325992ms)
✔ lease loss during writer wait rolls back; replacement drains the old transaction before recovery (1401.957456ms)
✔ failed storage initialization releases singleton before close and removes client listeners (1853.791785ms)
✔ dedicated client end alone invalidates runtime and cleans listeners (1626.157099ms)
✔ lease loss while file read awaits records unknown before read returns (1908.637462ms)
✔ startup reservation also excludes non-agent file runtime: false (1351.173834ms)
✔ startup reservation also excludes non-agent file runtime: true (1707.658908ms)
✔ lease loss fences held inference, late output and replacement (1687.58999ms)
✔ lease loss fences held inference, late output and cancel (2037.909923ms)
✔ lease loss fences held inference, late output and purge (1536.095641ms)
✔ controlled protocol: automatic tools revise canonical artifact, persist assistant, reopen and replay without inference (2240.380478ms)
✔ fail closed: denied approval (1664.143271ms)
✔ fail closed: prototype tool (1612.626845ms)
✔ fail closed: schema owner injection (1801.087342ms)
✔ fail closed: malformed arguments (1706.679289ms)
✔ fail closed: invalid JSON (1452.248951ms)
✔ fail closed: refusal (1676.568204ms)
✔ fail closed: truncation (1757.780156ms)
✔ fail closed: empty (1777.683955ms)
✔ fail closed: stop with malformed calls (1719.004174ms)
✔ fail closed: oversized (1687.458555ms)
✔ fail closed: http error (1297.105048ms)
✔ question pauses task; explicit answer resumes with file observation, scope checks and terminal receipt (1880.883282ms)
✔ post-provider await fence: cancel (1252.874866ms)
✔ post-provider await fence: revoke (1832.107134ms)
✔ post-provider await fence: expire (1607.214081ms)
✔ post-provider await fence: purge (1772.604662ms)
✔ post-provider await fence: message (1737.068669ms)
✔ post-provider await fence: task (1458.000556ms)
✔ post-provider await fence: artifact (1677.824644ms)
✔ budgets stop loops and response timeout is explicit unknown; no replay retry (5276.096158ms)
✔ restart conservatively fails queued and marks interrupted inference unknown without replay (1706.70683ms)
✔ pluggable provider remains untrusted and uncooperative await is bounded (3435.290063ms)
✔ server-wide active run budget bounds concurrent inference across conversations (1401.07551ms)
✔ tool scope rejects another conversation: read_artifact (1254.187915ms)
✔ tool scope rejects another conversation: update_artifact (1841.014486ms)
✔ tool scope rejects another conversation: read_file (1705.071103ms)
✔ read_artifact observes canonical revision; duplicate tool ID cannot repeat mutation (1775.244702ms)
✔ context byte budget rolls back oversized tool mutation and preflight never calls provider (1650.515721ms)
✔ inference failure after a committed tool preserves its receipt/revision without replay (1743.91149ms)
✔ tool transaction failure rolls back artifact and receipt together (1784.558048ms)
✔ post-file await fence: cancel (1562.443827ms)
✔ post-file await fence: purge (1722.739233ms)
✔ post-file await fence: revoke (1756.502788ms)
✔ one runtime per database rejects a concurrent engine without recovering live work (1754.587606ms)
✔ provider redirects are not followed (1657.549651ms)
✔ Artifact append-only revisions, concurrent conflict and owner-scoped revision export (2195.374962ms)
✔ AUTH-RECHECK expiry mutation: reject stale authentication after owner-lock wait (3780.798246ms)
✔ AUTH-RECHECK expiry replay: reject stale authentication after owner-lock wait (3820.533983ms)
✔ AUTH-RECHECK expiry export: reject stale authentication after owner-lock wait (3819.968011ms)
✔ AUTH-RECHECK expiry purge: reject stale authentication after owner-lock wait (4021.920543ms)
✔ AUTH-RECHECK revoke mutation: reject stale authentication after owner-lock wait (1837.749462ms)
✔ AUTH-RECHECK revoke replay: reject stale authentication after owner-lock wait (1751.534705ms)
✔ AUTH-RECHECK revoke export: reject stale authentication after owner-lock wait (1758.623962ms)
✔ AUTH-RECHECK revoke purge: reject stale authentication after owner-lock wait (1838.94852ms)
✔ AUTH-RECHECK rebind mutation: reject stale authentication after owner-lock wait (1777.255571ms)
✔ AUTH-RECHECK rebind replay: reject stale authentication after owner-lock wait (1350.426285ms)
✔ AUTH-RECHECK rebind export: reject stale authentication after owner-lock wait (1746.105574ms)
✔ AUTH-RECHECK rebind purge: reject stale authentication after owner-lock wait (1810.126787ms)
✔ document endpoints authorize owner, reject wrong formats and return exact saved revision PDF (2508.332675ms)
✔ Local bootstrap CLI writes private credential file; real server subprocess restarts and serves persisted tasks (5062.565161ms)
✔ CONTEXT AUTH: exact token revoked during owner lock blocks message read and append (1987.874874ms)
✔ PROVENANCE: exact revision, literal snapshot, conversation boundaries and declared scopes (1914.400992ms)
✔ MESSAGES: immutable owned sequence, replay, pagination and restart (2042.199384ms)
✔ PDF render/extract roundtrip, reject fake/encrypted input and escape markup (402.043123ms)
✔ generated PDF signature/extraction and ZIP independent unzip retain exact source bytes (465.926813ms)
✔ generated archives reject traversal, duplicate names, wrong format and byte overflow before tool execution (1.181513ms)
✔ FILE KEY: a previously populated unbound key is never imported (1703.819913ms)
✔ FILE AUTH: expiry during real blob write rejects ready commit, recovery cleans pending bytes (3062.106422ms)
✔ FILE FS BOUNDARY: write failure reserves quota but produces no ready cache, byte quota serializes (1908.396735ms)
✔ FILE STORE IDENTITY: wrong root and missing key fail closed, no replacement key on existing data (1957.651206ms)
✔ FILE RECOVERY: real DB failure after blob fsync, pending hidden and startup conservative cleanup (1912.099782ms)
✔ FILE VALIDATION: paths, MIME, strict UTF-8, oversize, quotas and authenticated corruption failures (2041.812729ms)
✔ FILE PURGING: filesystem failure keeps durable cleanup, restart completes deletion (1979.368408ms)
✔ FILE SOURCE: owner-bound immutable UTF-8 snapshot and purge cascade (1801.665497ms)
✔ FILES PURGE: remove bytes and cascaded context, never resurrect a late reservation (2119.208159ms)
✔ FILES: real encrypted immutable private bytes, owner download and restart (2095.36598ms)
✔ flexible binary transport is owner-scoped, inert and explicitly not universal extraction (2262.075519ms)
✔ HTTP authenticated task persists through application and PostgreSQL restart (2381.78277ms)
✔ native generated file tool commits revision and owner-scoped exact code download (1745.459287ms)
✔ R1 acceptance: pending upload owns shared key, completes once and replays after restart (2177.767329ms)
✔ R1 all generic routes conflict before DB or file side effects; owners remain independent (1822.813949ms)
✔ R1 reverse direction: completed generic key rejects upload before reservation or blob write (1873.29769ms)
✔ R1 DB failure: reservation blocks other routes until recovery, then same request retries once (2098.946654ms)
✔ R1 FS failure: reservation blocks other routes until recovery, then same request retries once (2349.443494ms)
✔ R1 cancelled reservation cannot disturb a replacement completed cache; purge releases only its owner (1916.250165ms)
✔ R1 pending purge releases reservation and leaves another owner same-key cache intact (1926.330566ms)
✔ R1 cancelled upload retry with identical key and body gets a new reservation, old request cannot finalize it (1335.985761ms)
✔ R1 recovery of legacy collision preserves the completed same-owner same-key response (1898.637504ms)
✔ native agent asks city from jobs receipt without browsing and includes discovery safety instructions (2099.73205ms)
✔ jobs source receipt cannot persist after session revocation (1939.057204ms)
✔ cancellation fences uncooperative job providers and does not hang app shutdown (1884.778386ms)
✔ native jobs dispatch completes with original link receipt and no preference interview (1876.856531ms)
✔ Subito adapter is deny-by-default until explicit source-policy review (12.480394ms)
✔ Playwright parser reads only compact listing cards, distinguishes blocks from no matches (310.158233ms)
✔ fixed search URLs and robots policy do not allow login, third parties or forbidden paths (1.619985ms)
✔ portal vacancy carries evidence, UNKNOWN publisher and no-agencies excludes unknown even on cache hit (10.775129ms)
✔ progressive discovery runs search before companies and browser, preserves kinds and exact-URL dedupe (3.731645ms)
✔ sufficient search avoids expensive stages; missing city starts nothing; strict mode excludes unknown (1.399758ms)
✔ native jobs_search accepts intent and an empty city, not arbitrary browser options (1.291889ms)
✔ missing city asks before any source or cache access and cooking infers cuoco (1.05096ms)
✔ natural role/city search shares only canonical metadata with TTL across service instances (54.637508ms)
✔ live searches have one shared lock, fail fast on overlap and rate limit across instances (3.241632ms)
✔ source failure is explicit, never stale/simulated data; privacy and origin filter are strict (2.229981ms)
✔ ambiguous cities do not start a search and invalid budgets fail at construction (0.38122ms)
✔ job receipt cards expose only original HTTPS listing links and escaped labels (262.034678ms)
✔ daily warm cache is bounded to five cities, one role; duplicate daily run does no work (11.757248ms)
✔ Task lifecycle optimistic locking rejects stale/illegal transitions and resumes persisted checkpoint (2431.14476ms)
✔ managed provider uses fixed destinations, bounded tokens, caches MI and parses tools (7.472106ms)
✔ legacy autonomous voice fails closed and opt-in web serves staged native entrypoint (1708.958912ms)
✔ Owner export and purge revoke all sessions and prevent stale worker/direct database resurrection (2214.223331ms)
✔ BYOK secrets bind owner and provider; endpoints cannot redirect credentials (2.507129ms)
✔ Bedrock adapter retains tool IDs and results rather than replacing requested model (0.430983ms)
✔ running BYOK turn is pinned and revoked replacement key fences late provider output (1640.248165ms)
✔ provider routes never return keys; foundry model catalog is complete and paginated (1839.623575ms)
✔ Revoked and expired approval cannot authorize queued dispatch (3060.184337ms)
✔ Ambiguous adapter exception and malformed receipt never retry or expose provider secrets (1804.906251ms)
✔ Expired lease fences old worker; crash executing marker recovers unknown without repeating effect (1926.789733ms)
✔ Cancelled task invalidates queued policy before dispatch (1792.047655ms)
✔ Timeout after synthetic dispatch becomes unknown and a late return cannot overwrite it (1840.779186ms)
✔ Worker revalidates queued revision, session expiry and intent expiry before any call (4743.57895ms)
✔ Purge during in-flight synthetic call waits and late completion cannot recreate records (1404.347693ms)
✔ web search result cannot persist after initiating session is revoked (1669.707005ms)
✔ web_search tool accepts a bounded query and denies injected options (1.034972ms)
✔ Closed query and body schemas, redacted parser/DB errors, expired sessions and cross-owner foreign keys (2462.668566ms)
✔ staged native voice UI binds conversation, stops late connection and provides authenticated file downloads (1214.333352ms)
✔ native policy preserves automatic language following; legacy autonomous voice is retired (1556.106513ms)
✔ failed canonical tool never speaks success and exposes voice run failure (2007.559135ms)
✔ cancelled voice inference is promptly aborted, not merely hidden until provider timeout (1736.919329ms)
✔ provider-observed committed voice input uses native tools, persists once, and continues in text (1955.549465ms)
✔ stop during native inference fences late voice tool completion (1716.621489ms)
✔ speech wait covers the native run deadline rather than silently abandoning at 60 seconds (3.825915ms)
✔ private web login: one-use invite, secure cookie, CSRF, auth and owner isolation (1945.384746ms)
✔ personal invite preview: private, non-consuming, expiring and origin protected (2036.883898ms)
ℹ tests 147
ℹ suites 0
ℹ pass 147
ℹ fail 0
ℹ cancelled 0
ℹ skipped 0
ℹ todo 0
ℹ duration_ms 273874.544743
