✖ native generated file tool commits revision and owner-scoped exact code download (2445.32445ms)
ℹ tests 1
ℹ suites 0
ℹ pass 0
ℹ fail 1
ℹ cancelled 0
ℹ skipped 0
ℹ todo 0
ℹ duration_ms 3593.351619

✖ failing tests:

test at tests/generated-files.test.ts:8:1
✖ native generated file tool commits revision and owner-scoped exact code download (2445.32445ms)
  AssertionError [ERR_ASSERTION]: {"id":"2c218a87-a497-4831-8da0-bf765979e6e0","conversationId":"6f1abff9-2d27-41f4-8193-e61ad8488d64","taskId":"ab5283f3-999f-4ef3-9dba-541e66c2fbcb","status":"failed","modelCalls":1,"toolCalls":0,"error":"tool_denied","createdAt":"2026-09-26T11:55:33.185Z","updatedAt":"2026-09-26T11:55:33.210Z"}
  + actual - expected
  
  + 'failed'
  - 'completed'
  
      at TestContext.<anonymous> (/home/azureuser/nova-community-agent/tests/generated-files.test.ts:14:182)
      at process.processTicksAndRejections (node:internal/process/task_queues:104:5)
      at async Test.run (node:internal/test_runner/test:1409:7)
      at async startSubtestAfterBootstrap (node:internal/test_runner/harness:387:3) {
    generatedMessage: false,
    code: 'ERR_ASSERTION',
    actual: 'failed',
    expected: 'completed',
    operator: 'strictEqual',
    diff: 'simple'
  }
