✖ provider-observed committed voice input uses native tools, persists once, and continues in text (1469.498316ms)
✔ stop during native inference fences late voice tool completion (1662.175333ms)
ℹ tests 2
ℹ suites 0
ℹ pass 1
ℹ fail 1
ℹ cancelled 0
ℹ skipped 0
ℹ todo 0
ℹ duration_ms 3902.849931

✖ failing tests:

test at tests/voice-native.test.ts:5:1
✖ provider-observed committed voice input uses native tools, persists once, and continues in text (1469.498316ms)
  AssertionError [ERR_ASSERTION]: no cancellation when no response exists
  
  true !== false
  
      at TestContext.<anonymous> (/home/azureuser/nova-community-agent/tests/voice-native.test.ts:6:75)
      at process.processTicksAndRejections (node:internal/process/task_queues:104:5)
      at async Test.run (node:internal/test_runner/test:1409:7)
      at async startSubtestAfterBootstrap (node:internal/test_runner/harness:387:3) {
    generatedMessage: false,
    code: 'ERR_ASSERTION',
    actual: true,
    expected: false,
    operator: 'strictEqual',
    diff: 'simple'
  }
