✖ generated PDF signature/extraction and ZIP independent unzip retain exact source bytes (1.667754ms)
✔ generated archives reject traversal, duplicate names, wrong format and byte overflow before tool execution (1.261394ms)
ℹ tests 2
ℹ suites 0
ℹ pass 1
ℹ fail 1
ℹ cancelled 0
ℹ skipped 0
ℹ todo 0
ℹ duration_ms 805.721735

✖ failing tests:

test at tests/file-formats.test.ts:3:1
✖ generated PDF signature/extraction and ZIP independent unzip retain exact source bytes (1.667754ms)
  AssertionError [ERR_ASSERTION]: The "string" argument must be of type string. Received type undefined (undefined)
      at TestContext.<anonymous> (/home/azureuser/nova-community-agent/tests/file-formats.test.ts:4:66)
      at Test.runInAsyncScope (node:async_hooks:226:14)
      at Test.run (node:internal/test_runner/test:1402:25)
      at Test.start (node:internal/test_runner/test:1262:17)
      at startSubtestAfterBootstrap (node:internal/test_runner/harness:387:17) {
    generatedMessage: true,
    code: 'ERR_ASSERTION',
    actual: undefined,
    expected: /empty.*text.*pdf/i,
    operator: 'match',
    diff: 'simple'
  }
