✖ flexible binary transport is owner-scoped, inert and explicitly not universal extraction (1529.012452ms)
✔ provider-observed committed voice input uses native tools, persists once, and continues in text (2186.936393ms)
✔ stop during native inference fences late voice tool completion (1366.941928ms)
ℹ tests 3
ℹ suites 0
ℹ pass 2
ℹ fail 1
ℹ cancelled 0
ℹ skipped 0
ℹ todo 0
ℹ duration_ms 6701.142652

✖ failing tests:

test at tests/flexible-uploads.test.ts:2:1
✖ flexible binary transport is owner-scoped, inert and explicitly not universal extraction (1529.012452ms)
  AssertionError [ERR_ASSERTION]: {"error":"not_found"}
  
  404 !== 201
  
      at TestContext.<anonymous> (/home/azureuser/nova-community-agent/tests/flexible-uploads.test.ts:3:417)
      at process.processTicksAndRejections (node:internal/process/task_queues:104:5)
      at async Test.run (node:internal/test_runner/test:1409:7)
      at async startSubtestAfterBootstrap (node:internal/test_runner/harness:387:3) {
    generatedMessage: false,
    code: 'ERR_ASSERTION',
    actual: 404,
    expected: 201,
    operator: 'strictEqual',
    diff: 'simple'
  }
