✖ provider-observed committed voice input uses native tools, persists once, and continues in text (1676.92126ms)
✖ stop during native inference fences late voice tool completion (1314.662751ms)
ℹ tests 2
ℹ suites 0
ℹ pass 0
ℹ fail 2
ℹ cancelled 0
ℹ skipped 0
ℹ todo 0
ℹ duration_ms 3761.974862

✖ failing tests:

test at tests/voice-native.test.ts:5:1
✖ provider-observed committed voice input uses native tools, persists once, and continues in text (1676.92126ms)
  AssertionError [ERR_ASSERTION]: {"error":"not_found"}
  
  404 !== 201
  
      at TestContext.<anonymous> (/home/azureuser/nova-community-agent/tests/voice-native.test.ts:5:251)
      at process.processTicksAndRejections (node:internal/process/task_queues:104:5)
      at async Test.run (node:internal/test_runner/test:1409:7)
      at async startSubtestAfterBootstrap (node:internal/test_runner/harness:387:3) {
    generatedMessage: false,
    code: 'ERR_ASSERTION',
    actual: 404,
    expected: 201,
    operator: 'strictEqual',
    diff: 'simple'
  }

test at tests/voice-native.test.ts:16:1
✖ stop during native inference fences late voice tool completion (1314.662751ms)
  AssertionError [ERR_ASSERTION]: The expression evaluated to a falsy value:
  
    assert.ok(s.id)
  
      at TestContext.<anonymous> (/home/azureuser/nova-community-agent/tests/voice-native.test.ts:16:229)
      at process.processTicksAndRejections (node:internal/process/task_queues:104:5)
      at async Test.run (node:internal/test_runner/test:1409:7)
      at async Test.processPendingSubtests (node:internal/test_runner/test:974:7) {
    generatedMessage: true,
    code: 'ERR_ASSERTION',
    actual: undefined,
    expected: true,
    operator: '==',
    diff: 'simple'
  }
