✖ legacy autonomous voice fails closed and opt-in web serves staged native entrypoint (1765.939476ms)
ℹ tests 1
ℹ suites 0
ℹ pass 0
ℹ fail 1
ℹ cancelled 0
ℹ skipped 0
ℹ todo 0
ℹ duration_ms 2521.080546

✖ failing tests:

test at tests/native-voice-wiring.test.ts:2:1
✖ legacy autonomous voice fails closed and opt-in web serves staged native entrypoint (1765.939476ms)
  AssertionError [ERR_ASSERTION]: Expected values to be strictly equal:
  
  503 !== 410
  
      at TestContext.<anonymous> (/home/azureuser/nova-community-agent/tests/native-voice-wiring.test.ts:2:494)
      at process.processTicksAndRejections (node:internal/process/task_queues:104:5)
      at async Test.run (node:internal/test_runner/test:1409:7)
      at async startSubtestAfterBootstrap (node:internal/test_runner/harness:387:3) {
    generatedMessage: true,
    code: 'ERR_ASSERTION',
    actual: 503,
    expected: 410,
    operator: 'strictEqual',
    diff: 'simple'
  }
