
> nova-community-agent@0.1.0 test
> tsx --test --test-concurrency=1 tests/*.test.ts

✔ Approval binds exact revision/account/recipient; concurrent consumption yields one durable synthetic effect (1897.118954ms)
✔ NEW project provider env is opt-in, complete, HTTPS-only and ignores unrelated credentials (28.521595ms)
✔ lock-observation invalidation before queued lease error must not emit an unhandled pool error (1879.180611ms)
✔ SIGKILL during real provider await survives PG and API restart as unknown; explicit new turn recovers (2721.210249ms)
✔ corrected behavior: rejected second runtime must not delete first runtime pending upload/reservation (1904.017584ms)
✔ corrected behavior: assistant-generated content must not become a user_supplied source (1744.049957ms)
✔ pending upload namespace blocks turn without losing reservation or invoking model (1662.08566ms)
✔ cancelled generation cannot write after a new run completes; original replay cannot redispatch (1725.093213ms)
✔ a different live session cannot authorize output of the revoked initiating session (1669.776717ms)
✔ entire provider batch is allowlist/schema validated before first mutation (1171.132582ms)
✔ corrected behavior: expiry during canonical writer lock wait must roll back mutation and receipt (2628.864833ms)
✔ receipt insertion failure atomically rolls back canonical revision and outbox; no replay inference (1642.582075ms)
✔ session final validation after actual receipt write wait (3039.001099ms)
✔ session final validation after actual terminal write wait (2712.649638ms)
✔ lease loss during writer wait rolls back; replacement drains the old transaction before recovery (1466.016499ms)
✔ failed storage initialization releases singleton before close and removes client listeners (1374.473216ms)
✔ dedicated client end alone invalidates runtime and cleans listeners (1685.227982ms)
✔ lease loss while file read awaits records unknown before read returns (1631.946587ms)
✔ startup reservation also excludes non-agent file runtime: false (1607.77249ms)
✔ startup reservation also excludes non-agent file runtime: true (1548.602313ms)
✔ lease loss fences held inference, late output and replacement (1886.094737ms)
✔ lease loss fences held inference, late output and cancel (1841.773905ms)
✔ lease loss fences held inference, late output and purge (1936.372687ms)
✔ controlled protocol: automatic tools revise canonical artifact, persist assistant, reopen and replay without inference (2090.748637ms)
✔ fail closed: denied approval (1575.005672ms)
✔ fail closed: prototype tool (1604.609076ms)
✔ fail closed: schema owner injection (1541.186235ms)
✔ fail closed: malformed arguments (1588.106568ms)
✔ fail closed: invalid JSON (1532.055808ms)
✔ fail closed: refusal (1626.437505ms)
✔ fail closed: truncation (1652.583391ms)
✔ fail closed: empty (1380.216855ms)
✔ fail closed: stop with malformed calls (1225.935514ms)
✔ fail closed: oversized (1650.786425ms)
✔ fail closed: http error (1630.96242ms)
✔ question pauses task; explicit answer resumes with file observation, scope checks and terminal receipt (1808.132975ms)
✔ post-provider await fence: cancel (1499.185907ms)
✔ post-provider await fence: revoke (1547.2894ms)
✔ post-provider await fence: expire (1639.569741ms)
✔ post-provider await fence: purge (1569.989227ms)
✔ post-provider await fence: message (1622.958671ms)
✔ post-provider await fence: task (1602.741429ms)
✔ post-provider await fence: artifact (1513.693128ms)
✔ budgets stop loops and response timeout is explicit unknown; no replay retry (4828.428307ms)
✔ restart conservatively fails queued and marks interrupted inference unknown without replay (1549.122736ms)
✔ pluggable provider remains untrusted and uncooperative await is bounded (3235.712614ms)
✔ server-wide active run budget bounds concurrent inference across conversations (1621.482495ms)
✔ tool scope rejects another conversation: read_artifact (1652.768296ms)
✔ tool scope rejects another conversation: update_artifact (1410.237917ms)
✔ tool scope rejects another conversation: read_file (1259.161953ms)
✔ read_artifact observes canonical revision; duplicate tool ID cannot repeat mutation (1698.773127ms)
✔ context byte budget rolls back oversized tool mutation and preflight never calls provider (1632.732789ms)
✔ inference failure after a committed tool preserves its receipt/revision without replay (1663.116255ms)
✔ tool transaction failure rolls back artifact and receipt together (1522.240707ms)
✔ post-file await fence: cancel (1628.576436ms)
✔ post-file await fence: purge (1632.497641ms)
✔ post-file await fence: revoke (1592.1801ms)
✔ one runtime per database rejects a concurrent engine without recovering live work (1519.995795ms)
✔ provider redirects are not followed (1543.913026ms)
✔ Artifact append-only revisions, concurrent conflict and owner-scoped revision export (1941.475586ms)
✔ AUTH-RECHECK expiry mutation: reject stale authentication after owner-lock wait (3918.608665ms)
✔ AUTH-RECHECK expiry replay: reject stale authentication after owner-lock wait (3762.122673ms)
✔ AUTH-RECHECK expiry export: reject stale authentication after owner-lock wait (3812.341491ms)
✔ AUTH-RECHECK expiry purge: reject stale authentication after owner-lock wait (3833.590942ms)
✔ AUTH-RECHECK revoke mutation: reject stale authentication after owner-lock wait (1641.06939ms)
✔ AUTH-RECHECK revoke replay: reject stale authentication after owner-lock wait (1649.885157ms)
✔ AUTH-RECHECK revoke export: reject stale authentication after owner-lock wait (1674.389174ms)
✔ AUTH-RECHECK revoke purge: reject stale authentication after owner-lock wait (1678.868903ms)
✔ AUTH-RECHECK rebind mutation: reject stale authentication after owner-lock wait (1625.323828ms)
✔ AUTH-RECHECK rebind replay: reject stale authentication after owner-lock wait (1775.622898ms)
✔ AUTH-RECHECK rebind export: reject stale authentication after owner-lock wait (1604.241885ms)
✔ AUTH-RECHECK rebind purge: reject stale authentication after owner-lock wait (1689.80508ms)
✔ document endpoints authorize owner, reject wrong formats and return exact saved revision PDF (2121.233046ms)
✔ Local bootstrap CLI writes private credential file; real server subprocess restarts and serves persisted tasks (3322.742638ms)
✔ CONTEXT AUTH: exact token revoked during owner lock blocks message read and append (1939.863049ms)
✔ PROVENANCE: exact revision, literal snapshot, conversation boundaries and declared scopes (2007.70602ms)
✔ MESSAGES: immutable owned sequence, replay, pagination and restart (1882.926501ms)
✔ PDF render/extract roundtrip, reject fake/encrypted input and escape markup (409.653437ms)
✔ FILE KEY: a previously populated unbound key is never imported (1730.843652ms)
✔ FILE AUTH: expiry during real blob write rejects ready commit, recovery cleans pending bytes (3099.404971ms)
✔ FILE FS BOUNDARY: write failure reserves quota but produces no ready cache, byte quota serializes (2150.552246ms)
✔ FILE STORE IDENTITY: wrong root and missing key fail closed, no replacement key on existing data (1914.652527ms)
✔ FILE RECOVERY: real DB failure after blob fsync, pending hidden and startup conservative cleanup (1715.569605ms)
✔ FILE VALIDATION: paths, MIME, strict UTF-8, oversize, quotas and authenticated corruption failures (1824.104643ms)
✔ FILE PURGING: filesystem failure keeps durable cleanup, restart completes deletion (1782.976752ms)
✔ FILE SOURCE: owner-bound immutable UTF-8 snapshot and purge cascade (1547.10362ms)
✔ FILES PURGE: remove bytes and cascaded context, never resurrect a late reservation (1964.67803ms)
✔ FILES: real encrypted immutable private bytes, owner download and restart (1822.136413ms)
✔ HTTP authenticated task persists through application and PostgreSQL restart (2134.978925ms)
✔ R1 acceptance: pending upload owns shared key, completes once and replays after restart (2083.016486ms)
✔ R1 all generic routes conflict before DB or file side effects; owners remain independent (1780.02719ms)
✔ R1 reverse direction: completed generic key rejects upload before reservation or blob write (1657.857878ms)
✔ R1 DB failure: reservation blocks other routes until recovery, then same request retries once (1524.200327ms)
✔ R1 FS failure: reservation blocks other routes until recovery, then same request retries once (1729.071657ms)
✔ R1 cancelled reservation cannot disturb a replacement completed cache; purge releases only its owner (1638.013703ms)
✔ R1 pending purge releases reservation and leaves another owner same-key cache intact (1324.201315ms)
✔ R1 cancelled upload retry with identical key and body gets a new reservation, old request cannot finalize it (1613.06257ms)
✔ R1 recovery of legacy collision preserves the completed same-owner same-key response (1684.902653ms)
✔ Task lifecycle optimistic locking rejects stale/illegal transitions and resumes persisted checkpoint (2190.785354ms)
✔ managed provider uses fixed destinations, bounded tokens, caches MI and parses tools (21.429356ms)
✔ Owner export and purge revoke all sessions and prevent stale worker/direct database resurrection (2077.054091ms)
✔ Revoked and expired approval cannot authorize queued dispatch (2669.441527ms)
✔ Ambiguous adapter exception and malformed receipt never retry or expose provider secrets (1745.789042ms)
✔ Expired lease fences old worker; crash executing marker recovers unknown without repeating effect (1446.529986ms)
✔ Cancelled task invalidates queued policy before dispatch (1633.710864ms)
✔ Timeout after synthetic dispatch becomes unknown and a late return cannot overwrite it (1516.123807ms)
✔ Worker revalidates queued revision, session expiry and intent expiry before any call (4804.803909ms)
✔ Purge during in-flight synthetic call waits and late completion cannot recreate records (1612.356133ms)
✔ web search result cannot persist after initiating session is revoked (2046.02486ms)
✔ web_search tool accepts a bounded query and denies injected options (1.095192ms)
✔ Closed query and body schemas, redacted parser/DB errors, expired sessions and cross-owner foreign keys (1664.114638ms)
✔ private web login: one-use invite, secure cookie, CSRF, auth and owner isolation (1998.70899ms)
ℹ tests 112
ℹ suites 0
ℹ pass 112
ℹ fail 0
ℹ cancelled 0
ℹ skipped 0
ℹ todo 0
ℹ duration_ms 213625.688301
