
> nova-community-agent@0.1.0 test
> tsx --test --test-concurrency=1 tests/*.test.ts

✔ Approval binds exact revision/account/recipient; concurrent consumption yields one durable synthetic effect (1886.675791ms)
✔ NEW project provider env is opt-in, complete, HTTPS-only and ignores unrelated credentials (28.098096ms)
✔ lock-observation invalidation before queued lease error must not emit an unhandled pool error (1807.973801ms)
✔ SIGKILL during real provider await survives PG and API restart as unknown; explicit new turn recovers (2778.733269ms)
✔ corrected behavior: rejected second runtime must not delete first runtime pending upload/reservation (1913.75918ms)
✔ corrected behavior: assistant-generated content must not become a user_supplied source (1358.446552ms)
✔ pending upload namespace blocks turn without losing reservation or invoking model (1599.00329ms)
✔ cancelled generation cannot write after a new run completes; original replay cannot redispatch (1662.673ms)
✔ a different live session cannot authorize output of the revoked initiating session (1672.41749ms)
✔ entire provider batch is allowlist/schema validated before first mutation (1482.564037ms)
✔ corrected behavior: expiry during canonical writer lock wait must roll back mutation and receipt (2789.027184ms)
✔ receipt insertion failure atomically rolls back canonical revision and outbox; no replay inference (1203.295148ms)
✔ session final validation after actual receipt write wait (2995.102091ms)
✔ session final validation after actual terminal write wait (2756.164808ms)
✔ lease loss during writer wait rolls back; replacement drains the old transaction before recovery (1803.609459ms)
✔ failed storage initialization releases singleton before close and removes client listeners (1683.152353ms)
✔ dedicated client end alone invalidates runtime and cleans listeners (1650.554656ms)
✔ lease loss while file read awaits records unknown before read returns (1616.586182ms)
✔ startup reservation also excludes non-agent file runtime: false (1688.585184ms)
✔ startup reservation also excludes non-agent file runtime: true (1683.30697ms)
✔ lease loss fences held inference, late output and replacement (1986.898883ms)
✔ lease loss fences held inference, late output and cancel (1952.290432ms)
✔ lease loss fences held inference, late output and purge (1906.786728ms)
✔ controlled protocol: automatic tools revise canonical artifact, persist assistant, reopen and replay without inference (2122.811029ms)
✔ fail closed: denied approval (1670.083456ms)
✔ fail closed: prototype tool (1545.383058ms)
✔ fail closed: schema owner injection (1876.623799ms)
✔ fail closed: malformed arguments (1556.543016ms)
✔ fail closed: invalid JSON (1559.726296ms)
✔ fail closed: refusal (1545.610323ms)
✔ fail closed: truncation (1319.344215ms)
✔ fail closed: empty (1652.013591ms)
✔ fail closed: stop with malformed calls (1645.787319ms)
✔ fail closed: oversized (1684.33174ms)
✔ fail closed: http error (1666.669669ms)
✔ question pauses task; explicit answer resumes with file observation, scope checks and terminal receipt (1730.257064ms)
✔ post-provider await fence: cancel (1539.666913ms)
✔ post-provider await fence: revoke (1179.847305ms)
✔ post-provider await fence: expire (1568.496397ms)
✔ post-provider await fence: purge (1271.950792ms)
✔ post-provider await fence: message (1602.198161ms)
✔ post-provider await fence: task (1616.207327ms)
✔ post-provider await fence: artifact (1615.493692ms)
✔ budgets stop loops and response timeout is explicit unknown; no replay retry (5022.726538ms)
✔ restart conservatively fails queued and marks interrupted inference unknown without replay (1682.509775ms)
✔ pluggable provider remains untrusted and uncooperative await is bounded (3398.867665ms)
✔ server-wide active run budget bounds concurrent inference across conversations (1618.106258ms)
✔ tool scope rejects another conversation: read_artifact (1533.248759ms)
✔ tool scope rejects another conversation: update_artifact (1554.440342ms)
✔ tool scope rejects another conversation: read_file (1674.169331ms)
✔ read_artifact observes canonical revision; duplicate tool ID cannot repeat mutation (1609.882914ms)
✔ context byte budget rolls back oversized tool mutation and preflight never calls provider (1554.519221ms)
✔ inference failure after a committed tool preserves its receipt/revision without replay (1634.509897ms)
✔ tool transaction failure rolls back artifact and receipt together (1245.4176ms)
✔ post-file await fence: cancel (1629.693123ms)
✔ post-file await fence: purge (1633.547657ms)
✔ post-file await fence: revoke (1646.45589ms)
✔ one runtime per database rejects a concurrent engine without recovering live work (1492.416381ms)
✔ provider redirects are not followed (1628.675488ms)
✔ Artifact append-only revisions, concurrent conflict and owner-scoped revision export (2020.951494ms)
✔ AUTH-RECHECK expiry mutation: reject stale authentication after owner-lock wait (3874.677325ms)
✔ AUTH-RECHECK expiry replay: reject stale authentication after owner-lock wait (3808.882241ms)
✔ AUTH-RECHECK expiry export: reject stale authentication after owner-lock wait (3723.327393ms)
✔ AUTH-RECHECK expiry purge: reject stale authentication after owner-lock wait (3726.366238ms)
✔ AUTH-RECHECK revoke mutation: reject stale authentication after owner-lock wait (1730.518224ms)
✔ AUTH-RECHECK revoke replay: reject stale authentication after owner-lock wait (1672.040565ms)
✔ AUTH-RECHECK revoke export: reject stale authentication after owner-lock wait (1553.535718ms)
✔ AUTH-RECHECK revoke purge: reject stale authentication after owner-lock wait (1735.037465ms)
✔ AUTH-RECHECK rebind mutation: reject stale authentication after owner-lock wait (1570.956565ms)
✔ AUTH-RECHECK rebind replay: reject stale authentication after owner-lock wait (1703.434212ms)
✔ AUTH-RECHECK rebind export: reject stale authentication after owner-lock wait (1654.426355ms)
✔ AUTH-RECHECK rebind purge: reject stale authentication after owner-lock wait (1671.400435ms)
✔ document endpoints authorize owner, reject wrong formats and return exact saved revision PDF (2485.114726ms)
✔ Local bootstrap CLI writes private credential file; real server subprocess restarts and serves persisted tasks (3242.892552ms)
✔ CONTEXT AUTH: exact token revoked during owner lock blocks message read and append (1863.840533ms)
✔ PROVENANCE: exact revision, literal snapshot, conversation boundaries and declared scopes (1904.758258ms)
✔ MESSAGES: immutable owned sequence, replay, pagination and restart (1852.38779ms)
✔ PDF render/extract roundtrip, reject fake/encrypted input and escape markup (419.141059ms)
✔ FILE KEY: a previously populated unbound key is never imported (1711.847666ms)
✔ FILE AUTH: expiry during real blob write rejects ready commit, recovery cleans pending bytes (2969.041437ms)
✔ FILE FS BOUNDARY: write failure reserves quota but produces no ready cache, byte quota serializes (2027.320352ms)
✔ FILE STORE IDENTITY: wrong root and missing key fail closed, no replacement key on existing data (1487.935244ms)
✔ FILE RECOVERY: real DB failure after blob fsync, pending hidden and startup conservative cleanup (1762.329477ms)
✔ FILE VALIDATION: paths, MIME, strict UTF-8, oversize, quotas and authenticated corruption failures (1879.537619ms)
✔ FILE PURGING: filesystem failure keeps durable cleanup, restart completes deletion (1829.563746ms)
✔ FILE SOURCE: owner-bound immutable UTF-8 snapshot and purge cascade (1565.305553ms)
✔ FILES PURGE: remove bytes and cascaded context, never resurrect a late reservation (1916.327315ms)
✔ FILES: real encrypted immutable private bytes, owner download and restart (1828.520938ms)
✔ HTTP authenticated task persists through application and PostgreSQL restart (2139.022167ms)
✔ R1 acceptance: pending upload owns shared key, completes once and replays after restart (2139.727557ms)
✔ R1 all generic routes conflict before DB or file side effects; owners remain independent (1681.669723ms)
✔ R1 reverse direction: completed generic key rejects upload before reservation or blob write (1225.954837ms)
✔ R1 DB failure: reservation blocks other routes until recovery, then same request retries once (1876.286238ms)
✔ R1 FS failure: reservation blocks other routes until recovery, then same request retries once (1752.42536ms)
✔ R1 cancelled reservation cannot disturb a replacement completed cache; purge releases only its owner (1665.722729ms)
✔ R1 pending purge releases reservation and leaves another owner same-key cache intact (1648.179443ms)
✔ R1 cancelled upload retry with identical key and body gets a new reservation, old request cannot finalize it (1560.072892ms)
✔ R1 recovery of legacy collision preserves the completed same-owner same-key response (1752.482323ms)
✔ Task lifecycle optimistic locking rejects stale/illegal transitions and resumes persisted checkpoint (1832.19259ms)
✔ managed provider uses fixed destinations, bounded tokens, caches MI and parses tools (23.258757ms)
✔ Owner export and purge revoke all sessions and prevent stale worker/direct database resurrection (2196.731455ms)
✔ Revoked and expired approval cannot authorize queued dispatch (3015.14367ms)
✔ Ambiguous adapter exception and malformed receipt never retry or expose provider secrets (1767.721868ms)
✔ Expired lease fences old worker; crash executing marker recovers unknown without repeating effect (1757.338218ms)
✔ Cancelled task invalidates queued policy before dispatch (1581.209863ms)
✔ Timeout after synthetic dispatch becomes unknown and a late return cannot overwrite it (1530.642526ms)
✔ Worker revalidates queued revision, session expiry and intent expiry before any call (4844.979186ms)
✔ Purge during in-flight synthetic call waits and late completion cannot recreate records (1658.808019ms)
✔ web search result cannot persist after initiating session is revoked (1833.990147ms)
✔ web_search tool accepts a bounded query and denies injected options (1.062538ms)
✔ Closed query and body schemas, redacted parser/DB errors, expired sessions and cross-owner foreign keys (1912.527365ms)
✔ private web login: one-use invite, secure cookie, CSRF, auth and owner isolation (1845.821916ms)
ℹ tests 112
ℹ suites 0
ℹ pass 112
ℹ fail 0
ℹ cancelled 0
ℹ skipped 0
ℹ todo 0
ℹ duration_ms 214608.431239
