node:internal/modules/esm/resolve:272
    throw new ERR_MODULE_NOT_FOUND(
          ^

Error [ERR_MODULE_NOT_FOUND]: Cannot find module '/home/azureuser/nova-community-agent/src/documents.ts' imported from /home/azureuser/nova-community-agent/tests/documents.test.ts
    at finalizeResolution (node:internal/modules/esm/resolve:272:11)
    at moduleResolve (node:internal/modules/esm/resolve:879:10)
    at defaultResolve (node:internal/modules/esm/resolve:1006:11)
    at #cachedDefaultResolve (node:internal/modules/esm/loader:708:20)
    at #resolveAndMaybeBlockOnLoaderThread (node:internal/modules/esm/loader:728:38)
    at nextStep (node:internal/modules/customization_hooks:189:26)
    at resolveBaseSync (file:///home/azureuser/nova-community-agent/node_modules/tsx/dist/register-nyXW-TH3.mjs:2:11092)
    at resolveDirectorySync (file:///home/azureuser/nova-community-agent/node_modules/tsx/dist/register-nyXW-TH3.mjs:2:12398)
    at resolveTsPathsSync (file:///home/azureuser/nova-community-agent/node_modules/tsx/dist/register-nyXW-TH3.mjs:2:13605)
    at resolve (file:///home/azureuser/nova-community-agent/node_modules/tsx/dist/register-nyXW-TH3.mjs:2:16832) {
  code: 'ERR_MODULE_NOT_FOUND',
  url: 'file:///home/azureuser/nova-community-agent/src/documents.ts'
}

Node.js v26.8.2
✖ tests/documents.test.ts (141.373604ms)
ℹ tests 1
ℹ suites 0
ℹ pass 0
ℹ fail 1
ℹ cancelled 0
ℹ skipped 0
ℹ todo 0
ℹ duration_ms 149.884465

✖ failing tests:

test at tests/documents.test.ts:1:1
✖ tests/documents.test.ts (141.373604ms)
  'test failed'
