
> nova-community-agent@0.1.0 test
> tsx --test --test-concurrency=1 tests/*.test.ts

✔ Approval binds exact revision/account/recipient; concurrent consumption yields one durable synthetic effect (1796.078688ms)
✔ NEW project provider env is opt-in, complete, HTTPS-only and ignores unrelated credentials (27.589745ms)
✔ lock-observation invalidation before queued lease error must not emit an unhandled pool error (1891.561498ms)
✔ SIGKILL during real provider await survives PG and API restart as unknown; explicit new turn recovers (2803.593541ms)
✔ corrected behavior: rejected second runtime must not delete first runtime pending upload/reservation (1946.867285ms)
✔ corrected behavior: assistant-generated content must not become a user_supplied source (1597.711371ms)
✔ pending upload namespace blocks turn without losing reservation or invoking model (1691.194947ms)
✔ cancelled generation cannot write after a new run completes; original replay cannot redispatch (1856.436475ms)
✔ a different live session cannot authorize output of the revoked initiating session (1561.344232ms)
✔ entire provider batch is allowlist/schema validated before first mutation (1577.167861ms)
✔ corrected behavior: expiry during canonical writer lock wait must roll back mutation and receipt (2692.614101ms)
✔ receipt insertion failure atomically rolls back canonical revision and outbox; no replay inference (1686.045086ms)
✔ session final validation after actual receipt write wait (3014.04772ms)
✔ session final validation after actual terminal write wait (2748.566804ms)
✔ lease loss during writer wait rolls back; replacement drains the old transaction before recovery (1805.80694ms)
✔ failed storage initialization releases singleton before close and removes client listeners (1715.595075ms)
✔ dedicated client end alone invalidates runtime and cleans listeners (1679.760231ms)
✔ lease loss while file read awaits records unknown before read returns (1542.502437ms)
✔ startup reservation also excludes non-agent file runtime: false (1570.218344ms)
✔ startup reservation also excludes non-agent file runtime: true (1563.534305ms)
✔ lease loss fences held inference, late output and replacement (1822.000981ms)
✔ lease loss fences held inference, late output and cancel (1564.314016ms)
✔ lease loss fences held inference, late output and purge (1931.264599ms)
✔ controlled protocol: automatic tools revise canonical artifact, persist assistant, reopen and replay without inference (2060.051156ms)
✔ fail closed: denied approval (1645.124736ms)
✔ fail closed: prototype tool (1638.481462ms)
✔ fail closed: schema owner injection (1633.507278ms)
✔ fail closed: malformed arguments (1683.631991ms)
✔ fail closed: invalid JSON (1625.587162ms)
✔ fail closed: refusal (1685.294163ms)
✔ fail closed: truncation (1616.428788ms)
✔ fail closed: empty (1657.836546ms)
✔ fail closed: stop with malformed calls (1424.897946ms)
✔ fail closed: oversized (1665.460822ms)
✔ fail closed: http error (1551.228491ms)
✔ question pauses task; explicit answer resumes with file observation, scope checks and terminal receipt (1708.631312ms)
✔ post-provider await fence: cancel (1592.189316ms)
✔ post-provider await fence: revoke (1648.677687ms)
✔ post-provider await fence: expire (1556.758683ms)
✔ post-provider await fence: purge (1226.004794ms)
✔ post-provider await fence: message (1541.98363ms)
✔ post-provider await fence: task (1672.398969ms)
✔ post-provider await fence: artifact (1720.491652ms)
✔ budgets stop loops and response timeout is explicit unknown; no replay retry (4965.933786ms)
✔ restart conservatively fails queued and marks interrupted inference unknown without replay (1577.281943ms)
✔ pluggable provider remains untrusted and uncooperative await is bounded (3125.244281ms)
✔ server-wide active run budget bounds concurrent inference across conversations (1265.600945ms)
✔ tool scope rejects another conversation: read_artifact (1634.994901ms)
✔ tool scope rejects another conversation: update_artifact (1567.34824ms)
✔ tool scope rejects another conversation: read_file (1179.550886ms)
✔ read_artifact observes canonical revision; duplicate tool ID cannot repeat mutation (1589.909131ms)
✔ context byte budget rolls back oversized tool mutation and preflight never calls provider (1721.703537ms)
✔ inference failure after a committed tool preserves its receipt/revision without replay (1710.082987ms)
✔ tool transaction failure rolls back artifact and receipt together (1612.32496ms)
✔ post-file await fence: cancel (1534.670874ms)
✔ post-file await fence: purge (1449.233745ms)
✔ post-file await fence: revoke (1614.579771ms)
✔ one runtime per database rejects a concurrent engine without recovering live work (1513.415591ms)
✔ provider redirects are not followed (1552.70821ms)
✔ Artifact append-only revisions, concurrent conflict and owner-scoped revision export (1849.759417ms)
✔ AUTH-RECHECK expiry mutation: reject stale authentication after owner-lock wait (4058.578148ms)
✔ AUTH-RECHECK expiry replay: reject stale authentication after owner-lock wait (3822.630596ms)
✔ AUTH-RECHECK expiry export: reject stale authentication after owner-lock wait (3761.180654ms)
✔ AUTH-RECHECK expiry purge: reject stale authentication after owner-lock wait (3755.727084ms)
✔ AUTH-RECHECK revoke mutation: reject stale authentication after owner-lock wait (1676.447522ms)
✔ AUTH-RECHECK revoke replay: reject stale authentication after owner-lock wait (1633.637354ms)
✔ AUTH-RECHECK revoke export: reject stale authentication after owner-lock wait (1719.731954ms)
✔ AUTH-RECHECK revoke purge: reject stale authentication after owner-lock wait (1657.310112ms)
✔ AUTH-RECHECK rebind mutation: reject stale authentication after owner-lock wait (1214.954191ms)
✔ AUTH-RECHECK rebind replay: reject stale authentication after owner-lock wait (1623.343999ms)
✔ AUTH-RECHECK rebind export: reject stale authentication after owner-lock wait (1564.062954ms)
✔ AUTH-RECHECK rebind purge: reject stale authentication after owner-lock wait (1559.219821ms)
✔ document endpoints authorize owner, reject wrong formats and return exact saved revision PDF (2447.243294ms)
✔ Local bootstrap CLI writes private credential file; real server subprocess restarts and serves persisted tasks (3299.657067ms)
✔ CONTEXT AUTH: exact token revoked during owner lock blocks message read and append (1879.498467ms)
✔ PROVENANCE: exact revision, literal snapshot, conversation boundaries and declared scopes (2052.786195ms)
✔ MESSAGES: immutable owned sequence, replay, pagination and restart (2074.027986ms)
✔ PDF render/extract roundtrip, reject fake/encrypted input and escape markup (408.415989ms)
✔ FILE KEY: a previously populated unbound key is never imported (1826.999903ms)
✔ FILE AUTH: expiry during real blob write rejects ready commit, recovery cleans pending bytes (3059.885564ms)
✔ FILE FS BOUNDARY: write failure reserves quota but produces no ready cache, byte quota serializes (2077.911726ms)
✔ FILE STORE IDENTITY: wrong root and missing key fail closed, no replacement key on existing data (1747.393942ms)
✔ FILE RECOVERY: real DB failure after blob fsync, pending hidden and startup conservative cleanup (1850.786391ms)
✔ FILE VALIDATION: paths, MIME, strict UTF-8, oversize, quotas and authenticated corruption failures (1465.276787ms)
✔ FILE PURGING: filesystem failure keeps durable cleanup, restart completes deletion (1719.155351ms)
✔ FILE SOURCE: owner-bound immutable UTF-8 snapshot and purge cascade (1710.017553ms)
✔ FILES PURGE: remove bytes and cascaded context, never resurrect a late reservation (1961.514318ms)
✔ FILES: real encrypted immutable private bytes, owner download and restart (1811.380501ms)
✔ HTTP authenticated task persists through application and PostgreSQL restart (2088.125582ms)
✔ R1 acceptance: pending upload owns shared key, completes once and replays after restart (2021.531533ms)
✔ R1 all generic routes conflict before DB or file side effects; owners remain independent (1643.846841ms)
✔ R1 reverse direction: completed generic key rejects upload before reservation or blob write (1535.572923ms)
✔ R1 DB failure: reservation blocks other routes until recovery, then same request retries once (1761.324594ms)
✔ R1 FS failure: reservation blocks other routes until recovery, then same request retries once (1754.205972ms)
✔ R1 cancelled reservation cannot disturb a replacement completed cache; purge releases only its owner (1606.097824ms)
✔ R1 pending purge releases reservation and leaves another owner same-key cache intact (1601.924264ms)
✔ R1 cancelled upload retry with identical key and body gets a new reservation, old request cannot finalize it (1558.738588ms)
✔ R1 recovery of legacy collision preserves the completed same-owner same-key response (1851.192254ms)
✔ Task lifecycle optimistic locking rejects stale/illegal transitions and resumes persisted checkpoint (2068.92217ms)
✔ managed provider uses fixed destinations, bounded tokens, caches MI and parses tools (21.839428ms)
✔ Owner export and purge revoke all sessions and prevent stale worker/direct database resurrection (2322.816742ms)
✔ Revoked and expired approval cannot authorize queued dispatch (2739.348477ms)
✔ Ambiguous adapter exception and malformed receipt never retry or expose provider secrets (1797.923683ms)
✔ Expired lease fences old worker; crash executing marker recovers unknown without repeating effect (1847.941489ms)
✔ Cancelled task invalidates queued policy before dispatch (1684.434174ms)
✔ Timeout after synthetic dispatch becomes unknown and a late return cannot overwrite it (1691.739643ms)
✔ Worker revalidates queued revision, session expiry and intent expiry before any call (5010.005027ms)
✔ Purge during in-flight synthetic call waits and late completion cannot recreate records (1605.876198ms)
✔ web search result cannot persist after initiating session is revoked (2026.255307ms)
✔ web_search tool accepts a bounded query and denies injected options (1.143272ms)
✔ Closed query and body schemas, redacted parser/DB errors, expired sessions and cross-owner foreign keys (2061.944554ms)
✔ private web login: one-use invite, secure cookie, CSRF, auth and owner isolation (1830.335317ms)
ℹ tests 112
ℹ suites 0
ℹ pass 112
ℹ fail 0
ℹ cancelled 0
ℹ skipped 0
ℹ todo 0
ℹ duration_ms 215378.648619
