
> nova-community-agent@0.1.0 test
> tsx --test --test-concurrency=1 tests/*.test.ts

✔ Approval binds exact revision/account/recipient; concurrent consumption yields one durable synthetic effect (1967.42207ms)
✔ NEW project provider env is opt-in, complete, HTTPS-only and ignores unrelated credentials (28.864776ms)
✔ lock-observation invalidation before queued lease error must not emit an unhandled pool error (1449.818879ms)
✔ SIGKILL during real provider await survives PG and API restart as unknown; explicit new turn recovers (2829.984289ms)
✔ corrected behavior: rejected second runtime must not delete first runtime pending upload/reservation (1903.469995ms)
✔ corrected behavior: assistant-generated content must not become a user_supplied source (1734.216534ms)
✔ pending upload namespace blocks turn without losing reservation or invoking model (1685.86199ms)
✔ cancelled generation cannot write after a new run completes; original replay cannot redispatch (1869.627917ms)
✔ a different live session cannot authorize output of the revoked initiating session (1529.064474ms)
✔ entire provider batch is allowlist/schema validated before first mutation (1768.724981ms)
✔ corrected behavior: expiry during canonical writer lock wait must roll back mutation and receipt (2659.126707ms)
✔ receipt insertion failure atomically rolls back canonical revision and outbox; no replay inference (1601.795494ms)
✔ session final validation after actual receipt write wait (2908.406388ms)
✔ session final validation after actual terminal write wait (2731.236423ms)
✔ lease loss during writer wait rolls back; replacement drains the old transaction before recovery (1694.293382ms)
✔ failed storage initialization releases singleton before close and removes client listeners (1673.126651ms)
✔ dedicated client end alone invalidates runtime and cleans listeners (1629.647076ms)
✔ lease loss while file read awaits records unknown before read returns (1972.058791ms)
✔ startup reservation also excludes non-agent file runtime: false (1636.963705ms)
✔ startup reservation also excludes non-agent file runtime: true (1614.970889ms)
✔ lease loss fences held inference, late output and replacement (1902.118068ms)
✔ lease loss fences held inference, late output and cancel (1902.136239ms)
✔ lease loss fences held inference, late output and purge (1957.702175ms)
✔ controlled protocol: automatic tools revise canonical artifact, persist assistant, reopen and replay without inference (2143.249967ms)
✔ fail closed: denied approval (1683.817382ms)
✔ fail closed: prototype tool (1692.408008ms)
✔ fail closed: schema owner injection (1557.932683ms)
✔ fail closed: malformed arguments (1634.826835ms)
✔ fail closed: invalid JSON (1719.820105ms)
✔ fail closed: refusal (1689.0134ms)
✔ fail closed: truncation (1589.84817ms)
✔ fail closed: empty (1247.143939ms)
✔ fail closed: stop with malformed calls (1703.704753ms)
✔ fail closed: oversized (1504.078987ms)
✔ fail closed: http error (1681.831872ms)
✔ question pauses task; explicit answer resumes with file observation, scope checks and terminal receipt (1717.694285ms)
✔ post-provider await fence: cancel (1665.313825ms)
✔ post-provider await fence: revoke (1674.593533ms)
✔ post-provider await fence: expire (1657.631525ms)
✔ post-provider await fence: purge (1549.457128ms)
✔ post-provider await fence: message (1625.602379ms)
✔ post-provider await fence: task (1684.31765ms)
✔ post-provider await fence: artifact (1701.076795ms)
✔ budgets stop loops and response timeout is explicit unknown; no replay retry (4955.512807ms)
✔ restart conservatively fails queued and marks interrupted inference unknown without replay (1683.738368ms)
✔ pluggable provider remains untrusted and uncooperative await is bounded (3333.429045ms)
✔ server-wide active run budget bounds concurrent inference across conversations (1257.172162ms)
✔ tool scope rejects another conversation: read_artifact (1730.162243ms)
✔ tool scope rejects another conversation: update_artifact (1184.73019ms)
✔ tool scope rejects another conversation: read_file (1681.77224ms)
✔ read_artifact observes canonical revision; duplicate tool ID cannot repeat mutation (1701.464402ms)
✔ context byte budget rolls back oversized tool mutation and preflight never calls provider (1540.845357ms)
✔ inference failure after a committed tool preserves its receipt/revision without replay (1551.42195ms)
✔ tool transaction failure rolls back artifact and receipt together (1509.259643ms)
✔ post-file await fence: cancel (1602.719196ms)
✔ post-file await fence: purge (1680.159199ms)
✔ post-file await fence: revoke (1527.202487ms)
✔ one runtime per database rejects a concurrent engine without recovering live work (1569.059971ms)
✔ provider redirects are not followed (1686.159688ms)
✔ Artifact append-only revisions, concurrent conflict and owner-scoped revision export (1899.8857ms)
✔ AUTH-RECHECK expiry mutation: reject stale authentication after owner-lock wait (4040.800522ms)
✔ AUTH-RECHECK expiry replay: reject stale authentication after owner-lock wait (3826.565989ms)
✔ AUTH-RECHECK expiry export: reject stale authentication after owner-lock wait (3453.577044ms)
✔ AUTH-RECHECK expiry purge: reject stale authentication after owner-lock wait (3756.929511ms)
✔ AUTH-RECHECK revoke mutation: reject stale authentication after owner-lock wait (1695.150561ms)
✔ AUTH-RECHECK revoke replay: reject stale authentication after owner-lock wait (1597.318013ms)
✔ AUTH-RECHECK revoke export: reject stale authentication after owner-lock wait (1575.518216ms)
✔ AUTH-RECHECK revoke purge: reject stale authentication after owner-lock wait (1515.361656ms)
✔ AUTH-RECHECK rebind mutation: reject stale authentication after owner-lock wait (1688.009887ms)
✔ AUTH-RECHECK rebind replay: reject stale authentication after owner-lock wait (1604.621173ms)
✔ AUTH-RECHECK rebind export: reject stale authentication after owner-lock wait (1598.447657ms)
✔ AUTH-RECHECK rebind purge: reject stale authentication after owner-lock wait (1782.627834ms)
✔ document endpoints authorize owner, reject wrong formats and return exact saved revision PDF (2412.956054ms)
✔ Local bootstrap CLI writes private credential file; real server subprocess restarts and serves persisted tasks (3354.755525ms)
✔ CONTEXT AUTH: exact token revoked during owner lock blocks message read and append (1866.832481ms)
✔ PROVENANCE: exact revision, literal snapshot, conversation boundaries and declared scopes (2053.853513ms)
✔ MESSAGES: immutable owned sequence, replay, pagination and restart (1876.529415ms)
✔ PDF render/extract roundtrip, reject fake/encrypted input and escape markup (419.01005ms)
✔ FILE KEY: a previously populated unbound key is never imported (1495.62155ms)
✔ FILE AUTH: expiry during real blob write rejects ready commit, recovery cleans pending bytes (3069.277545ms)
✔ FILE FS BOUNDARY: write failure reserves quota but produces no ready cache, byte quota serializes (2048.184142ms)
✔ FILE STORE IDENTITY: wrong root and missing key fail closed, no replacement key on existing data (1890.089067ms)
✔ FILE RECOVERY: real DB failure after blob fsync, pending hidden and startup conservative cleanup (1826.138255ms)
✔ FILE VALIDATION: paths, MIME, strict UTF-8, oversize, quotas and authenticated corruption failures (1864.057986ms)
✔ FILE PURGING: filesystem failure keeps durable cleanup, restart completes deletion (1818.779295ms)
✔ FILE SOURCE: owner-bound immutable UTF-8 snapshot and purge cascade (1687.06061ms)
✔ FILES PURGE: remove bytes and cascaded context, never resurrect a late reservation (1835.055175ms)
✔ FILES: real encrypted immutable private bytes, owner download and restart (1859.551022ms)
✔ HTTP authenticated task persists through application and PostgreSQL restart (2109.356781ms)
✔ R1 acceptance: pending upload owns shared key, completes once and replays after restart (2066.944246ms)
✔ R1 all generic routes conflict before DB or file side effects; owners remain independent (1755.849774ms)
✔ R1 reverse direction: completed generic key rejects upload before reservation or blob write (1580.294451ms)
✔ R1 DB failure: reservation blocks other routes until recovery, then same request retries once (1825.175625ms)
✔ R1 FS failure: reservation blocks other routes until recovery, then same request retries once (1853.177821ms)
✔ R1 cancelled reservation cannot disturb a replacement completed cache; purge releases only its owner (1618.608655ms)
✔ R1 pending purge releases reservation and leaves another owner same-key cache intact (1549.596569ms)
✔ R1 cancelled upload retry with identical key and body gets a new reservation, old request cannot finalize it (1656.068093ms)
✔ R1 recovery of legacy collision preserves the completed same-owner same-key response (1783.238693ms)
✔ Task lifecycle optimistic locking rejects stale/illegal transitions and resumes persisted checkpoint (2153.516955ms)
✔ managed provider uses fixed destinations, bounded tokens, caches MI and parses tools (22.222959ms)
✔ Owner export and purge revoke all sessions and prevent stale worker/direct database resurrection (2232.235729ms)
✔ BYOK secrets bind owner and provider; endpoints cannot redirect credentials (2.656718ms)
✔ Bedrock adapter retains tool IDs and results rather than replacing requested model (0.447722ms)
✔ running BYOK turn is pinned and revoked replacement key fences late provider output (1793.580152ms)
✔ provider routes never return keys; foundry model catalog is complete and paginated (2062.028356ms)
✔ Revoked and expired approval cannot authorize queued dispatch (3045.462452ms)
✔ Ambiguous adapter exception and malformed receipt never retry or expose provider secrets (1786.869065ms)
✔ Expired lease fences old worker; crash executing marker recovers unknown without repeating effect (1834.819912ms)
✔ Cancelled task invalidates queued policy before dispatch (1753.061291ms)
✔ Timeout after synthetic dispatch becomes unknown and a late return cannot overwrite it (1727.547759ms)
✔ Worker revalidates queued revision, session expiry and intent expiry before any call (4676.732665ms)
✔ Purge during in-flight synthetic call waits and late completion cannot recreate records (1678.038362ms)
✔ web search result cannot persist after initiating session is revoked (2018.565296ms)
✔ web_search tool accepts a bounded query and denies injected options (1.093252ms)
✔ Closed query and body schemas, redacted parser/DB errors, expired sessions and cross-owner foreign keys (1739.329668ms)
✔ voice defaults to adaptive language and UI preference does not lock later turns (1575.92297ms)
✔ private web login: one-use invite, secure cookie, CSRF, auth and owner isolation (1946.254571ms)
ℹ tests 117
ℹ suites 0
ℹ pass 117
ℹ fail 0
ℹ cancelled 0
ℹ skipped 0
ℹ todo 0
ℹ duration_ms 223953.726131
