{"case":"AUTH-EXPIRY-mutation","observedHttpStatus":401,"ownerStatus":"active","lateWrites":0}
✔ AUTH-EXPIRY mutation: session must still be fresh after owner-lock wait (3368.288898ms)
{"case":"AUTH-EXPIRY-export","observedHttpStatus":401,"ownerStatus":"active","lateWrites":0}
✔ AUTH-EXPIRY export: session must still be fresh after owner-lock wait (3539.266652ms)
{"case":"AUTH-EXPIRY-purge","observedHttpStatus":401,"ownerStatus":"active","lateWrites":0}
✔ AUTH-EXPIRY purge: session must still be fresh after owner-lock wait (3556.504244ms)
{"case":"AUTH-REVOKE-mutation","observedHttpStatus":401,"ownerStatus":"active"}
✔ AUTH-REVOKE mutation: revoked session cannot survive owner-lock wait (1034.530813ms)
{"case":"AUTH-REVOKE-export","observedHttpStatus":401,"ownerStatus":"active"}
✔ AUTH-REVOKE export: revoked session cannot survive owner-lock wait (1436.52959ms)
{"case":"AUTH-REVOKE-purge","observedHttpStatus":401,"ownerStatus":"active"}
✔ AUTH-REVOKE purge: revoked session cannot survive owner-lock wait (1411.094292ms)
✔ CONTROL: owner-scoped idempotency canonical replay, conflict and cross-owner execution/revocation (1404.140807ms)
✔ CONTROL: actual DB connection termination after synthetic I/O recovers unknown without resend (1388.368572ms)
✔ CONTROL: revocation, cancellation and revision wait behind real in-flight owner lock (4383.996455ms)
✔ CONTROL: purge after timed-out uncooperative adapter blocks late persistence and replay (1425.403138ms)
ℹ tests 10
ℹ suites 0
ℹ pass 10
ℹ fail 0
ℹ cancelled 0
ℹ skipped 0
ℹ todo 0
ℹ duration_ms 23232.257542

EXIT_CODE=0
