
> nova-community-agent@0.1.0 test
> tsx --test --test-concurrency=1 tests/*.test.ts

✔ Approval binds exact revision/account/recipient; concurrent consumption yields one durable synthetic effect (1765.555601ms)
✔ NEW project provider env is opt-in, complete, HTTPS-only and ignores unrelated credentials (29.946788ms)
✔ lock-observation invalidation before queued lease error must not emit an unhandled pool error (1923.685959ms)
✔ SIGKILL during real provider await survives PG and API restart as unknown; explicit new turn recovers (2907.952169ms)
✔ corrected behavior: rejected second runtime must not delete first runtime pending upload/reservation (1931.27572ms)
✔ corrected behavior: assistant-generated content must not become a user_supplied source (1743.925056ms)
✔ pending upload namespace blocks turn without losing reservation or invoking model (1721.976013ms)
✔ cancelled generation cannot write after a new run completes; original replay cannot redispatch (1858.934003ms)
✔ a different live session cannot authorize output of the revoked initiating session (1700.415308ms)
✔ entire provider batch is allowlist/schema validated before first mutation (1631.268807ms)
✔ corrected behavior: expiry during canonical writer lock wait must roll back mutation and receipt (2814.950072ms)
✔ receipt insertion failure atomically rolls back canonical revision and outbox; no replay inference (1321.204968ms)
✔ session final validation after actual receipt write wait (2568.394917ms)
✔ session final validation after actual terminal write wait (2901.682541ms)
✔ lease loss during writer wait rolls back; replacement drains the old transaction before recovery (1786.609588ms)
✔ failed storage initialization releases singleton before close and removes client listeners (1903.004274ms)
✔ dedicated client end alone invalidates runtime and cleans listeners (1591.737657ms)
✔ lease loss while file read awaits records unknown before read returns (1754.441933ms)
✔ startup reservation also excludes non-agent file runtime: false (1639.426412ms)
✔ startup reservation also excludes non-agent file runtime: true (1657.43617ms)
✔ lease loss fences held inference, late output and replacement (1993.696137ms)
✔ lease loss fences held inference, late output and cancel (1828.274356ms)
✔ lease loss fences held inference, late output and purge (1976.932607ms)
✔ controlled protocol: automatic tools revise canonical artifact, persist assistant, reopen and replay without inference (2054.530066ms)
✔ fail closed: denied approval (1629.419844ms)
✔ fail closed: prototype tool (1729.715661ms)
✔ fail closed: schema owner injection (1548.311786ms)
✔ fail closed: malformed arguments (1563.043043ms)
✔ fail closed: invalid JSON (1245.288144ms)
✔ fail closed: refusal (1587.046664ms)
✔ fail closed: truncation (1675.11373ms)
✔ fail closed: empty (1663.99217ms)
✔ fail closed: stop with malformed calls (1660.227332ms)
✔ fail closed: oversized (1683.056826ms)
✔ fail closed: http error (1612.51676ms)
✔ question pauses task; explicit answer resumes with file observation, scope checks and terminal receipt (1817.238231ms)
✔ post-provider await fence: cancel (1774.469414ms)
✔ post-provider await fence: revoke (1670.26548ms)
✔ post-provider await fence: expire (1666.24265ms)
✔ post-provider await fence: purge (1599.626327ms)
✔ post-provider await fence: message (1536.214901ms)
✔ post-provider await fence: task (1650.828377ms)
✔ post-provider await fence: artifact (1638.480483ms)
✔ budgets stop loops and response timeout is explicit unknown; no replay retry (5039.232055ms)
✔ restart conservatively fails queued and marks interrupted inference unknown without replay (1248.515739ms)
✔ pluggable provider remains untrusted and uncooperative await is bounded (3352.075051ms)
✔ server-wide active run budget bounds concurrent inference across conversations (1576.385025ms)
✔ tool scope rejects another conversation: read_artifact (1584.131522ms)
✔ tool scope rejects another conversation: update_artifact (1646.667933ms)
✔ tool scope rejects another conversation: read_file (1578.149272ms)
✔ read_artifact observes canonical revision; duplicate tool ID cannot repeat mutation (1737.160864ms)
✔ context byte budget rolls back oversized tool mutation and preflight never calls provider (1689.111239ms)
✔ inference failure after a committed tool preserves its receipt/revision without replay (1735.184167ms)
✔ tool transaction failure rolls back artifact and receipt together (1523.871267ms)
✔ post-file await fence: cancel (1681.463037ms)
✔ post-file await fence: purge (1586.009396ms)
✔ post-file await fence: revoke (1624.770249ms)
✔ one runtime per database rejects a concurrent engine without recovering live work (1607.669645ms)
✔ provider redirects are not followed (1688.26126ms)
✔ Artifact append-only revisions, concurrent conflict and owner-scoped revision export (2013.976697ms)
✔ AUTH-RECHECK expiry mutation: reject stale authentication after owner-lock wait (3987.366665ms)
✔ AUTH-RECHECK expiry replay: reject stale authentication after owner-lock wait (3825.49474ms)
✔ AUTH-RECHECK expiry export: reject stale authentication after owner-lock wait (3737.999779ms)
✔ AUTH-RECHECK expiry purge: reject stale authentication after owner-lock wait (3812.452465ms)
✔ AUTH-RECHECK revoke mutation: reject stale authentication after owner-lock wait (1663.855336ms)
✔ AUTH-RECHECK revoke replay: reject stale authentication after owner-lock wait (1893.198308ms)
✔ AUTH-RECHECK revoke export: reject stale authentication after owner-lock wait (1610.961504ms)
✔ AUTH-RECHECK revoke purge: reject stale authentication after owner-lock wait (1663.874057ms)
✔ AUTH-RECHECK rebind mutation: reject stale authentication after owner-lock wait (1597.313911ms)
✔ AUTH-RECHECK rebind replay: reject stale authentication after owner-lock wait (1705.547549ms)
✔ AUTH-RECHECK rebind export: reject stale authentication after owner-lock wait (1589.518766ms)
✔ AUTH-RECHECK rebind purge: reject stale authentication after owner-lock wait (1558.581652ms)
✔ document endpoints authorize owner, reject wrong formats and return exact saved revision PDF (2157.517039ms)
✔ Local bootstrap CLI writes private credential file; real server subprocess restarts and serves persisted tasks (3325.427987ms)
✔ CONTEXT AUTH: exact token revoked during owner lock blocks message read and append (1902.310529ms)
✔ PROVENANCE: exact revision, literal snapshot, conversation boundaries and declared scopes (1897.920265ms)
✔ MESSAGES: immutable owned sequence, replay, pagination and restart (1897.775771ms)
✔ PDF render/extract roundtrip, reject fake/encrypted input and escape markup (405.128038ms)
✔ FILE KEY: a previously populated unbound key is never imported (1704.730181ms)
✔ FILE AUTH: expiry during real blob write rejects ready commit, recovery cleans pending bytes (3041.769832ms)
✔ FILE FS BOUNDARY: write failure reserves quota but produces no ready cache, byte quota serializes (2049.338413ms)
✔ FILE STORE IDENTITY: wrong root and missing key fail closed, no replacement key on existing data (1904.285692ms)
✔ FILE RECOVERY: real DB failure after blob fsync, pending hidden and startup conservative cleanup (1832.896829ms)
✔ FILE VALIDATION: paths, MIME, strict UTF-8, oversize, quotas and authenticated corruption failures (1910.880915ms)
✔ FILE PURGING: filesystem failure keeps durable cleanup, restart completes deletion (1837.356413ms)
✔ FILE SOURCE: owner-bound immutable UTF-8 snapshot and purge cascade (1692.086061ms)
✔ FILES PURGE: remove bytes and cascaded context, never resurrect a late reservation (1956.724573ms)
✔ FILES: real encrypted immutable private bytes, owner download and restart (1717.717854ms)
✔ HTTP authenticated task persists through application and PostgreSQL restart (2081.254052ms)
✔ R1 acceptance: pending upload owns shared key, completes once and replays after restart (2118.943737ms)
✔ R1 all generic routes conflict before DB or file side effects; owners remain independent (1645.66435ms)
✔ R1 reverse direction: completed generic key rejects upload before reservation or blob write (1612.604999ms)
✔ R1 DB failure: reservation blocks other routes until recovery, then same request retries once (1738.05174ms)
✔ R1 FS failure: reservation blocks other routes until recovery, then same request retries once (1838.744022ms)
✔ R1 cancelled reservation cannot disturb a replacement completed cache; purge releases only its owner (1623.942809ms)
✔ R1 pending purge releases reservation and leaves another owner same-key cache intact (1747.081031ms)
✔ R1 cancelled upload retry with identical key and body gets a new reservation, old request cannot finalize it (1574.326001ms)
✔ R1 recovery of legacy collision preserves the completed same-owner same-key response (1844.300387ms)
✔ Task lifecycle optimistic locking rejects stale/illegal transitions and resumes persisted checkpoint (2153.680852ms)
✔ managed provider uses fixed destinations, bounded tokens, caches MI and parses tools (21.331792ms)
✔ Owner export and purge revoke all sessions and prevent stale worker/direct database resurrection (2164.703814ms)
✔ BYOK secrets bind owner and provider; endpoints cannot redirect credentials (2.488131ms)
✔ Bedrock adapter retains tool IDs and results rather than replacing requested model (0.416031ms)
✔ running BYOK turn is pinned and revoked replacement key fences late provider output (1906.875469ms)
✔ provider routes never return keys; foundry model catalog is complete and paginated (1926.680548ms)
✔ Revoked and expired approval cannot authorize queued dispatch (3025.575871ms)
✔ Ambiguous adapter exception and malformed receipt never retry or expose provider secrets (1352.108834ms)
✔ Expired lease fences old worker; crash executing marker recovers unknown without repeating effect (1776.508786ms)
✔ Cancelled task invalidates queued policy before dispatch (1655.669212ms)
✔ Timeout after synthetic dispatch becomes unknown and a late return cannot overwrite it (1588.112267ms)
✔ Worker revalidates queued revision, session expiry and intent expiry before any call (4692.451401ms)
✔ Purge during in-flight synthetic call waits and late completion cannot recreate records (1684.694855ms)
✔ web search result cannot persist after initiating session is revoked (1954.06179ms)
✔ web_search tool accepts a bounded query and denies injected options (1.12232ms)
✔ Closed query and body schemas, redacted parser/DB errors, expired sessions and cross-owner foreign keys (2054.671799ms)
✔ voice defaults to adaptive language and UI preference does not lock later turns (1866.116428ms)
✔ private web login: one-use invite, secure cookie, CSRF, auth and owner isolation (1901.679812ms)
ℹ tests 117
ℹ suites 0
ℹ pass 117
ℹ fail 0
ℹ cancelled 0
ℹ skipped 0
ℹ todo 0
ℹ duration_ms 224872.657165
