
> nova-community-agent@0.1.0 test
> tsx --test --test-concurrency=1 tests/*.test.ts

✔ Approval binds exact revision/account/recipient; concurrent consumption yields one durable synthetic effect (1941.509221ms)
✔ NEW project provider env is opt-in, complete, HTTPS-only and ignores unrelated credentials (28.358174ms)
✔ lock-observation invalidation before queued lease error must not emit an unhandled pool error (1817.206526ms)
✔ SIGKILL during real provider await survives PG and API restart as unknown; explicit new turn recovers (2874.260898ms)
✔ corrected behavior: rejected second runtime must not delete first runtime pending upload/reservation (2101.05933ms)
✔ corrected behavior: assistant-generated content must not become a user_supplied source (1586.19041ms)
✔ pending upload namespace blocks turn without losing reservation or invoking model (1565.942934ms)
✔ cancelled generation cannot write after a new run completes; original replay cannot redispatch (1784.84064ms)
✔ a different live session cannot authorize output of the revoked initiating session (1747.981608ms)
✔ entire provider batch is allowlist/schema validated before first mutation (1663.075214ms)
✔ corrected behavior: expiry during canonical writer lock wait must roll back mutation and receipt (2712.514419ms)
✔ receipt insertion failure atomically rolls back canonical revision and outbox; no replay inference (1664.512285ms)
✔ session final validation after actual receipt write wait (3034.769977ms)
✔ session final validation after actual terminal write wait (2832.347747ms)
✔ lease loss during writer wait rolls back; replacement drains the old transaction before recovery (1745.594085ms)
✔ failed storage initialization releases singleton before close and removes client listeners (1814.062482ms)
✔ dedicated client end alone invalidates runtime and cleans listeners (1615.171753ms)
✔ lease loss while file read awaits records unknown before read returns (1783.98145ms)
✔ startup reservation also excludes non-agent file runtime: false (1629.261597ms)
✔ startup reservation also excludes non-agent file runtime: true (1681.210262ms)
✔ lease loss fences held inference, late output and replacement (1967.150785ms)
✔ lease loss fences held inference, late output and cancel (2001.088471ms)
✔ lease loss fences held inference, late output and purge (1907.5995ms)
✔ controlled protocol: automatic tools revise canonical artifact, persist assistant, reopen and replay without inference (2139.303735ms)
✔ fail closed: denied approval (1723.43067ms)
✔ fail closed: prototype tool (1656.27222ms)
✔ fail closed: schema owner injection (1597.211536ms)
✔ fail closed: malformed arguments (1720.455153ms)
✔ fail closed: invalid JSON (1589.234852ms)
✔ fail closed: refusal (1547.215298ms)
✔ fail closed: truncation (1619.993632ms)
✔ fail closed: empty (1627.797085ms)
✔ fail closed: stop with malformed calls (1597.859812ms)
✔ fail closed: oversized (1722.249936ms)
✔ fail closed: http error (1662.00426ms)
✔ question pauses task; explicit answer resumes with file observation, scope checks and terminal receipt (1791.712897ms)
✔ post-provider await fence: cancel (1594.680236ms)
✔ post-provider await fence: revoke (1692.123464ms)
✔ post-provider await fence: expire (1756.965484ms)
✔ post-provider await fence: purge (1609.309071ms)
✔ post-provider await fence: message (1604.967518ms)
✔ post-provider await fence: task (1660.33073ms)
✔ post-provider await fence: artifact (1581.051012ms)
✔ budgets stop loops and response timeout is explicit unknown; no replay retry (5132.587286ms)
✔ restart conservatively fails queued and marks interrupted inference unknown without replay (1687.276428ms)
✔ pluggable provider remains untrusted and uncooperative await is bounded (3145.89556ms)
✔ server-wide active run budget bounds concurrent inference across conversations (1669.416593ms)
✔ tool scope rejects another conversation: read_artifact (1734.053303ms)
✔ tool scope rejects another conversation: update_artifact (1746.450942ms)
✔ tool scope rejects another conversation: read_file (1754.487192ms)
✔ read_artifact observes canonical revision; duplicate tool ID cannot repeat mutation (1702.661872ms)
✔ context byte budget rolls back oversized tool mutation and preflight never calls provider (1686.860202ms)
✔ inference failure after a committed tool preserves its receipt/revision without replay (1696.327897ms)
✔ tool transaction failure rolls back artifact and receipt together (1583.826946ms)
✔ post-file await fence: cancel (1586.146502ms)
✔ post-file await fence: purge (1706.610266ms)
✔ post-file await fence: revoke (1680.865464ms)
✔ one runtime per database rejects a concurrent engine without recovering live work (1640.3602ms)
✔ provider redirects are not followed (1675.946973ms)
✔ Artifact append-only revisions, concurrent conflict and owner-scoped revision export (2049.371523ms)
✔ AUTH-RECHECK expiry mutation: reject stale authentication after owner-lock wait (4111.912761ms)
✔ AUTH-RECHECK expiry replay: reject stale authentication after owner-lock wait (3795.184131ms)
✔ AUTH-RECHECK expiry export: reject stale authentication after owner-lock wait (3730.188118ms)
✔ AUTH-RECHECK expiry purge: reject stale authentication after owner-lock wait (3742.211164ms)
✔ AUTH-RECHECK revoke mutation: reject stale authentication after owner-lock wait (1784.945622ms)
✔ AUTH-RECHECK revoke replay: reject stale authentication after owner-lock wait (1711.838446ms)
✔ AUTH-RECHECK revoke export: reject stale authentication after owner-lock wait (1792.50784ms)
✔ AUTH-RECHECK revoke purge: reject stale authentication after owner-lock wait (1681.247861ms)
✔ AUTH-RECHECK rebind mutation: reject stale authentication after owner-lock wait (1742.09951ms)
✔ AUTH-RECHECK rebind replay: reject stale authentication after owner-lock wait (1613.225168ms)
✔ AUTH-RECHECK rebind export: reject stale authentication after owner-lock wait (1667.391534ms)
✔ AUTH-RECHECK rebind purge: reject stale authentication after owner-lock wait (1630.914874ms)
✔ document endpoints authorize owner, reject wrong formats and return exact saved revision PDF (2472.158273ms)
✔ Local bootstrap CLI writes private credential file; real server subprocess restarts and serves persisted tasks (3300.135471ms)
✔ CONTEXT AUTH: exact token revoked during owner lock blocks message read and append (1885.908674ms)
✔ PROVENANCE: exact revision, literal snapshot, conversation boundaries and declared scopes (2058.197006ms)
✔ MESSAGES: immutable owned sequence, replay, pagination and restart (1871.073973ms)
✔ PDF render/extract roundtrip, reject fake/encrypted input and escape markup (413.660424ms)
✔ FILE KEY: a previously populated unbound key is never imported (1417.010902ms)
✔ FILE AUTH: expiry during real blob write rejects ready commit, recovery cleans pending bytes (3006.536676ms)
✔ FILE FS BOUNDARY: write failure reserves quota but produces no ready cache, byte quota serializes (1954.403214ms)
✔ FILE STORE IDENTITY: wrong root and missing key fail closed, no replacement key on existing data (1764.230501ms)
✔ FILE RECOVERY: real DB failure after blob fsync, pending hidden and startup conservative cleanup (1781.680751ms)
✔ FILE VALIDATION: paths, MIME, strict UTF-8, oversize, quotas and authenticated corruption failures (1974.941324ms)
✔ FILE PURGING: filesystem failure keeps durable cleanup, restart completes deletion (1716.913611ms)
✔ FILE SOURCE: owner-bound immutable UTF-8 snapshot and purge cascade (1723.063263ms)
✔ FILES PURGE: remove bytes and cascaded context, never resurrect a late reservation (2016.455699ms)
✔ FILES: real encrypted immutable private bytes, owner download and restart (1846.510334ms)
✔ HTTP authenticated task persists through application and PostgreSQL restart (1708.849192ms)
✔ R1 acceptance: pending upload owns shared key, completes once and replays after restart (2143.627559ms)
✔ R1 all generic routes conflict before DB or file side effects; owners remain independent (1692.240715ms)
✔ R1 reverse direction: completed generic key rejects upload before reservation or blob write (1737.447677ms)
✔ R1 DB failure: reservation blocks other routes until recovery, then same request retries once (1867.501701ms)
✔ R1 FS failure: reservation blocks other routes until recovery, then same request retries once (1878.270656ms)
✔ R1 cancelled reservation cannot disturb a replacement completed cache; purge releases only its owner (1732.960884ms)
✔ R1 pending purge releases reservation and leaves another owner same-key cache intact (1667.123941ms)
✔ R1 cancelled upload retry with identical key and body gets a new reservation, old request cannot finalize it (1685.846995ms)
✔ R1 recovery of legacy collision preserves the completed same-owner same-key response (1735.284899ms)
✔ Task lifecycle optimistic locking rejects stale/illegal transitions and resumes persisted checkpoint (2078.616598ms)
✔ managed provider uses fixed destinations, bounded tokens, caches MI and parses tools (21.814511ms)
✔ Owner export and purge revoke all sessions and prevent stale worker/direct database resurrection (2207.64003ms)
✔ BYOK secrets bind owner and provider; endpoints cannot redirect credentials (2.513812ms)
✔ Bedrock adapter retains tool IDs and results rather than replacing requested model (0.413912ms)
✔ running BYOK turn is pinned and revoked replacement key fences late provider output (1820.729686ms)
✔ provider routes never return keys; foundry model catalog is complete and paginated (1829.869038ms)
✔ Revoked and expired approval cannot authorize queued dispatch (3120.062509ms)
✔ Ambiguous adapter exception and malformed receipt never retry or expose provider secrets (1826.421981ms)
✔ Expired lease fences old worker; crash executing marker recovers unknown without repeating effect (1762.480935ms)
✔ Cancelled task invalidates queued policy before dispatch (1643.886302ms)
✔ Timeout after synthetic dispatch becomes unknown and a late return cannot overwrite it (1667.990569ms)
✔ Worker revalidates queued revision, session expiry and intent expiry before any call (4910.356411ms)
✔ Purge during in-flight synthetic call waits and late completion cannot recreate records (1644.114962ms)
✔ web search result cannot persist after initiating session is revoked (1621.573161ms)
✔ web_search tool accepts a bounded query and denies injected options (1.5632ms)
✔ Closed query and body schemas, redacted parser/DB errors, expired sessions and cross-owner foreign keys (2038.653334ms)
✔ voice defaults to adaptive language and UI preference does not lock later turns (1889.119521ms)
✔ private web login: one-use invite, secure cookie, CSRF, auth and owner isolation (1907.148598ms)
ℹ tests 117
ℹ suites 0
ℹ pass 117
ℹ fail 0
ℹ cancelled 0
ℹ skipped 0
ℹ todo 0
ℹ duration_ms 227528.938713
