{"case":"AUTH-EXPIRY-mutation","observedHttpStatus":201,"ownerStatus":"active","lateWrites":1}
✖ AUTH-EXPIRY mutation: session must still be fresh after owner-lock wait (3396.370992ms)
{"case":"AUTH-EXPIRY-export","observedHttpStatus":200,"ownerStatus":"active","lateWrites":0,"exportedTasks":1}
✖ AUTH-EXPIRY export: session must still be fresh after owner-lock wait (3542.055441ms)
{"case":"AUTH-EXPIRY-purge","observedHttpStatus":200,"ownerStatus":"purged","lateWrites":0}
✖ AUTH-EXPIRY purge: session must still be fresh after owner-lock wait (3511.220287ms)
✔ CONTROL: owner-scoped idempotency canonical replay, conflict and cross-owner execution/revocation (1362.760376ms)
✖ CONTROL: actual DB connection termination after synthetic I/O recovers unknown without resend (1278.498468ms)
✔ CONTROL: revocation, cancellation and revision wait behind real in-flight owner lock (3974.355584ms)
✔ CONTROL: purge after timed-out uncooperative adapter blocks late persistence and replay (1352.251868ms)
ℹ tests 7
ℹ suites 0
ℹ pass 3
ℹ fail 4
ℹ cancelled 0
ℹ skipped 0
ℹ todo 0
ℹ duration_ms 18750.838214

✖ failing tests:

test at evidence/review-1/adversarial.test.ts:1:1978
✖ AUTH-EXPIRY mutation: session must still be fresh after owner-lock wait (3396.370992ms)
  AssertionError [ERR_ASSERTION]: Expired authentication must not authorize an operation after lock acquisition
  
  201 !== 401
  
      at TestContext.<anonymous> (/home/azureuser/nova-community-agent/evidence/review-1/adversarial.test.ts:48:14)
      at process.processTicksAndRejections (node:internal/process/task_queues:104:5)
      at async Test.run (node:internal/test_runner/test:1409:7)
      at async startSubtestAfterBootstrap (node:internal/test_runner/harness:387:3) {
    generatedMessage: false,
    code: 'ERR_ASSERTION',
    actual: 201,
    expected: 401,
    operator: 'strictEqual',
    diff: 'simple'
  }

test at evidence/review-1/adversarial.test.ts:1:1978
✖ AUTH-EXPIRY export: session must still be fresh after owner-lock wait (3542.055441ms)
  AssertionError [ERR_ASSERTION]: Expired authentication must not authorize an operation after lock acquisition
  
  200 !== 401
  
      at TestContext.<anonymous> (/home/azureuser/nova-community-agent/evidence/review-1/adversarial.test.ts:48:14)
      at process.processTicksAndRejections (node:internal/process/task_queues:104:5)
      at async Test.run (node:internal/test_runner/test:1409:7)
      at async Test.processPendingSubtests (node:internal/test_runner/test:974:7) {
    generatedMessage: false,
    code: 'ERR_ASSERTION',
    actual: 200,
    expected: 401,
    operator: 'strictEqual',
    diff: 'simple'
  }

test at evidence/review-1/adversarial.test.ts:1:1978
✖ AUTH-EXPIRY purge: session must still be fresh after owner-lock wait (3511.220287ms)
  AssertionError [ERR_ASSERTION]: Expired authentication must not authorize an operation after lock acquisition
  
  200 !== 401
  
      at TestContext.<anonymous> (/home/azureuser/nova-community-agent/evidence/review-1/adversarial.test.ts:48:14)
      at process.processTicksAndRejections (node:internal/process/task_queues:104:5)
      at async Test.run (node:internal/test_runner/test:1409:7)
      at async Test.processPendingSubtests (node:internal/test_runner/test:974:7) {
    generatedMessage: false,
    code: 'ERR_ASSERTION',
    actual: 200,
    expected: 401,
    operator: 'strictEqual',
    diff: 'simple'
  }

test at evidence/review-1/adversarial.test.ts:1:4443
✖ CONTROL: actual DB connection termination after synthetic I/O recovers unknown without resend (1278.498468ms)
  Error: Connection terminated unexpectedly
      at /home/azureuser/nova-community-agent/node_modules/pg/lib/client.js:694:17
      at process.processTicksAndRejections (node:internal/process/task_queues:104:5)
      at async transaction (/home/azureuser/nova-community-agent/src/app.ts:16:15)
      at async processLease (/home/azureuser/nova-community-agent/src/worker.ts:63:3)
      at async waitForActual (node:assert:615:5)
      at async strict.rejects (node:assert:738:25)
      at async TestContext.<anonymous> (/home/azureuser/nova-community-agent/evidence/review-1/adversarial.test.ts:82:5)
      at async Test.run (node:internal/test_runner/test:1409:7)
      at async Test.processPendingSubtests (node:internal/test_runner/test:974:7)
