✖ MESSAGES: immutable owned sequence, replay, pagination and restart (1387.269658ms)
ℹ tests 1
ℹ suites 0
ℹ pass 0
ℹ fail 1
ℹ cancelled 0
ℹ skipped 0
ℹ todo 0
ℹ duration_ms 1725.304264

✖ failing tests:

test at tests/context.test.ts:18:1
✖ MESSAGES: immutable owned sequence, replay, pagination and restart (1387.269658ms)
  AssertionError [ERR_ASSERTION]: Expected values to be strictly equal:
  
  404 !== 201
  
      at TestContext.<anonymous> (/home/azureuser/nova-community-agent/tests/context.test.ts:24:12)
      at process.processTicksAndRejections (node:internal/process/task_queues:104:5)
      at async Test.run (node:internal/test_runner/test:1409:7)
      at async startSubtestAfterBootstrap (node:internal/test_runner/harness:387:3) {
    generatedMessage: true,
    code: 'ERR_ASSERTION',
    actual: 404,
    expected: 201,
    operator: 'strictEqual',
    diff: 'simple'
  }
