✖ PROVENANCE: exact revision, literal snapshot, conversation boundaries and declared scopes (1286.511756ms)
✔ MESSAGES: immutable owned sequence, replay, pagination and restart (1658.981582ms)
ℹ tests 2
ℹ suites 0
ℹ pass 1
ℹ fail 1
ℹ cancelled 0
ℹ skipped 0
ℹ todo 0
ℹ duration_ms 3265.711187

✖ failing tests:

test at tests/context.test.ts:18:1
✖ PROVENANCE: exact revision, literal snapshot, conversation boundaries and declared scopes (1286.511756ms)
  AssertionError [ERR_ASSERTION]: Expected values to be strictly equal:
  
  404 !== 201
  
      at TestContext.<anonymous> (/home/azureuser/nova-community-agent/tests/context.test.ts:23:12)
      at process.processTicksAndRejections (node:internal/process/task_queues:104:5)
      at async Test.run (node:internal/test_runner/test:1409:7)
      at async startSubtestAfterBootstrap (node:internal/test_runner/harness:387:3) {
    generatedMessage: true,
    code: 'ERR_ASSERTION',
    actual: 404,
    expected: 201,
    operator: 'strictEqual',
    diff: 'simple'
  }
