✖ FILES PURGE: remove bytes and cascaded context, never resurrect a late reservation (1573.84584ms)
✔ FILES: real encrypted immutable private bytes, owner download and restart (1441.843916ms)
ℹ tests 2
ℹ suites 0
ℹ pass 1
ℹ fail 1
ℹ cancelled 0
ℹ skipped 0
ℹ todo 0
ℹ duration_ms 3358.444677

✖ failing tests:

test at tests/files.test.ts:25:1
✖ FILES PURGE: remove bytes and cascaded context, never resurrect a late reservation (1573.84584ms)
  AssertionError [ERR_ASSERTION]: Upload must have a durable reservation before blob I/O
  
  false !== true
  
      at TestContext.<anonymous> (/home/azureuser/nova-community-agent/tests/files.test.ts:37:12)
      at process.processTicksAndRejections (node:internal/process/task_queues:104:5)
      at async Test.run (node:internal/test_runner/test:1409:7)
      at async startSubtestAfterBootstrap (node:internal/test_runner/harness:387:3) {
    generatedMessage: false,
    code: 'ERR_ASSERTION',
    actual: false,
    expected: true,
    operator: 'strictEqual',
    diff: 'simple'
  }
