✖ FILE SOURCE: owner-bound immutable UTF-8 snapshot and purge cascade (1352.18169ms)
✔ FILES PURGE: remove bytes and cascaded context, never resurrect a late reservation (1934.44469ms)
✔ FILES: real encrypted immutable private bytes, owner download and restart (1806.674588ms)
ℹ tests 3
ℹ suites 0
ℹ pass 2
ℹ fail 1
ℹ cancelled 0
ℹ skipped 0
ℹ todo 0
ℹ duration_ms 5424.71113

✖ failing tests:

test at tests/files.test.ts:25:1
✖ FILE SOURCE: owner-bound immutable UTF-8 snapshot and purge cascade (1352.18169ms)
  AssertionError [ERR_ASSERTION]: Expected values to be strictly equal:
  
  400 !== 201
  
      at TestContext.<anonymous> (/home/azureuser/nova-community-agent/tests/files.test.ts:30:12)
      at process.processTicksAndRejections (node:internal/process/task_queues:104:5)
      at async Test.run (node:internal/test_runner/test:1409:7)
      at async startSubtestAfterBootstrap (node:internal/test_runner/harness:387:3) {
    generatedMessage: true,
    code: 'ERR_ASSERTION',
    actual: 400,
    expected: 201,
    operator: 'strictEqual',
    diff: 'simple'
  }
