
> nova-community-agent@0.1.0 test
> tsx --test --test-concurrency=1 tests/*.test.ts

✔ account limits from env: default 60, parsed override, uuid list validated (3.053898ms)
✔ daily run guard: 429 daily_limit_reached after N runs per account per day, exempt owners unlimited, no cross-account leakage (1963.33803ms)
✔ password hashing: scrypt with random salt, constant-time verify, dummy path (323.542446ms)
✔ self-service register/login/logout: cookie flags, 7-day session, validation, duplicates (2651.589857ms)
✔ new auth routes: CSRF, generic + registration + login-failure rate limits, registration_closed (6660.05561ms)
✔ Approval binds exact revision/account/recipient; concurrent consumption yields one durable synthetic effect (2620.59518ms)
✔ NEW project provider env is opt-in, complete, HTTPS-only and ignores unrelated credentials (20.639282ms)
✔ lock-observation invalidation before queued lease error must not emit an unhandled pool error (1966.616128ms)
✔ SIGKILL during real provider await survives PG and API restart as unknown; explicit new turn recovers (3965.725162ms)
✔ corrected behavior: rejected second runtime must not delete first runtime pending upload/reservation (1630.28155ms)
✔ corrected behavior: assistant-generated content must not become a user_supplied source (1796.532871ms)
✔ pending upload namespace blocks turn without losing reservation or invoking model (1717.001387ms)
✔ cancelled generation cannot write after a new run completes; original replay cannot redispatch (1904.110999ms)
✔ a different live session cannot authorize output of the revoked initiating session (1748.64128ms)
✔ entire provider batch is allowlist/schema validated before first mutation (1735.916765ms)
✔ corrected behavior: expiry during canonical writer lock wait must roll back mutation and receipt (2772.969838ms)
✔ receipt insertion failure atomically rolls back canonical revision and outbox; no replay inference (1741.217382ms)
✔ session final validation after actual receipt write wait (3017.62841ms)
✔ session final validation after actual terminal write wait (2831.451446ms)
✔ lease loss during writer wait rolls back; replacement drains the old transaction before recovery (1910.534335ms)
✔ failed storage initialization releases singleton before close and removes client listeners (1529.276204ms)
✔ dedicated client end alone invalidates runtime and cleans listeners (1774.100551ms)
✔ lease loss while file read awaits records unknown before read returns (1686.473775ms)
✔ startup reservation also excludes non-agent file runtime: false (1729.916472ms)
✔ startup reservation also excludes non-agent file runtime: true (1763.329584ms)
✔ lease loss fences held inference, late output and replacement (2114.611578ms)
✔ lease loss fences held inference, late output and cancel (2006.40646ms)
✔ lease loss fences held inference, late output and purge (1967.492666ms)
✔ controlled protocol: automatic tools revise canonical artifact, persist assistant, reopen and replay without inference (2099.516887ms)
✔ fail closed: denied approval (1437.598228ms)
✔ fail closed: prototype tool (1674.775186ms)
✔ fail closed: schema owner injection (1760.940589ms)
✔ fail closed: malformed arguments (1704.212715ms)
✔ fail closed: invalid JSON (1320.300776ms)
✔ fail closed: refusal (1634.136893ms)
✔ fail closed: truncation (1775.203874ms)
✔ fail closed: empty (1727.000295ms)
✔ fail closed: stop with malformed calls (1681.902763ms)
✔ fail closed: oversized (1659.0364ms)
✔ fail closed: http error (1348.037066ms)
✔ question pauses task; explicit answer resumes with file observation, scope checks and terminal receipt (1866.566662ms)
✔ post-provider await fence: cancel (1767.442807ms)
✔ post-provider await fence: revoke (1785.26046ms)
✔ post-provider await fence: expire (1739.616069ms)
✔ post-provider await fence: purge (1666.129768ms)
✔ post-provider await fence: message (1747.45196ms)
✔ post-provider await fence: task (1702.452214ms)
✔ post-provider await fence: artifact (1723.398568ms)
✔ budgets stop loops and response timeout is explicit unknown; no replay retry (5123.153625ms)
✔ restart conservatively fails queued and marks interrupted inference unknown without replay (1348.367846ms)
✔ pluggable provider remains untrusted and uncooperative await is bounded (3265.456947ms)
✔ server-wide active run budget bounds concurrent inference across conversations (1737.882999ms)
✔ tool scope rejects another conversation: read_artifact (1553.777041ms)
✔ tool scope rejects another conversation: update_artifact (1675.403389ms)
✔ tool scope rejects another conversation: read_file (1678.616525ms)
✔ read_artifact observes canonical revision; duplicate tool ID cannot repeat mutation (1641.221104ms)
✔ context byte budget rolls back oversized tool mutation and preflight never calls provider (1732.931232ms)
✔ inference failure after a committed tool preserves its receipt/revision without replay (1762.229198ms)
✔ tool transaction failure rolls back artifact and receipt together (1609.571281ms)
✔ post-file await fence: cancel (1701.536586ms)
✔ post-file await fence: purge (1568.292447ms)
✔ post-file await fence: revoke (1730.08737ms)
✔ one runtime per database rejects a concurrent engine without recovering live work (1744.063392ms)
✔ provider redirects are not followed (1724.624561ms)
✔ Artifact append-only revisions, concurrent conflict and owner-scoped revision export (2294.004515ms)
✔ AUTH-RECHECK expiry mutation: reject stale authentication after owner-lock wait (4182.465185ms)
✔ AUTH-RECHECK expiry replay: reject stale authentication after owner-lock wait (3883.990567ms)
✔ AUTH-RECHECK expiry export: reject stale authentication after owner-lock wait (3813.192903ms)
✔ AUTH-RECHECK expiry purge: reject stale authentication after owner-lock wait (3750.709739ms)
✔ AUTH-RECHECK revoke mutation: reject stale authentication after owner-lock wait (1733.10588ms)
✔ AUTH-RECHECK revoke replay: reject stale authentication after owner-lock wait (1769.947593ms)
✔ AUTH-RECHECK revoke export: reject stale authentication after owner-lock wait (1851.550139ms)
✔ AUTH-RECHECK revoke purge: reject stale authentication after owner-lock wait (1661.143789ms)
✔ AUTH-RECHECK rebind mutation: reject stale authentication after owner-lock wait (1731.083019ms)
✔ AUTH-RECHECK rebind replay: reject stale authentication after owner-lock wait (1718.944114ms)
✔ AUTH-RECHECK rebind export: reject stale authentication after owner-lock wait (1650.583746ms)
✔ AUTH-RECHECK rebind purge: reject stale authentication after owner-lock wait (1739.316244ms)
✔ auth card UI: tabs, inline Italian errors, show/hide password, register+login calls, invite flow regression, no innerHTML (1413.69423ms)
✔ document endpoints authorize owner, reject wrong formats and return exact saved revision PDF (2200.97047ms)
✔ Local bootstrap CLI writes private credential file; real server subprocess restarts and serves persisted tasks (5302.074646ms)
✔ CONTEXT AUTH: exact token revoked during owner lock blocks message read and append (1993.580572ms)
✔ PROVENANCE: exact revision, literal snapshot, conversation boundaries and declared scopes (2073.579234ms)
✔ MESSAGES: immutable owned sequence, replay, pagination and restart (1612.137038ms)
✔ PDF render/extract roundtrip, reject fake/encrypted input and escape markup (420.640573ms)
✔ generated PDF signature/extraction and ZIP independent unzip retain exact source bytes (508.590765ms)
✔ generated archives reject traversal, duplicate names, wrong format and byte overflow before tool execution (1.25327ms)
✔ FILE KEY: a previously populated unbound key is never imported (2142.178236ms)
✔ FILE AUTH: expiry during real blob write rejects ready commit, recovery cleans pending bytes (2751.612414ms)
✔ FILE FS BOUNDARY: write failure reserves quota but produces no ready cache, byte quota serializes (1912.377679ms)
✔ FILE STORE IDENTITY: wrong root and missing key fail closed, no replacement key on existing data (1964.419247ms)
✔ FILE RECOVERY: real DB failure after blob fsync, pending hidden and startup conservative cleanup (1921.33284ms)
✔ FILE VALIDATION: paths, MIME, strict UTF-8, oversize, quotas and authenticated corruption failures (2052.376949ms)
✔ FILE PURGING: filesystem failure keeps durable cleanup, restart completes deletion (1570.628861ms)
✔ FILE SOURCE: owner-bound immutable UTF-8 snapshot and purge cascade (1742.996049ms)
✔ FILES PURGE: remove bytes and cascaded context, never resurrect a late reservation (1956.772471ms)
✔ FILES: real encrypted immutable private bytes, owner download and restart (1875.262104ms)
✔ flexible binary transport is owner-scoped, inert and explicitly not universal extraction (2075.252599ms)
✔ HTTP authenticated task persists through application and PostgreSQL restart (2667.825174ms)
✔ adapter fixes endpoint and refuses analyzers outside the allowlist (1.870443ms)
✔ ocr success returns page evidence, word confidence and markdown text without leaking the key (29.873669ms)
✔ operation-location outside the fixed endpoint is rejected, never followed (0.384618ms)
✔ 403 429 and 5xx map to explicit states without retry (1.592847ms)
✔ polling is bounded and reports timeout (7.155509ms)
✔ cancellation via AbortSignal yields cancelled state (0.402009ms)
✔ rejects oversize bytes, unknown magic and any url-like input before network (0.368047ms)
✔ missing credential yields unavailable without network (0.21403ms)
✔ route policy prefers local parse, uses OCR only for images and textless pdf, never claims universal formats (0.466432ms)
✔ proposed tools are schemas only, inactive, and none accepts a url (0.30057ms)
✔ native generated file tool commits revision and owner-scoped exact code download (2067.741413ms)
✔ R1 acceptance: pending upload owns shared key, completes once and replays after restart (2242.95923ms)
✔ R1 all generic routes conflict before DB or file side effects; owners remain independent (1796.370364ms)
✔ R1 reverse direction: completed generic key rejects upload before reservation or blob write (1663.393535ms)
✔ R1 DB failure: reservation blocks other routes until recovery, then same request retries once (1941.781221ms)
✔ R1 FS failure: reservation blocks other routes until recovery, then same request retries once (2019.833622ms)
✔ R1 cancelled reservation cannot disturb a replacement completed cache; purge releases only its owner (1754.099583ms)
✔ R1 pending purge releases reservation and leaves another owner same-key cache intact (1778.827727ms)
✔ R1 cancelled upload retry with identical key and body gets a new reservation, old request cannot finalize it (1807.890015ms)
✔ R1 recovery of legacy collision preserves the completed same-owner same-key response (1814.744469ms)
✔ founder facts are fixed, Italian, and contain exactly the approved facts (0.953654ms)
✔ capability summary is derived from the actually offered tools, never from a hand-written list (0.357322ms)
✔ identity text is bounded and injection-safe: no tool content, no secrets, short enough for the context budget (0.280739ms)
✔ voice and chat share the same identity block (0.218838ms)
✔ native jobs_search: primary unavailable → one registry-targeted discovery query → only registry detail pages are read; result persists provenance for current, expired and off-registry leads (1813.024588ms)
✔ native unavailable source uses one bounded web candidate search and suppresses repeated jobs call (2045.577372ms)
✔ native fallback preserves direct-only constraint as unmet browsing suggestions, never UNKNOWN opportunities (2288.883854ms)
✔ native agent asks city from jobs receipt without browsing and includes discovery safety instructions (2055.965425ms)
✔ jobs source receipt cannot persist after session revocation (1801.378277ms)
✔ cancellation fences uncooperative job providers and does not hang app shutdown (1729.052741ms)
✔ native jobs dispatch completes with original link receipt and no preference interview (1803.364398ms)
✔ Subito adapter is deny-by-default until explicit source-policy review (8.468998ms)
✔ Playwright parser reads only compact listing cards, distinguishes blocks from no matches (293.975033ms)
✔ fixed search URLs and robots policy do not allow login, third parties or forbidden paths (3.928948ms)
✔ portal vacancy carries evidence, UNKNOWN publisher and no-agencies excludes unknown even on cache hit (13.127915ms)
✔ generic discovery revoke fences page reads and receipts after web await (1702.558902ms)
✔ generic discovery cancel fences page reads and receipts after web await (1620.125588ms)
✔ permitted imported metadata survives actual native receipt/event persistence (1768.403267ms)
✔ controlled-provider native generic dispatch persists missing city, corrections, remote and suppresses duplicates (2627.947977ms)
✔ generic page path requires explicit authorized origin and never expires by age alone (26.418375ms)
✔ generic role evidence is in listing title, sala is not ai piani, footer is not city evidence (3.627139ms)
✔ unsafe source search URLs never reach generic browsing receipts (6.50637ms)
✔ legacy injected source no longer crashes after nonwhitelist city normalization (12.377114ms)
✔ a legacy policy reference cannot authorize Subito automation (0.849717ms)
✔ generic default gates automation and returns named original-source searches, not vacancies (4.448667ms)
✔ permitted imports are dated observations, unknown publisher allowed, never relabelled live or city (0.696557ms)
✔ staged native renderer presents dated records and search links separately with safe metadata (299.89105ms)
✔ generic occupation and municipality are not limited to a dictionary (4.67477ms)
✔ current user provenance wins over model cities, negation and old preferences (2.266611ms)
✔ native dispatcher: robots-permitted JSON-LD pages become JSONLD_VERIFIED cards (expired labelled, province honest); no-JSON-LD and disallowed links stay search links; Subito never fetched (4194.635071ms)
✔ native dispatcher: strict no-agencies request never turns JSON-LD reads into opportunities; constraint stays unmet (3819.857001ms)
✔ native dispatcher: revoke during web search prevents every JSON-LD page read (1662.131305ms)
✔ native dispatcher: cancel during web search prevents every JSON-LD page read (1674.171592ms)
✔ registry is provider-neutral, fixed and reviewed: only https detail-shaped paths on listed origins are fetched (2.507043ms)
✔ expired, redirected, epoch-dated and off-city pages never become vacancies; reasons are kept (28.151111ms)
✔ a current listing with role, exact city and plausible date becomes a vacancy with provenance; publisher is classified not assumed (3.218972ms)
✔ bounded: at most six leads, 2.5MB body, one request per lead, fetch failure is UNAVAILABLE not silent (9.733606ms)
✔ discovery query targets single listing pages on reviewed sources, not generic indexes, and carries no user text (1.510631ms)
✔ allowlisted live adapter returns only current listing body evidence (29.580209ms)
✔ current explicit city wins and unsupported correction never falls back (5.626875ms)
✔ robots: NovaJobBot group preferred over *, rules merged across repeated groups (1.69734ms)
✔ robots: longest-match wins, Allow wins ties, wildcards and $ anchors, empty Disallow allows all (0.5726ms)
✔ gate: 404 permitted, 5xx and network failure denied, per-origin cache with TTL, https only (27.530998ms)
✔ gate: deny-list origins are refused before any robots fetch, regardless of Allow (0.445441ms)
✔ JSON-LD: single node, array, @graph, nested mainEntity are all found; fields sanitized (2.257413ms)
✔ JSON-LD: expired, unknown validity, missing fields, jobLocation array, hiringOrganization string, malformed and non-JobPosting (1.223271ms)
✔ city vs province classification is honest about comune, provincia and mismatch (0.543524ms)
✔ URL guards: https public hosts only; detail-shaped vs search links (6.134218ms)
✔ reader: permission gate, crawl-delay sequencing, size cap, redirects, 403 not bypassed, no JSON-LD fallback, max pages (85.523878ms)
✔ reader: robots 5xx denies every page of that origin; 404 robots permits; abort stops before I/O (32.194962ms)
✔ jsonLdOpportunities: cards only for verified reads, expired labelled, publisher UNKNOWN unless agency named, strict no-agencies excludes all (11.339163ms)
✔ progressive discovery runs search before companies and browser, preserves kinds and exact-URL dedupe (3.739801ms)
✔ sufficient search avoids expensive stages; missing city starts nothing; strict mode excludes unknown (1.367813ms)
{"first":{"status":"unavailable","occupation":"cameriere","city":"Bologna","code":"jobs_policy_unreviewed","originalSearchUrl":"https://www.subito.it/annunci-emilia-romagna/vendita/offerte-lavoro/bologna/bologna/?q=cameriere","retryable":false},"second":{"status":"unavailable","occupation":"cameriere","city":"Bologna","code":"jobs_policy_unreviewed","limitReason":"jobs_rate_limited","retryAfterSeconds":15,"originalSearchUrl":"https://www.subito.it/annunci-emilia-romagna/vendita/offerte-lavoro/bologna/bologna/?q=cameriere","retryable":false},"calls":1}
✔ failed source cause survives immediate retry without spending another request (12.089642ms)
✔ search-link receipts render only labelled browsing suggestions, never opportunity cards, in the public renderer (266.670611ms)
✔ historical search citations exclude closed InfoJobs Italia, preserving only browsing suggestions (1.944846ms)
✔ discovery examines at most six citations, rejects unsafe links and deduplicates fragments (0.884545ms)
✔ citation-only discovery never creates vacancies or observed job locations, even for detail-shaped URLs (0.322777ms)
✔ native jobs_search accepts intent and an empty city, not arbitrary browser options (1.272159ms)
✔ missing city asks before any source or cache access and cooking infers cuoco (2.097387ms)
✔ natural role/city search shares only canonical metadata with TTL across service instances (54.601543ms)
✔ live searches have one shared lock, fail fast on overlap and rate limit across instances (10.26462ms)
✔ source failure is explicit, never stale/simulated data; privacy and origin filter are strict (3.148714ms)
✔ ambiguous cities do not start a search and invalid budgets fail at construction (0.459863ms)
✔ subito flag: absent or wrong value disables; exact owner value enables; list URL uses known province path else national query (2.095289ms)
✔ subito adapter: parses cards from fixture, dedupes Vetrina, ignores /utente and ?o=, never paginates, no phone stored, cache hit avoids second navigation, badges → publisher (335.710426ms)
✔ subito adapter: 403 and captcha page report truthful block codes, no results; cancelled signal aborts before launch (406.011688ms)
✔ native dispatcher: flag off → Subito search link only; injected adapter on → LISTING_OBSERVED cards replace the Subito link and render with the Subito label in both renderers (2534.304014ms)
✔ cards whose title does not mention the requested occupation are set aside as off-query, not shown as matches (1.073097ms)
✔ job receipt cards expose only original HTTPS listing links and escaped labels (266.110249ms)
✔ daily warm cache is bounded to five cities, one role; duplicate daily run does no work (11.132318ms)
✔ web discovery returns bounded unverified candidate links, never working jobs (1.106249ms)
✔ Task lifecycle optimistic locking rejects stale/illegal transitions and resumes persisted checkpoint (2298.973841ms)
✔ managed provider uses fixed destinations, bounded tokens, caches MI and parses tools (7.409543ms)
✔ legacy autonomous voice fails closed and opt-in web serves staged native entrypoint (1961.388858ms)
✔ Owner export and purge revoke all sessions and prevent stale worker/direct database resurrection (2636.647894ms)
✔ BYOK secrets bind owner and provider; endpoints cannot redirect credentials (2.534142ms)
✔ Bedrock adapter retains tool IDs and results rather than replacing requested model (0.452576ms)
✔ running BYOK turn is pinned and revoked replacement key fences late provider output (2112.390152ms)
✔ provider routes never return keys; foundry model catalog is complete and paginated (1972.935262ms)
✔ Revoked and expired approval cannot authorize queued dispatch (2713.742166ms)
✔ Ambiguous adapter exception and malformed receipt never retry or expose provider secrets (1897.124168ms)
✔ Expired lease fences old worker; crash executing marker recovers unknown without repeating effect (1880.839047ms)
✔ Cancelled task invalidates queued policy before dispatch (1775.022531ms)
✔ Timeout after synthetic dispatch becomes unknown and a late return cannot overwrite it (1703.069749ms)
✔ Worker revalidates queued revision, session expiry and intent expiry before any call (5061.288272ms)
✔ Purge during in-flight synthetic call waits and late completion cannot recreate records (1447.15734ms)
✔ web search result cannot persist after initiating session is revoked (2080.004739ms)
✔ web_search tool accepts a bounded query and denies injected options (1.050228ms)
✔ Closed query and body schemas, redacted parser/DB errors, expired sessions and cross-owner foreign keys (2451.464232ms)
✔ global voice capacity of four is serialized across owners under database coordination (2324.142098ms)
✔ duplicate handshake replays the durable answer without a second provider call and rejects mismatched payloads (1868.166885ms)
✔ lost ack during connection: pending is reported honestly, recovery is read-only, replay follows the real outcome (2021.254242ms)
✔ replay respects revocation and restart: stale answers are never replayed for dead sessions (1844.580602ms)
✔ staged native voice UI binds conversation, stops late connection and provides authenticated file downloads (1243.930856ms)
✔ native policy preserves automatic language following; legacy autonomous voice is retired (1767.889495ms)
✔ failed canonical tool never speaks success and exposes voice run failure (2068.01275ms)
✔ cancelled voice inference is promptly aborted, not merely hidden until provider timeout (1618.672596ms)
✔ provider-observed committed voice input uses native tools, persists once, and continues in text (1899.856663ms)
✔ stop during native inference fences late voice tool completion (1754.002417ms)
✔ speech wait covers the native run deadline rather than silently abandoning at 60 seconds (4.143429ms)
✔ private web login: one-use invite, secure cookie, CSRF, auth and owner isolation (2034.996309ms)
✔ personal invite preview: private, non-consuming, expiring and origin protected (1850.777746ms)
ℹ tests 221
ℹ suites 0
ℹ pass 221
ℹ fail 0
ℹ cancelled 0
ℹ skipped 0
ℹ todo 0
ℹ duration_ms 340597.93289
