
> nova-community-agent@0.1.0 test
> tsx --test --test-concurrency=1 tests/*.test.ts

✔ account limits from env: default 60, parsed override, uuid list validated (2.1471ms)
✔ daily run guard: 429 daily_limit_reached after N runs per account per day, exempt owners unlimited, no cross-account leakage (1972.26702ms)
✔ password hashing: scrypt with random salt, constant-time verify, dummy path (328.722083ms)
✔ self-service register/login/logout: cookie flags, 7-day session, validation, duplicates (2267.556505ms)
✔ new auth routes: CSRF, generic + registration + login-failure rate limits, registration_closed (6187.097276ms)
✔ Approval binds exact revision/account/recipient; concurrent consumption yields one durable synthetic effect (2439.859216ms)
✔ NEW project provider env is opt-in, complete, HTTPS-only and ignores unrelated credentials (24.457777ms)
✔ lock-observation invalidation before queued lease error must not emit an unhandled pool error (1587.444496ms)
✔ SIGKILL during real provider await survives PG and API restart as unknown; explicit new turn recovers (3476.196778ms)
✔ corrected behavior: rejected second runtime must not delete first runtime pending upload/reservation (1560.983054ms)
✔ corrected behavior: assistant-generated content must not become a user_supplied source (1490.301238ms)
✔ pending upload namespace blocks turn without losing reservation or invoking model (1415.394516ms)
✔ cancelled generation cannot write after a new run completes; original replay cannot redispatch (1623.932432ms)
✔ a different live session cannot authorize output of the revoked initiating session (1311.335516ms)
✔ entire provider batch is allowlist/schema validated before first mutation (1491.448537ms)
✔ corrected behavior: expiry during canonical writer lock wait must roll back mutation and receipt (2539.926035ms)
✔ receipt insertion failure atomically rolls back canonical revision and outbox; no replay inference (1376.45444ms)
✔ session final validation after actual receipt write wait (2806.378462ms)
✔ session final validation after actual terminal write wait (2636.248854ms)
✔ lease loss during writer wait rolls back; replacement drains the old transaction before recovery (1505.740199ms)
✔ failed storage initialization releases singleton before close and removes client listeners (1584.414185ms)
✔ dedicated client end alone invalidates runtime and cleans listeners (1405.244644ms)
✔ lease loss while file read awaits records unknown before read returns (1447.118003ms)
✔ startup reservation also excludes non-agent file runtime: false (1435.756743ms)
✔ startup reservation also excludes non-agent file runtime: true (1491.610239ms)
✔ lease loss fences held inference, late output and replacement (1610.566755ms)
✔ lease loss fences held inference, late output and cancel (1749.302119ms)
✔ lease loss fences held inference, late output and purge (1632.657977ms)
✔ controlled protocol: automatic tools revise canonical artifact, persist assistant, reopen and replay without inference (1849.28828ms)
✔ fail closed: denied approval (1508.525249ms)
✔ fail closed: prototype tool (1417.889392ms)
✔ fail closed: schema owner injection (1448.357227ms)
✔ fail closed: malformed arguments (1416.905288ms)
✔ fail closed: invalid JSON (1351.773212ms)
✔ fail closed: refusal (1373.220307ms)
✔ fail closed: truncation (1287.00916ms)
✔ fail closed: empty (1456.194255ms)
✔ fail closed: stop with malformed calls (1336.769404ms)
✔ fail closed: oversized (1343.574474ms)
✔ fail closed: http error (1305.99819ms)
✔ question pauses task; explicit answer resumes with file observation, scope checks and terminal receipt (1523.517366ms)
✔ post-provider await fence: cancel (1360.012477ms)
✔ post-provider await fence: revoke (1313.373244ms)
✔ post-provider await fence: expire (1342.719596ms)
✔ post-provider await fence: purge (1273.831481ms)
✔ post-provider await fence: message (1311.198176ms)
✔ post-provider await fence: task (1389.022924ms)
✔ post-provider await fence: artifact (1333.113322ms)
✔ budgets stop loops and response timeout is explicit unknown; no replay retry (4011.436504ms)
✔ restart conservatively fails queued and marks interrupted inference unknown without replay (1436.461364ms)
✔ pluggable provider remains untrusted and uncooperative await is bounded (3031.634868ms)
✔ server-wide active run budget bounds concurrent inference across conversations (1411.519555ms)
✔ tool scope rejects another conversation: read_artifact (1568.319642ms)
✔ tool scope rejects another conversation: update_artifact (1364.245977ms)
✔ tool scope rejects another conversation: read_file (1327.520286ms)
✔ read_artifact observes canonical revision; duplicate tool ID cannot repeat mutation (1641.459552ms)
✔ context byte budget rolls back oversized tool mutation and preflight never calls provider (1330.706068ms)
✔ inference failure after a committed tool preserves its receipt/revision without replay (1372.081848ms)
✔ tool transaction failure rolls back artifact and receipt together (1443.559643ms)
✔ post-file await fence: cancel (1375.63713ms)
✔ post-file await fence: purge (1346.211957ms)
✔ post-file await fence: revoke (1346.13309ms)
✔ one runtime per database rejects a concurrent engine without recovering live work (1429.849201ms)
✔ provider redirects are not followed (1415.702632ms)
✔ Artifact append-only revisions, concurrent conflict and owner-scoped revision export (2118.678632ms)
✔ AUTH-RECHECK expiry mutation: reject stale authentication after owner-lock wait (3684.216958ms)
✔ AUTH-RECHECK expiry replay: reject stale authentication after owner-lock wait (3504.412979ms)
✔ AUTH-RECHECK expiry export: reject stale authentication after owner-lock wait (3480.174868ms)
✔ AUTH-RECHECK expiry purge: reject stale authentication after owner-lock wait (3595.986978ms)
✔ AUTH-RECHECK revoke mutation: reject stale authentication after owner-lock wait (1382.662772ms)
✔ AUTH-RECHECK revoke replay: reject stale authentication after owner-lock wait (1613.818307ms)
✔ AUTH-RECHECK revoke export: reject stale authentication after owner-lock wait (1406.119455ms)
✔ AUTH-RECHECK revoke purge: reject stale authentication after owner-lock wait (1328.813021ms)
✔ AUTH-RECHECK rebind mutation: reject stale authentication after owner-lock wait (1524.631625ms)
✔ AUTH-RECHECK rebind replay: reject stale authentication after owner-lock wait (1361.634503ms)
✔ AUTH-RECHECK rebind export: reject stale authentication after owner-lock wait (1385.459189ms)
✔ AUTH-RECHECK rebind purge: reject stale authentication after owner-lock wait (1344.83987ms)
✔ auth card UI: tabs, inline Italian errors, show/hide password, register+login calls, invite flow regression, no innerHTML (1423.331717ms)
✔ document endpoints authorize owner, reject wrong formats and return exact saved revision PDF (2186.132958ms)
✔ Local bootstrap CLI writes private credential file; real server subprocess restarts and serves persisted tasks (5028.745034ms)
✔ CONTEXT AUTH: exact token revoked during owner lock blocks message read and append (1611.467152ms)
✔ PROVENANCE: exact revision, literal snapshot, conversation boundaries and declared scopes (1668.750348ms)
✔ MESSAGES: immutable owned sequence, replay, pagination and restart (1656.894229ms)
✔ PDF render/extract roundtrip, reject fake/encrypted input and escape markup (421.652374ms)
✔ generated PDF signature/extraction and ZIP independent unzip retain exact source bytes (486.013002ms)
✔ generated archives reject traversal, duplicate names, wrong format and byte overflow before tool execution (1.030453ms)
✔ FILE KEY: a previously populated unbound key is never imported (1640.228111ms)
✔ FILE AUTH: expiry during real blob write rejects ready commit, recovery cleans pending bytes (2774.755929ms)
✔ FILE FS BOUNDARY: write failure reserves quota but produces no ready cache, byte quota serializes (1901.629368ms)
✔ FILE STORE IDENTITY: wrong root and missing key fail closed, no replacement key on existing data (1641.265841ms)
✔ FILE RECOVERY: real DB failure after blob fsync, pending hidden and startup conservative cleanup (1628.416498ms)
✔ FILE VALIDATION: paths, MIME, strict UTF-8, oversize, quotas and authenticated corruption failures (1706.854341ms)
✔ FILE PURGING: filesystem failure keeps durable cleanup, restart completes deletion (1518.082844ms)
✔ FILE SOURCE: owner-bound immutable UTF-8 snapshot and purge cascade (1386.971641ms)
✔ FILES PURGE: remove bytes and cascaded context, never resurrect a late reservation (1686.68769ms)
✔ FILES: real encrypted immutable private bytes, owner download and restart (1547.663261ms)
✔ flexible binary transport is owner-scoped, inert and explicitly not universal extraction (1703.113344ms)
✔ HTTP authenticated task persists through application and PostgreSQL restart (2206.776298ms)
✔ adapter fixes endpoint and refuses analyzers outside the allowlist (2.419729ms)
✔ ocr success returns page evidence, word confidence and markdown text without leaking the key (28.857243ms)
✔ operation-location outside the fixed endpoint is rejected, never followed (0.359022ms)
✔ 403 429 and 5xx map to explicit states without retry (1.73367ms)
✔ polling is bounded and reports timeout (4.258614ms)
✔ cancellation via AbortSignal yields cancelled state (0.458611ms)
✔ rejects oversize bytes, unknown magic and any url-like input before network (0.35772ms)
✔ missing credential yields unavailable without network (0.249373ms)
✔ route policy prefers local parse, uses OCR only for images and textless pdf, never claims universal formats (0.421774ms)
✔ proposed tools are schemas only, inactive, and none accepts a url (0.329813ms)
✔ native generated file tool commits revision and owner-scoped exact code download (1612.823216ms)
✔ R1 acceptance: pending upload owns shared key, completes once and replays after restart (1792.692485ms)
✔ R1 all generic routes conflict before DB or file side effects; owners remain independent (1427.496392ms)
✔ R1 reverse direction: completed generic key rejects upload before reservation or blob write (1427.433548ms)
✔ R1 DB failure: reservation blocks other routes until recovery, then same request retries once (1560.787881ms)
✔ R1 FS failure: reservation blocks other routes until recovery, then same request retries once (1533.371767ms)
✔ R1 cancelled reservation cannot disturb a replacement completed cache; purge releases only its owner (1576.668908ms)
✔ R1 pending purge releases reservation and leaves another owner same-key cache intact (1495.189401ms)
✔ R1 cancelled upload retry with identical key and body gets a new reservation, old request cannot finalize it (1505.692252ms)
✔ R1 recovery of legacy collision preserves the completed same-owner same-key response (1608.978802ms)
✔ native jobs_search: primary unavailable → one registry-targeted discovery query → only registry detail pages are read; result persists provenance for current, expired and off-registry leads (2211.974069ms)
✔ native unavailable source uses one bounded web candidate search and suppresses repeated jobs call (1638.387278ms)
✔ native fallback preserves direct-only constraint as unmet browsing suggestions, never UNKNOWN opportunities (2028.139482ms)
✔ native agent asks city from jobs receipt without browsing and includes discovery safety instructions (1565.696692ms)
✔ jobs source receipt cannot persist after session revocation (1405.23245ms)
✔ cancellation fences uncooperative job providers and does not hang app shutdown (1275.465061ms)
✔ native jobs dispatch completes with original link receipt and no preference interview (1338.613348ms)
✔ Subito adapter is deny-by-default until explicit source-policy review (8.598224ms)
✔ Playwright parser reads only compact listing cards, distinguishes blocks from no matches (293.922883ms)
✔ fixed search URLs and robots policy do not allow login, third parties or forbidden paths (4.327223ms)
✔ portal vacancy carries evidence, UNKNOWN publisher and no-agencies excludes unknown even on cache hit (13.221833ms)
✔ generic discovery revoke fences page reads and receipts after web await (1700.893752ms)
✔ generic discovery cancel fences page reads and receipts after web await (1441.136581ms)
✔ permitted imported metadata survives actual native receipt/event persistence (1232.532416ms)
✔ controlled-provider native generic dispatch persists missing city, corrections, remote and suppresses duplicates (2142.089053ms)
✔ generic page path requires explicit authorized origin and never expires by age alone (27.54946ms)
✔ generic role evidence is in listing title, sala is not ai piani, footer is not city evidence (2.472071ms)
✔ unsafe source search URLs never reach generic browsing receipts (6.64392ms)
✔ legacy injected source no longer crashes after nonwhitelist city normalization (15.135051ms)
✔ a legacy policy reference cannot authorize Subito automation (0.821625ms)
✔ generic default gates automation and returns named original-source searches, not vacancies (4.814147ms)
✔ permitted imports are dated observations, unknown publisher allowed, never relabelled live or city (0.679619ms)
✔ staged native renderer presents dated records and search links separately with safe metadata (286.153952ms)
✔ generic occupation and municipality are not limited to a dictionary (4.596265ms)
✔ current user provenance wins over model cities, negation and old preferences (2.255038ms)
✔ native dispatcher: robots-permitted JSON-LD pages become JSONLD_VERIFIED cards (expired labelled, province honest); no-JSON-LD and disallowed links stay search links; Subito never fetched (4147.962012ms)
✔ native dispatcher: strict no-agencies request never turns JSON-LD reads into opportunities; constraint stays unmet (3562.994462ms)
✔ native dispatcher: revoke during web search prevents every JSON-LD page read (1369.477339ms)
✔ native dispatcher: cancel during web search prevents every JSON-LD page read (1485.165356ms)
✔ registry is provider-neutral, fixed and reviewed: only https detail-shaped paths on listed origins are fetched (2.432916ms)
✔ expired, redirected, epoch-dated and off-city pages never become vacancies; reasons are kept (29.931489ms)
✔ a current listing with role, exact city and plausible date becomes a vacancy with provenance; publisher is classified not assumed (3.182311ms)
✔ bounded: at most six leads, 2.5MB body, one request per lead, fetch failure is UNAVAILABLE not silent (10.263679ms)
✔ discovery query targets single listing pages on reviewed sources, not generic indexes, and carries no user text (1.877808ms)
✔ allowlisted live adapter returns only current listing body evidence (28.904434ms)
✔ current explicit city wins and unsupported correction never falls back (5.447227ms)
✔ robots: NovaJobBot group preferred over *, rules merged across repeated groups (1.661144ms)
✔ robots: longest-match wins, Allow wins ties, wildcards and $ anchors, empty Disallow allows all (0.627635ms)
✔ gate: 404 permitted, 5xx and network failure denied, per-origin cache with TTL, https only (27.472818ms)
✔ gate: deny-list origins are refused before any robots fetch, regardless of Allow (0.508516ms)
✔ JSON-LD: single node, array, @graph, nested mainEntity are all found; fields sanitized (2.308348ms)
✔ JSON-LD: expired, unknown validity, missing fields, jobLocation array, hiringOrganization string, malformed and non-JobPosting (1.209944ms)
✔ city vs province classification is honest about comune, provincia and mismatch (0.569617ms)
✔ URL guards: https public hosts only; detail-shaped vs search links (6.396921ms)
✔ reader: permission gate, crawl-delay sequencing, size cap, redirects, 403 not bypassed, no JSON-LD fallback, max pages (81.776319ms)
✔ reader: robots 5xx denies every page of that origin; 404 robots permits; abort stops before I/O (33.761374ms)
✔ jsonLdOpportunities: cards only for verified reads, expired labelled, publisher UNKNOWN unless agency named, strict no-agencies excludes all (12.447675ms)
✔ progressive discovery runs search before companies and browser, preserves kinds and exact-URL dedupe (3.898708ms)
✔ sufficient search avoids expensive stages; missing city starts nothing; strict mode excludes unknown (1.452386ms)
{"first":{"status":"unavailable","occupation":"cameriere","city":"Bologna","code":"jobs_policy_unreviewed","originalSearchUrl":"https://www.subito.it/annunci-emilia-romagna/vendita/offerte-lavoro/bologna/bologna/?q=cameriere","retryable":false},"second":{"status":"unavailable","occupation":"cameriere","city":"Bologna","code":"jobs_policy_unreviewed","limitReason":"jobs_rate_limited","retryAfterSeconds":15,"originalSearchUrl":"https://www.subito.it/annunci-emilia-romagna/vendita/offerte-lavoro/bologna/bologna/?q=cameriere","retryable":false},"calls":1}
✔ failed source cause survives immediate retry without spending another request (12.961197ms)
✔ search-link receipts render only labelled browsing suggestions, never opportunity cards, in the public renderer (265.827588ms)
✔ historical search citations exclude closed InfoJobs Italia, preserving only browsing suggestions (1.811044ms)
✔ discovery examines at most six citations, rejects unsafe links and deduplicates fragments (0.73679ms)
✔ citation-only discovery never creates vacancies or observed job locations, even for detail-shaped URLs (0.336146ms)
✔ native jobs_search accepts intent and an empty city, not arbitrary browser options (1.268212ms)
✔ missing city asks before any source or cache access and cooking infers cuoco (2.046878ms)
✔ natural role/city search shares only canonical metadata with TTL across service instances (58.0989ms)
✔ live searches have one shared lock, fail fast on overlap and rate limit across instances (3.874701ms)
✔ source failure is explicit, never stale/simulated data; privacy and origin filter are strict (2.715331ms)
✔ ambiguous cities do not start a search and invalid budgets fail at construction (0.397719ms)
✔ subito flag: absent or wrong value disables; exact owner value enables; list URL uses known province path else national query (2.138354ms)
✔ subito adapter: parses cards from fixture, dedupes Vetrina, ignores /utente and ?o=, never paginates, no phone stored, cache hit avoids second navigation, badges → publisher (355.151449ms)
✔ subito adapter: 403 and captcha page report truthful block codes, no results; cancelled signal aborts before launch (440.316313ms)
✔ native dispatcher: flag off → Subito search link only; injected adapter on → LISTING_OBSERVED cards replace the Subito link and render with the Subito label in both renderers (2436.061864ms)
✔ cards whose title does not mention the requested occupation are set aside as off-query, not shown as matches (0.957042ms)
✔ job receipt cards expose only original HTTPS listing links and escaped labels (277.865643ms)
✔ daily warm cache is bounded to five cities, one role; duplicate daily run does no work (11.368861ms)
✔ web discovery returns bounded unverified candidate links, never working jobs (1.073843ms)
✔ Task lifecycle optimistic locking rejects stale/illegal transitions and resumes persisted checkpoint (2342.274235ms)
✔ managed provider uses fixed destinations, bounded tokens, caches MI and parses tools (8.190842ms)
✔ legacy autonomous voice fails closed and opt-in web serves staged native entrypoint (1709.7123ms)
✔ Owner export and purge revoke all sessions and prevent stale worker/direct database resurrection (2295.476371ms)
✔ BYOK secrets bind owner and provider; endpoints cannot redirect credentials (2.487618ms)
✔ Bedrock adapter retains tool IDs and results rather than replacing requested model (0.412529ms)
✔ running BYOK turn is pinned and revoked replacement key fences late provider output (1686.65504ms)
✔ provider routes never return keys; foundry model catalog is complete and paginated (1636.072297ms)
✔ Revoked and expired approval cannot authorize queued dispatch (2837.241969ms)
✔ Ambiguous adapter exception and malformed receipt never retry or expose provider secrets (1609.402202ms)
✔ Expired lease fences old worker; crash executing marker recovers unknown without repeating effect (1527.64188ms)
✔ Cancelled task invalidates queued policy before dispatch (1533.696878ms)
✔ Timeout after synthetic dispatch becomes unknown and a late return cannot overwrite it (1383.255294ms)
✔ Worker revalidates queued revision, session expiry and intent expiry before any call (4287.687896ms)
✔ Purge during in-flight synthetic call waits and late completion cannot recreate records (1437.112114ms)
✔ web search result cannot persist after initiating session is revoked (1744.396515ms)
✔ web_search tool accepts a bounded query and denies injected options (1.056565ms)
✔ Closed query and body schemas, redacted parser/DB errors, expired sessions and cross-owner foreign keys (2183.061586ms)
✔ global voice capacity of four is serialized across owners under database coordination (1990.530539ms)
✔ duplicate handshake replays the durable answer without a second provider call and rejects mismatched payloads (1396.50439ms)
✔ lost ack during connection: pending is reported honestly, recovery is read-only, replay follows the real outcome (1698.98506ms)
✔ replay respects revocation and restart: stale answers are never replayed for dead sessions (1476.155112ms)
✔ staged native voice UI binds conversation, stops late connection and provides authenticated file downloads (1314.494854ms)
✔ native policy preserves automatic language following; legacy autonomous voice is retired (1581.467648ms)
✔ failed canonical tool never speaks success and exposes voice run failure (1788.5531ms)
✔ cancelled voice inference is promptly aborted, not merely hidden until provider timeout (1478.987808ms)
✔ provider-observed committed voice input uses native tools, persists once, and continues in text (1543.892522ms)
✔ stop during native inference fences late voice tool completion (1408.019023ms)
✔ speech wait covers the native run deadline rather than silently abandoning at 60 seconds (4.229706ms)
✔ private web login: one-use invite, secure cookie, CSRF, auth and owner isolation (1571.240399ms)
✔ personal invite preview: private, non-consuming, expiring and origin protected (1656.148312ms)
ℹ tests 217
ℹ suites 0
ℹ pass 217
ℹ fail 0
ℹ cancelled 0
ℹ skipped 0
ℹ todo 0
ℹ duration_ms 299895.952147
