
> nova-community-agent@0.1.0 test
> tsx --test --test-concurrency=1 tests/*.test.ts

✔ Approval binds exact revision/account/recipient; concurrent consumption yields one durable synthetic effect (1795.02807ms)
✔ NEW project provider env is opt-in, complete, HTTPS-only and ignores unrelated credentials (28.031056ms)
✔ lock-observation invalidation before queued lease error must not emit an unhandled pool error (1776.749488ms)
✔ SIGKILL during real provider await survives PG and API restart as unknown; explicit new turn recovers (2836.767131ms)
✔ corrected behavior: rejected second runtime must not delete first runtime pending upload/reservation (1845.558901ms)
✔ corrected behavior: assistant-generated content must not become a user_supplied source (1734.811936ms)
✔ pending upload namespace blocks turn without losing reservation or invoking model (1677.74905ms)
✔ cancelled generation cannot write after a new run completes; original replay cannot redispatch (1824.073037ms)
✔ a different live session cannot authorize output of the revoked initiating session (1706.654077ms)
✔ entire provider batch is allowlist/schema validated before first mutation (1574.5032ms)
✔ corrected behavior: expiry during canonical writer lock wait must roll back mutation and receipt (2739.101949ms)
✔ receipt insertion failure atomically rolls back canonical revision and outbox; no replay inference (1636.703583ms)
✔ session final validation after actual receipt write wait (3132.750216ms)
✔ session final validation after actual terminal write wait (2889.045287ms)
✔ lease loss during writer wait rolls back; replacement drains the old transaction before recovery (1713.436819ms)
✔ failed storage initialization releases singleton before close and removes client listeners (1687.214323ms)
✔ dedicated client end alone invalidates runtime and cleans listeners (1719.6825ms)
✔ lease loss while file read awaits records unknown before read returns (1726.635201ms)
✔ startup reservation also excludes non-agent file runtime: false (1221.549993ms)
✔ startup reservation also excludes non-agent file runtime: true (1616.342074ms)
✔ lease loss fences held inference, late output and replacement (1904.046385ms)
✔ lease loss fences held inference, late output and cancel (1833.335705ms)
✔ lease loss fences held inference, late output and purge (1927.418813ms)
✔ controlled protocol: automatic tools revise canonical artifact, persist assistant, reopen and replay without inference (1972.306197ms)
✔ fail closed: denied approval (1668.443484ms)
✔ fail closed: prototype tool (1655.754643ms)
✔ fail closed: schema owner injection (1616.621711ms)
✔ fail closed: malformed arguments (1536.930976ms)
✔ fail closed: invalid JSON (1541.313688ms)
✔ fail closed: refusal (1551.995843ms)
✔ fail closed: truncation (1669.561078ms)
✔ fail closed: empty (1556.6483ms)
✔ fail closed: stop with malformed calls (1432.36556ms)
✔ fail closed: oversized (1542.679368ms)
✔ fail closed: http error (1569.077655ms)
✔ question pauses task; explicit answer resumes with file observation, scope checks and terminal receipt (1518.648914ms)
✔ post-provider await fence: cancel (1512.71857ms)
✔ post-provider await fence: revoke (1656.10047ms)
✔ post-provider await fence: expire (1664.938882ms)
✔ post-provider await fence: purge (1609.481555ms)
✔ post-provider await fence: message (1645.874494ms)
✔ post-provider await fence: task (1624.313601ms)
✔ post-provider await fence: artifact (1275.557019ms)
✔ budgets stop loops and response timeout is explicit unknown; no replay retry (4881.014104ms)
✔ restart conservatively fails queued and marks interrupted inference unknown without replay (1686.6364ms)
✔ pluggable provider remains untrusted and uncooperative await is bounded (2816.194896ms)
✔ server-wide active run budget bounds concurrent inference across conversations (1497.900131ms)
✔ tool scope rejects another conversation: read_artifact (1619.053966ms)
✔ tool scope rejects another conversation: update_artifact (1557.488908ms)
✔ tool scope rejects another conversation: read_file (1569.049978ms)
✔ read_artifact observes canonical revision; duplicate tool ID cannot repeat mutation (1698.966275ms)
✔ context byte budget rolls back oversized tool mutation and preflight never calls provider (1473.376321ms)
✔ inference failure after a committed tool preserves its receipt/revision without replay (1602.959006ms)
✔ tool transaction failure rolls back artifact and receipt together (1653.983666ms)
✔ post-file await fence: cancel (1578.115001ms)
✔ post-file await fence: purge (1574.383006ms)
✔ post-file await fence: revoke (1581.345054ms)
✔ one runtime per database rejects a concurrent engine without recovering live work (1606.759857ms)
✔ provider redirects are not followed (1567.898871ms)
✔ Artifact append-only revisions, concurrent conflict and owner-scoped revision export (2013.516946ms)
✔ AUTH-RECHECK expiry mutation: reject stale authentication after owner-lock wait (3957.517172ms)
✔ AUTH-RECHECK expiry replay: reject stale authentication after owner-lock wait (3799.167054ms)
✔ AUTH-RECHECK expiry export: reject stale authentication after owner-lock wait (3719.535634ms)
✔ AUTH-RECHECK expiry purge: reject stale authentication after owner-lock wait (3706.120669ms)
✔ AUTH-RECHECK revoke mutation: reject stale authentication after owner-lock wait (1543.780137ms)
✔ AUTH-RECHECK revoke replay: reject stale authentication after owner-lock wait (1597.483637ms)
✔ AUTH-RECHECK revoke export: reject stale authentication after owner-lock wait (1695.378355ms)
✔ AUTH-RECHECK revoke purge: reject stale authentication after owner-lock wait (1585.213078ms)
✔ AUTH-RECHECK rebind mutation: reject stale authentication after owner-lock wait (1678.510641ms)
✔ AUTH-RECHECK rebind replay: reject stale authentication after owner-lock wait (1684.795195ms)
✔ AUTH-RECHECK rebind export: reject stale authentication after owner-lock wait (1660.277421ms)
✔ AUTH-RECHECK rebind purge: reject stale authentication after owner-lock wait (1635.282962ms)
✔ Local bootstrap CLI writes private credential file; real server subprocess restarts and serves persisted tasks (3313.740683ms)
✔ CONTEXT AUTH: exact token revoked during owner lock blocks message read and append (1831.550473ms)
✔ PROVENANCE: exact revision, literal snapshot, conversation boundaries and declared scopes (2002.683898ms)
✔ MESSAGES: immutable owned sequence, replay, pagination and restart (1587.60235ms)
✔ FILE KEY: a previously populated unbound key is never imported (1735.776756ms)
✔ FILE AUTH: expiry during real blob write rejects ready commit, recovery cleans pending bytes (3067.469263ms)
✔ FILE FS BOUNDARY: write failure reserves quota but produces no ready cache, byte quota serializes (1997.406819ms)
✔ FILE STORE IDENTITY: wrong root and missing key fail closed, no replacement key on existing data (1957.990418ms)
✔ FILE RECOVERY: real DB failure after blob fsync, pending hidden and startup conservative cleanup (1895.497907ms)
✔ FILE VALIDATION: paths, MIME, strict UTF-8, oversize, quotas and authenticated corruption failures (1888.857494ms)
✔ FILE PURGING: filesystem failure keeps durable cleanup, restart completes deletion (1802.663733ms)
✔ FILE SOURCE: owner-bound immutable UTF-8 snapshot and purge cascade (1653.562416ms)
✔ FILES PURGE: remove bytes and cascaded context, never resurrect a late reservation (1943.830297ms)
✔ FILES: real encrypted immutable private bytes, owner download and restart (1703.589871ms)
✔ HTTP authenticated task persists through application and PostgreSQL restart (2001.044513ms)
✔ R1 acceptance: pending upload owns shared key, completes once and replays after restart (2044.283552ms)
✔ R1 all generic routes conflict before DB or file side effects; owners remain independent (1427.606439ms)
✔ R1 reverse direction: completed generic key rejects upload before reservation or blob write (1660.797283ms)
✔ R1 DB failure: reservation blocks other routes until recovery, then same request retries once (1820.871218ms)
✔ R1 FS failure: reservation blocks other routes until recovery, then same request retries once (1764.402313ms)
✔ R1 cancelled reservation cannot disturb a replacement completed cache; purge releases only its owner (1656.045588ms)
✔ R1 pending purge releases reservation and leaves another owner same-key cache intact (1609.752467ms)
✔ R1 cancelled upload retry with identical key and body gets a new reservation, old request cannot finalize it (1335.308195ms)
✔ R1 recovery of legacy collision preserves the completed same-owner same-key response (1854.919402ms)
✔ Task lifecycle optimistic locking rejects stale/illegal transitions and resumes persisted checkpoint (2149.62212ms)
✔ managed provider uses fixed destinations, bounded tokens, caches MI and parses tools (21.708257ms)
✔ Owner export and purge revoke all sessions and prevent stale worker/direct database resurrection (1839.10504ms)
✔ Revoked and expired approval cannot authorize queued dispatch (2938.175714ms)
✔ Ambiguous adapter exception and malformed receipt never retry or expose provider secrets (1758.10241ms)
✔ Expired lease fences old worker; crash executing marker recovers unknown without repeating effect (1792.60034ms)
✔ Cancelled task invalidates queued policy before dispatch (1613.045391ms)
✔ Timeout after synthetic dispatch becomes unknown and a late return cannot overwrite it (1580.068859ms)
✔ Worker revalidates queued revision, session expiry and intent expiry before any call (5084.502058ms)
✔ Purge during in-flight synthetic call waits and late completion cannot recreate records (1583.4337ms)
✔ Closed query and body schemas, redacted parser/DB errors, expired sessions and cross-owner foreign keys (1916.450208ms)
✔ private web login: one-use invite, secure cookie, CSRF, auth and owner isolation (1867.685177ms)
ℹ tests 108
ℹ suites 0
ℹ pass 108
ℹ fail 0
ℹ cancelled 0
ℹ skipped 0
ℹ todo 0
ℹ duration_ms 209131.375046
