
> nova-community-agent@0.1.0 test
> tsx --test --test-concurrency=1 tests/*.test.ts

✖ Artifact append-only revisions, concurrent conflict and owner-scoped revision export (1268.721896ms)
✔ HTTP authenticated task persists through application and PostgreSQL restart (1761.661969ms)
ℹ tests 2
ℹ suites 0
ℹ pass 1
ℹ fail 1
ℹ cancelled 0
ℹ skipped 0
ℹ todo 0
ℹ duration_ms 3425.925607

✖ failing tests:

test at tests/artifacts.test.ts:6:1
✖ Artifact append-only revisions, concurrent conflict and owner-scoped revision export (1268.721896ms)
  AssertionError [ERR_ASSERTION]: Expected values to be strictly equal:
  
  404 !== 201
  
      at TestContext.<anonymous> (/home/azureuser/nova-community-agent/tests/artifacts.test.ts:16:12)
      at process.processTicksAndRejections (node:internal/process/task_queues:104:5)
      at async Test.run (node:internal/test_runner/test:1409:7)
      at async startSubtestAfterBootstrap (node:internal/test_runner/harness:387:3) {
    generatedMessage: true,
    code: 'ERR_ASSERTION',
    actual: 404,
    expected: 201,
    operator: 'strictEqual',
    diff: 'simple'
  }
