
> nova-community-agent@0.1.0 test
> tsx --test --test-concurrency=1 tests/*.test.ts

✖ Approval binds exact revision/account/recipient; concurrent consumption yields one durable synthetic effect (1222.491953ms)
✔ Artifact append-only revisions, concurrent conflict and owner-scoped revision export (1621.270062ms)
✔ HTTP authenticated task persists through application and PostgreSQL restart (1715.416689ms)
ℹ tests 3
ℹ suites 0
ℹ pass 2
ℹ fail 1
ℹ cancelled 0
ℹ skipped 0
ℹ todo 0
ℹ duration_ms 5126.401755

✖ failing tests:

test at tests/actions.test.ts:6:1
✖ Approval binds exact revision/account/recipient; concurrent consumption yields one durable synthetic effect (1222.491953ms)
  AssertionError [ERR_ASSERTION]: Expected values to be strictly equal:
  
  404 !== 201
  
      at TestContext.<anonymous> (/home/azureuser/nova-community-agent/tests/actions.test.ts:18:12)
      at process.processTicksAndRejections (node:internal/process/task_queues:104:5)
      at async Test.run (node:internal/test_runner/test:1409:7)
      at async startSubtestAfterBootstrap (node:internal/test_runner/harness:387:3) {
    generatedMessage: true,
    code: 'ERR_ASSERTION',
    actual: 404,
    expected: 201,
    operator: 'strictEqual',
    diff: 'simple'
  }
