✖ Local bootstrap CLI writes private credential file; real server subprocess restarts and serves persisted tasks (1838.811656ms)
ℹ tests 1
ℹ suites 0
ℹ pass 0
ℹ fail 1
ℹ cancelled 0
ℹ skipped 0
ℹ todo 0
ℹ duration_ms 2078.045475

✖ failing tests:

test at tests/cli.test.ts:15:1
✖ Local bootstrap CLI writes private credential file; real server subprocess restarts and serves persisted tasks (1838.811656ms)
  AssertionError [ERR_ASSERTION]: bounded synthetic worker CLI must succeed
  
  1 !== 0
  
      at TestContext.<anonymous> (/home/azureuser/nova-community-agent/tests/cli.test.ts:39:12)
      at process.processTicksAndRejections (node:internal/process/task_queues:104:5)
      at async Test.run (node:internal/test_runner/test:1409:7)
      at async startSubtestAfterBootstrap (node:internal/test_runner/harness:387:3) {
    generatedMessage: false,
    code: 'ERR_ASSERTION',
    actual: 1,
    expected: 0,
    operator: 'strictEqual',
    diff: 'simple'
  }
