
> nova-community-agent@0.1.0 test
> tsx --test --test-concurrency=1 tests/*.test.ts

✔ Approval binds exact revision/account/recipient; concurrent consumption yields one durable synthetic effect (2191.094782ms)
✔ NEW project provider env is opt-in, complete, HTTPS-only and ignores unrelated credentials (20.59778ms)
✔ lock-observation invalidation before queued lease error must not emit an unhandled pool error (1504.496037ms)
✔ SIGKILL during real provider await survives PG and API restart as unknown; explicit new turn recovers (3857.740519ms)
✔ corrected behavior: rejected second runtime must not delete first runtime pending upload/reservation (1662.822673ms)
✔ corrected behavior: assistant-generated content must not become a user_supplied source (1737.686469ms)
✔ pending upload namespace blocks turn without losing reservation or invoking model (1599.952552ms)
✔ cancelled generation cannot write after a new run completes; original replay cannot redispatch (1748.619077ms)
✔ a different live session cannot authorize output of the revoked initiating session (1674.049543ms)
✔ entire provider batch is allowlist/schema validated before first mutation (1636.456576ms)
✔ corrected behavior: expiry during canonical writer lock wait must roll back mutation and receipt (2816.431505ms)
✔ receipt insertion failure atomically rolls back canonical revision and outbox; no replay inference (1777.355064ms)
✔ session final validation after actual receipt write wait (2761.696931ms)
✔ session final validation after actual terminal write wait (2897.419595ms)
✔ lease loss during writer wait rolls back; replacement drains the old transaction before recovery (1863.123241ms)
✔ failed storage initialization releases singleton before close and removes client listeners (1754.54079ms)
✔ dedicated client end alone invalidates runtime and cleans listeners (1652.950203ms)
✔ lease loss while file read awaits records unknown before read returns (1761.931795ms)
✔ startup reservation also excludes non-agent file runtime: false (1798.574226ms)
✔ startup reservation also excludes non-agent file runtime: true (1719.980692ms)
✔ lease loss fences held inference, late output and replacement (1944.274786ms)
✔ lease loss fences held inference, late output and cancel (2033.745311ms)
✔ lease loss fences held inference, late output and purge (1973.635756ms)
✔ controlled protocol: automatic tools revise canonical artifact, persist assistant, reopen and replay without inference (1889.074314ms)
✔ fail closed: denied approval (1719.495288ms)
✔ fail closed: prototype tool (1693.827803ms)
✔ fail closed: schema owner injection (1666.957114ms)
✔ fail closed: malformed arguments (1683.320439ms)
✔ fail closed: invalid JSON (1595.472529ms)
✔ fail closed: refusal (1697.279165ms)
✔ fail closed: truncation (1579.780811ms)
✔ fail closed: empty (1734.355573ms)
✔ fail closed: stop with malformed calls (1685.852503ms)
✔ fail closed: oversized (1609.736629ms)
✔ fail closed: http error (1779.852029ms)
✔ question pauses task; explicit answer resumes with file observation, scope checks and terminal receipt (1826.398424ms)
✔ post-provider await fence: cancel (1321.258101ms)
✔ post-provider await fence: revoke (1771.858928ms)
✔ post-provider await fence: expire (1717.878715ms)
✔ post-provider await fence: purge (1704.78635ms)
✔ post-provider await fence: message (1735.513082ms)
✔ post-provider await fence: task (1730.922088ms)
✔ post-provider await fence: artifact (1764.530974ms)
✔ budgets stop loops and response timeout is explicit unknown; no replay retry (5203.946107ms)
✔ restart conservatively fails queued and marks interrupted inference unknown without replay (1727.949198ms)
✔ pluggable provider remains untrusted and uncooperative await is bounded (2968.975162ms)
✔ server-wide active run budget bounds concurrent inference across conversations (1662.927121ms)
✔ tool scope rejects another conversation: read_artifact (1370.304668ms)
✔ tool scope rejects another conversation: update_artifact (1663.949288ms)
✔ tool scope rejects another conversation: read_file (1687.298608ms)
✔ read_artifact observes canonical revision; duplicate tool ID cannot repeat mutation (1781.87012ms)
✔ context byte budget rolls back oversized tool mutation and preflight never calls provider (1665.939218ms)
✔ inference failure after a committed tool preserves its receipt/revision without replay (1696.640014ms)
✔ tool transaction failure rolls back artifact and receipt together (1776.800909ms)
✔ post-file await fence: cancel (1735.587479ms)
✔ post-file await fence: purge (1680.675596ms)
✔ post-file await fence: revoke (1740.764145ms)
✔ one runtime per database rejects a concurrent engine without recovering live work (1729.842831ms)
✔ provider redirects are not followed (1764.729456ms)
✔ Artifact append-only revisions, concurrent conflict and owner-scoped revision export (2352.618234ms)
✔ AUTH-RECHECK expiry mutation: reject stale authentication after owner-lock wait (3979.364188ms)
✔ AUTH-RECHECK expiry replay: reject stale authentication after owner-lock wait (3883.403123ms)
✔ AUTH-RECHECK expiry export: reject stale authentication after owner-lock wait (3906.641779ms)
✔ AUTH-RECHECK expiry purge: reject stale authentication after owner-lock wait (3784.87716ms)
✔ AUTH-RECHECK revoke mutation: reject stale authentication after owner-lock wait (1750.761105ms)
✔ AUTH-RECHECK revoke replay: reject stale authentication after owner-lock wait (1604.762056ms)
✔ AUTH-RECHECK revoke export: reject stale authentication after owner-lock wait (1843.095258ms)
✔ AUTH-RECHECK revoke purge: reject stale authentication after owner-lock wait (1809.297095ms)
✔ AUTH-RECHECK rebind mutation: reject stale authentication after owner-lock wait (1757.890453ms)
✔ AUTH-RECHECK rebind replay: reject stale authentication after owner-lock wait (1785.775705ms)
✔ AUTH-RECHECK rebind export: reject stale authentication after owner-lock wait (1745.208219ms)
✔ AUTH-RECHECK rebind purge: reject stale authentication after owner-lock wait (1788.147963ms)
✔ document endpoints authorize owner, reject wrong formats and return exact saved revision PDF (2641.134166ms)
✔ Local bootstrap CLI writes private credential file; real server subprocess restarts and serves persisted tasks (5188.601236ms)
✔ CONTEXT AUTH: exact token revoked during owner lock blocks message read and append (2084.619761ms)
✔ PROVENANCE: exact revision, literal snapshot, conversation boundaries and declared scopes (2079.756965ms)
✔ MESSAGES: immutable owned sequence, replay, pagination and restart (2023.438345ms)
✔ PDF render/extract roundtrip, reject fake/encrypted input and escape markup (405.218724ms)
✔ generated PDF signature/extraction and ZIP independent unzip retain exact source bytes (478.725904ms)
✔ generated archives reject traversal, duplicate names, wrong format and byte overflow before tool execution (1.263171ms)
✔ FILE KEY: a previously populated unbound key is never imported (1441.955868ms)
✔ FILE AUTH: expiry during real blob write rejects ready commit, recovery cleans pending bytes (3091.24951ms)
✔ FILE FS BOUNDARY: write failure reserves quota but produces no ready cache, byte quota serializes (2138.62415ms)
✔ FILE STORE IDENTITY: wrong root and missing key fail closed, no replacement key on existing data (1904.696824ms)
✔ FILE RECOVERY: real DB failure after blob fsync, pending hidden and startup conservative cleanup (1802.633954ms)
✔ FILE VALIDATION: paths, MIME, strict UTF-8, oversize, quotas and authenticated corruption failures (2074.955153ms)
✔ FILE PURGING: filesystem failure keeps durable cleanup, restart completes deletion (1800.476148ms)
✔ FILE SOURCE: owner-bound immutable UTF-8 snapshot and purge cascade (1401.211577ms)
✔ FILES PURGE: remove bytes and cascaded context, never resurrect a late reservation (2041.510233ms)
✔ FILES: real encrypted immutable private bytes, owner download and restart (1890.703092ms)
✔ flexible binary transport is owner-scoped, inert and explicitly not universal extraction (1623.335132ms)
✔ HTTP authenticated task persists through application and PostgreSQL restart (2524.456782ms)
✔ adapter fixes endpoint and refuses analyzers outside the allowlist (3.13894ms)
✔ ocr success returns page evidence, word confidence and markdown text without leaking the key (25.772188ms)
✔ operation-location outside the fixed endpoint is rejected, never followed (0.339891ms)
✔ 403 429 and 5xx map to explicit states without retry (1.553004ms)
✔ polling is bounded and reports timeout (3.855931ms)
✔ cancellation via AbortSignal yields cancelled state (0.431578ms)
✔ rejects oversize bytes, unknown magic and any url-like input before network (0.363384ms)
✔ missing credential yields unavailable without network (0.22779ms)
✔ route policy prefers local parse, uses OCR only for images and textless pdf, never claims universal formats (0.433667ms)
✔ proposed tools are schemas only, inactive, and none accepts a url (0.322371ms)
✔ native generated file tool commits revision and owner-scoped exact code download (1476.493807ms)
✔ R1 acceptance: pending upload owns shared key, completes once and replays after restart (1785.708996ms)
✔ R1 all generic routes conflict before DB or file side effects; owners remain independent (1830.144447ms)
✔ R1 reverse direction: completed generic key rejects upload before reservation or blob write (1594.515311ms)
✔ R1 DB failure: reservation blocks other routes until recovery, then same request retries once (1910.823504ms)
✔ R1 FS failure: reservation blocks other routes until recovery, then same request retries once (1882.253531ms)
✔ R1 cancelled reservation cannot disturb a replacement completed cache; purge releases only its owner (1745.582955ms)
✔ R1 pending purge releases reservation and leaves another owner same-key cache intact (1289.497781ms)
✔ R1 cancelled upload retry with identical key and body gets a new reservation, old request cannot finalize it (1612.520832ms)
✔ R1 recovery of legacy collision preserves the completed same-owner same-key response (1857.791649ms)
✔ native jobs_search: primary unavailable → one registry-targeted discovery query → only registry detail pages are read; result persists provenance for current, expired and off-registry leads (2219.46327ms)
✔ native unavailable source uses one bounded web candidate search and suppresses repeated jobs call (1674.408697ms)
✔ native fallback preserves direct-only constraint as unmet browsing suggestions, never UNKNOWN opportunities (2268.965389ms)
✔ native agent asks city from jobs receipt without browsing and includes discovery safety instructions (1957.962212ms)
✔ jobs source receipt cannot persist after session revocation (1785.900829ms)
✔ cancellation fences uncooperative job providers and does not hang app shutdown (1705.27762ms)
✔ native jobs dispatch completes with original link receipt and no preference interview (1725.426988ms)
✔ Subito adapter is deny-by-default until explicit source-policy review (8.904844ms)
✔ Playwright parser reads only compact listing cards, distinguishes blocks from no matches (296.895908ms)
✔ fixed search URLs and robots policy do not allow login, third parties or forbidden paths (4.353424ms)
✔ portal vacancy carries evidence, UNKNOWN publisher and no-agencies excludes unknown even on cache hit (13.152734ms)
✔ generic discovery revoke fences page reads and receipts after web await (1616.978977ms)
✔ generic discovery cancel fences page reads and receipts after web await (1760.174338ms)
✔ permitted imported metadata survives actual native receipt/event persistence (1643.62905ms)
✔ controlled-provider native generic dispatch persists missing city, corrections, remote and suppresses duplicates (2567.940357ms)
✔ generic page path requires explicit authorized origin and never expires by age alone (27.334238ms)
✔ generic role evidence is in listing title, sala is not ai piani, footer is not city evidence (2.597562ms)
✔ unsafe source search URLs never reach generic browsing receipts (6.370419ms)
✔ legacy injected source no longer crashes after nonwhitelist city normalization (12.572969ms)
✔ a legacy policy reference cannot authorize Subito automation (0.869133ms)
✔ generic default gates automation and returns named original-source searches, not vacancies (4.186363ms)
✔ permitted imports are dated observations, unknown publisher allowed, never relabelled live or city (0.682696ms)
✔ staged native renderer presents dated records and search links separately with safe metadata (275.744602ms)
✔ generic occupation and municipality are not limited to a dictionary (4.436254ms)
✔ current user provenance wins over model cities, negation and old preferences (2.218754ms)
✖ native dispatcher: robots-permitted JSON-LD pages become JSONLD_VERIFIED cards (expired labelled, province honest); no-JSON-LD and disallowed links stay search links; Subito never fetched (4086.103319ms)
✔ native dispatcher: strict no-agencies request never turns JSON-LD reads into opportunities; constraint stays unmet (3801.314835ms)
✔ native dispatcher: revoke during web search prevents every JSON-LD page read (1719.277182ms)
✔ native dispatcher: cancel during web search prevents every JSON-LD page read (1699.792443ms)
✔ registry is provider-neutral, fixed and reviewed: only https detail-shaped paths on listed origins are fetched (2.510276ms)
✔ expired, redirected, epoch-dated and off-city pages never become vacancies; reasons are kept (31.105584ms)
✔ a current listing with role, exact city and plausible date becomes a vacancy with provenance; publisher is classified not assumed (3.084122ms)
✔ bounded: at most six leads, 2.5MB body, one request per lead, fetch failure is UNAVAILABLE not silent (9.862676ms)
✔ discovery query targets single listing pages on reviewed sources, not generic indexes, and carries no user text (1.420382ms)
✔ allowlisted live adapter returns only current listing body evidence (28.502275ms)
✔ current explicit city wins and unsupported correction never falls back (6.582649ms)
✔ robots: NovaJobBot group preferred over *, rules merged across repeated groups (1.641253ms)
✔ robots: longest-match wins, Allow wins ties, wildcards and $ anchors, empty Disallow allows all (0.614963ms)
✔ gate: 404 permitted, 5xx and network failure denied, per-origin cache with TTL, https only (26.176171ms)
✔ gate: deny-list origins are refused before any robots fetch, regardless of Allow (0.424017ms)
✔ JSON-LD: single node, array, @graph, nested mainEntity are all found; fields sanitized (2.217379ms)
✔ JSON-LD: expired, unknown validity, missing fields, jobLocation array, hiringOrganization string, malformed and non-JobPosting (1.174922ms)
✔ city vs province classification is honest about comune, provincia and mismatch (0.548175ms)
✔ URL guards: https public hosts only; detail-shaped vs search links (6.120673ms)
✔ reader: permission gate, crawl-delay sequencing, size cap, redirects, 403 not bypassed, no JSON-LD fallback, max pages (82.47295ms)
✔ reader: robots 5xx denies every page of that origin; 404 robots permits; abort stops before I/O (16.386621ms)
✔ jsonLdOpportunities: cards only for verified reads, expired labelled, publisher UNKNOWN unless agency named, strict no-agencies excludes all (14.81114ms)
✔ progressive discovery runs search before companies and browser, preserves kinds and exact-URL dedupe (3.746456ms)
✔ sufficient search avoids expensive stages; missing city starts nothing; strict mode excludes unknown (1.437714ms)
{"first":{"status":"unavailable","occupation":"cameriere","city":"Bologna","code":"jobs_policy_unreviewed","originalSearchUrl":"https://www.subito.it/annunci-emilia-romagna/vendita/offerte-lavoro/bologna/bologna/?q=cameriere","retryable":false},"second":{"status":"unavailable","occupation":"cameriere","city":"Bologna","code":"jobs_policy_unreviewed","limitReason":"jobs_rate_limited","retryAfterSeconds":15,"originalSearchUrl":"https://www.subito.it/annunci-emilia-romagna/vendita/offerte-lavoro/bologna/bologna/?q=cameriere","retryable":false},"calls":1}
✔ failed source cause survives immediate retry without spending another request (12.202605ms)
✔ search-link receipts render only labelled browsing suggestions, never opportunity cards, in the public renderer (273.403552ms)
✔ historical search citations exclude closed InfoJobs Italia, preserving only browsing suggestions (1.759117ms)
✔ discovery examines at most six citations, rejects unsafe links and deduplicates fragments (0.755576ms)
✔ citation-only discovery never creates vacancies or observed job locations, even for detail-shaped URLs (0.316837ms)
✔ native jobs_search accepts intent and an empty city, not arbitrary browser options (1.25972ms)
✔ missing city asks before any source or cache access and cooking infers cuoco (2.20985ms)
✔ natural role/city search shares only canonical metadata with TTL across service instances (52.574533ms)
✔ live searches have one shared lock, fail fast on overlap and rate limit across instances (4.256942ms)
✔ source failure is explicit, never stale/simulated data; privacy and origin filter are strict (3.84093ms)
✔ ambiguous cities do not start a search and invalid budgets fail at construction (0.424093ms)
✔ subito flag: absent or wrong value disables; exact owner value enables; list URL uses known province path else national query (2.092542ms)
✔ subito adapter: parses cards from fixture, dedupes Vetrina, ignores /utente and ?o=, never paginates, no phone stored, cache hit avoids second navigation, badges → publisher (344.392904ms)
✔ subito adapter: 403 and captcha page report truthful block codes, no results; cancelled signal aborts before launch (419.393582ms)
✔ native dispatcher: flag off → Subito search link only; injected adapter on → LISTING_OBSERVED cards replace the Subito link and render with the Subito label in both renderers (2391.618689ms)
✔ cards whose title does not mention the requested occupation are set aside as off-query, not shown as matches (1.060845ms)
✔ job receipt cards expose only original HTTPS listing links and escaped labels (269.765314ms)
✔ daily warm cache is bounded to five cities, one role; duplicate daily run does no work (11.753308ms)
✔ web discovery returns bounded unverified candidate links, never working jobs (1.146869ms)
✔ Task lifecycle optimistic locking rejects stale/illegal transitions and resumes persisted checkpoint (2275.849948ms)
✔ managed provider uses fixed destinations, bounded tokens, caches MI and parses tools (7.302945ms)
✔ legacy autonomous voice fails closed and opt-in web serves staged native entrypoint (1942.853602ms)
✔ Owner export and purge revoke all sessions and prevent stale worker/direct database resurrection (2582.349466ms)
✔ BYOK secrets bind owner and provider; endpoints cannot redirect credentials (2.470544ms)
✔ Bedrock adapter retains tool IDs and results rather than replacing requested model (0.454766ms)
✔ running BYOK turn is pinned and revoked replacement key fences late provider output (1625.240369ms)
✔ provider routes never return keys; foundry model catalog is complete and paginated (1992.62459ms)
✔ Revoked and expired approval cannot authorize queued dispatch (3084.48479ms)
✔ Ambiguous adapter exception and malformed receipt never retry or expose provider secrets (1809.116261ms)
✔ Expired lease fences old worker; crash executing marker recovers unknown without repeating effect (1823.03829ms)
✔ Cancelled task invalidates queued policy before dispatch (1439.935659ms)
✔ Timeout after synthetic dispatch becomes unknown and a late return cannot overwrite it (1759.796931ms)
✔ Worker revalidates queued revision, session expiry and intent expiry before any call (5122.90265ms)
✔ Purge during in-flight synthetic call waits and late completion cannot recreate records (1633.679445ms)
✔ web search result cannot persist after initiating session is revoked (2049.508208ms)
✔ web_search tool accepts a bounded query and denies injected options (1.112781ms)
✔ Closed query and body schemas, redacted parser/DB errors, expired sessions and cross-owner foreign keys (2499.968095ms)
✔ global voice capacity of four is serialized across owners under database coordination (2252.306162ms)
✔ duplicate handshake replays the durable answer without a second provider call and rejects mismatched payloads (1747.093016ms)
✔ lost ack during connection: pending is reported honestly, recovery is read-only, replay follows the real outcome (1788.38158ms)
✔ replay respects revocation and restart: stale answers are never replayed for dead sessions (1788.003586ms)
✔ staged native voice UI binds conversation, stops late connection and provides authenticated file downloads (1277.332174ms)
✔ native policy preserves automatic language following; legacy autonomous voice is retired (1708.819152ms)
✔ failed canonical tool never speaks success and exposes voice run failure (2041.626356ms)
✔ cancelled voice inference is promptly aborted, not merely hidden until provider timeout (1583.296391ms)
✔ provider-observed committed voice input uses native tools, persists once, and continues in text (1537.972545ms)
✔ stop during native inference fences late voice tool completion (1699.273339ms)
✔ speech wait covers the native run deadline rather than silently abandoning at 60 seconds (3.796163ms)
✔ private web login: one-use invite, secure cookie, CSRF, auth and owner isolation (2060.701316ms)
✔ personal invite preview: private, non-consuming, expiring and origin protected (1914.008122ms)
ℹ tests 211
ℹ suites 0
ℹ pass 210
ℹ fail 1
ℹ cancelled 0
ℹ skipped 0
ℹ todo 0
ℹ duration_ms 319614.400594

✖ failing tests:

test at tests/jobs-jsonld-native.test.ts:16:1
✖ native dispatcher: robots-permitted JSON-LD pages become JSONLD_VERIFIED cards (expired labelled, province honest); no-JSON-LD and disallowed links stay search links; Subito never fetched (4086.103319ms)
  AssertionError [ERR_ASSERTION]: The expression evaluated to a falsy value:
  
    assert.ok(text.includes('Organizzazione non dichiarata · Inserzionista sconosciuto · permitted.example'))
  
      at TestContext.<anonymous> (/home/azureuser/nova-community-agent/tests/jobs-jsonld-native.test.ts:36:12)
      at async Test.run (node:internal/test_runner/test:1409:7)
      at async startSubtestAfterBootstrap (node:internal/test_runner/harness:387:3) {
    generatedMessage: true,
    code: 'ERR_ASSERTION',
    actual: false,
    expected: true,
    operator: '==',
    diff: 'simple'
  }
