
> nova-community-agent@0.1.0 test
> tsx --test --test-concurrency=1 tests/*.test.ts

✔ Approval binds exact revision/account/recipient; concurrent consumption yields one durable synthetic effect (2313.938849ms)
✔ NEW project provider env is opt-in, complete, HTTPS-only and ignores unrelated credentials (20.523042ms)
✔ lock-observation invalidation before queued lease error must not emit an unhandled pool error (1961.841937ms)
✔ SIGKILL during real provider await survives PG and API restart as unknown; explicit new turn recovers (3832.453193ms)
✔ corrected behavior: rejected second runtime must not delete first runtime pending upload/reservation (2029.975049ms)
✔ corrected behavior: assistant-generated content must not become a user_supplied source (1801.120891ms)
✔ pending upload namespace blocks turn without losing reservation or invoking model (1704.185208ms)
✔ cancelled generation cannot write after a new run completes; original replay cannot redispatch (1857.481465ms)
✔ a different live session cannot authorize output of the revoked initiating session (1592.02333ms)
✔ entire provider batch is allowlist/schema validated before first mutation (1710.302441ms)
✔ corrected behavior: expiry during canonical writer lock wait must roll back mutation and receipt (2863.539061ms)
✔ receipt insertion failure atomically rolls back canonical revision and outbox; no replay inference (1712.81447ms)
✔ session final validation after actual receipt write wait (3093.733394ms)
✔ session final validation after actual terminal write wait (2898.722752ms)
✔ lease loss during writer wait rolls back; replacement drains the old transaction before recovery (1882.586591ms)
✔ failed storage initialization releases singleton before close and removes client listeners (1913.302762ms)
✔ dedicated client end alone invalidates runtime and cleans listeners (1792.906258ms)
✔ lease loss while file read awaits records unknown before read returns (1846.232175ms)
✔ startup reservation also excludes non-agent file runtime: false (1742.45615ms)
✔ startup reservation also excludes non-agent file runtime: true (1801.038659ms)
✔ lease loss fences held inference, late output and replacement (2051.550574ms)
✔ lease loss fences held inference, late output and cancel (1912.642144ms)
✔ lease loss fences held inference, late output and purge (1976.792639ms)
✔ controlled protocol: automatic tools revise canonical artifact, persist assistant, reopen and replay without inference (1822.9494ms)
✔ fail closed: denied approval (1752.13093ms)
✔ fail closed: prototype tool (1428.35873ms)
✔ fail closed: schema owner injection (1741.69551ms)
✔ fail closed: malformed arguments (1722.189562ms)
✔ fail closed: invalid JSON (1612.859744ms)
✔ fail closed: refusal (1657.816386ms)
✔ fail closed: truncation (1722.619432ms)
✔ fail closed: empty (1699.663204ms)
✔ fail closed: stop with malformed calls (1707.112979ms)
✔ fail closed: oversized (1636.125655ms)
✔ fail closed: http error (1702.33944ms)
✔ question pauses task; explicit answer resumes with file observation, scope checks and terminal receipt (1738.572033ms)
✔ post-provider await fence: cancel (1881.527424ms)
✔ post-provider await fence: revoke (1695.370188ms)
✔ post-provider await fence: expire (1654.382071ms)
✔ post-provider await fence: purge (1681.553065ms)
✔ post-provider await fence: message (1639.460977ms)
✔ post-provider await fence: task (1662.984044ms)
✔ post-provider await fence: artifact (1750.380026ms)
✔ budgets stop loops and response timeout is explicit unknown; no replay retry (5258.268192ms)
✔ restart conservatively fails queued and marks interrupted inference unknown without replay (1736.06785ms)
✔ pluggable provider remains untrusted and uncooperative await is bounded (3090.530454ms)
✔ server-wide active run budget bounds concurrent inference across conversations (1703.354072ms)
✔ tool scope rejects another conversation: read_artifact (1850.31688ms)
✔ tool scope rejects another conversation: update_artifact (1814.542868ms)
✔ tool scope rejects another conversation: read_file (1787.221261ms)
✔ read_artifact observes canonical revision; duplicate tool ID cannot repeat mutation (1837.983835ms)
✔ context byte budget rolls back oversized tool mutation and preflight never calls provider (1827.762462ms)
✔ inference failure after a committed tool preserves its receipt/revision without replay (1794.576592ms)
✔ tool transaction failure rolls back artifact and receipt together (1775.540179ms)
✔ post-file await fence: cancel (1763.21505ms)
✔ post-file await fence: purge (1623.332316ms)
✔ post-file await fence: revoke (1756.568898ms)
✔ one runtime per database rejects a concurrent engine without recovering live work (1682.858137ms)
✔ provider redirects are not followed (1679.347614ms)
✔ Artifact append-only revisions, concurrent conflict and owner-scoped revision export (2486.974422ms)
✔ AUTH-RECHECK expiry mutation: reject stale authentication after owner-lock wait (4004.428149ms)
✔ AUTH-RECHECK expiry replay: reject stale authentication after owner-lock wait (3899.830331ms)
✔ AUTH-RECHECK expiry export: reject stale authentication after owner-lock wait (3868.278646ms)
✔ AUTH-RECHECK expiry purge: reject stale authentication after owner-lock wait (3817.013395ms)
✔ AUTH-RECHECK revoke mutation: reject stale authentication after owner-lock wait (1753.224724ms)
✔ AUTH-RECHECK revoke replay: reject stale authentication after owner-lock wait (1676.84596ms)
✔ AUTH-RECHECK revoke export: reject stale authentication after owner-lock wait (1832.075498ms)
✔ AUTH-RECHECK revoke purge: reject stale authentication after owner-lock wait (1684.191877ms)
✔ AUTH-RECHECK rebind mutation: reject stale authentication after owner-lock wait (1796.777209ms)
✔ AUTH-RECHECK rebind replay: reject stale authentication after owner-lock wait (1761.38019ms)
✔ AUTH-RECHECK rebind export: reject stale authentication after owner-lock wait (1796.646582ms)
✔ AUTH-RECHECK rebind purge: reject stale authentication after owner-lock wait (1805.631718ms)
✔ document endpoints authorize owner, reject wrong formats and return exact saved revision PDF (2190.772603ms)
✔ Local bootstrap CLI writes private credential file; real server subprocess restarts and serves persisted tasks (5121.255186ms)
✔ CONTEXT AUTH: exact token revoked during owner lock blocks message read and append (1582.633248ms)
✔ PROVENANCE: exact revision, literal snapshot, conversation boundaries and declared scopes (1670.964349ms)
✔ MESSAGES: immutable owned sequence, replay, pagination and restart (1829.603622ms)
✔ PDF render/extract roundtrip, reject fake/encrypted input and escape markup (410.255284ms)
✔ generated PDF signature/extraction and ZIP independent unzip retain exact source bytes (478.79563ms)
✔ generated archives reject traversal, duplicate names, wrong format and byte overflow before tool execution (1.007091ms)
✔ FILE KEY: a previously populated unbound key is never imported (1582.950718ms)
✔ FILE AUTH: expiry during real blob write rejects ready commit, recovery cleans pending bytes (3187.841168ms)
✔ FILE FS BOUNDARY: write failure reserves quota but produces no ready cache, byte quota serializes (2114.622377ms)
✔ FILE STORE IDENTITY: wrong root and missing key fail closed, no replacement key on existing data (1928.327721ms)
✔ FILE RECOVERY: real DB failure after blob fsync, pending hidden and startup conservative cleanup (1917.091935ms)
✔ FILE VALIDATION: paths, MIME, strict UTF-8, oversize, quotas and authenticated corruption failures (1887.541226ms)
✔ FILE PURGING: filesystem failure keeps durable cleanup, restart completes deletion (1813.842067ms)
✔ FILE SOURCE: owner-bound immutable UTF-8 snapshot and purge cascade (1363.018686ms)
✔ FILES PURGE: remove bytes and cascaded context, never resurrect a late reservation (2028.149317ms)
✔ FILES: real encrypted immutable private bytes, owner download and restart (1916.024939ms)
✔ flexible binary transport is owner-scoped, inert and explicitly not universal extraction (2108.975669ms)
✔ HTTP authenticated task persists through application and PostgreSQL restart (2585.080476ms)
✔ adapter fixes endpoint and refuses analyzers outside the allowlist (3.111563ms)
✔ ocr success returns page evidence, word confidence and markdown text without leaking the key (29.241767ms)
✔ operation-location outside the fixed endpoint is rejected, never followed (0.380722ms)
✔ 403 429 and 5xx map to explicit states without retry (1.504726ms)
✔ polling is bounded and reports timeout (3.850222ms)
✔ cancellation via AbortSignal yields cancelled state (0.48283ms)
✔ rejects oversize bytes, unknown magic and any url-like input before network (0.350886ms)
✔ missing credential yields unavailable without network (0.217007ms)
✔ route policy prefers local parse, uses OCR only for images and textless pdf, never claims universal formats (0.449003ms)
✔ proposed tools are schemas only, inactive, and none accepts a url (0.301366ms)
✔ native generated file tool commits revision and owner-scoped exact code download (1876.370989ms)
✔ R1 acceptance: pending upload owns shared key, completes once and replays after restart (2108.025779ms)
✔ R1 all generic routes conflict before DB or file side effects; owners remain independent (1784.21269ms)
✔ R1 reverse direction: completed generic key rejects upload before reservation or blob write (1731.278444ms)
✔ R1 DB failure: reservation blocks other routes until recovery, then same request retries once (1840.21423ms)
✔ R1 FS failure: reservation blocks other routes until recovery, then same request retries once (1827.279696ms)
✔ R1 cancelled reservation cannot disturb a replacement completed cache; purge releases only its owner (1807.757817ms)
✔ R1 pending purge releases reservation and leaves another owner same-key cache intact (1736.199673ms)
✔ R1 cancelled upload retry with identical key and body gets a new reservation, old request cannot finalize it (1752.018341ms)
✔ R1 recovery of legacy collision preserves the completed same-owner same-key response (1812.470695ms)
✔ native jobs_search: primary unavailable → one registry-targeted discovery query → only registry detail pages are read; result persists provenance for current, expired and off-registry leads (1697.933035ms)
✔ native unavailable source uses one bounded web candidate search and suppresses repeated jobs call (2066.554193ms)
✔ native fallback preserves direct-only constraint as unmet browsing suggestions, never UNKNOWN opportunities (2329.876947ms)
✔ native agent asks city from jobs receipt without browsing and includes discovery safety instructions (1526.378289ms)
✔ jobs source receipt cannot persist after session revocation (1795.373361ms)
✔ cancellation fences uncooperative job providers and does not hang app shutdown (1741.867067ms)
✔ native jobs dispatch completes with original link receipt and no preference interview (1614.518062ms)
✔ Subito adapter is deny-by-default until explicit source-policy review (8.579163ms)
✔ Playwright parser reads only compact listing cards, distinguishes blocks from no matches (295.418725ms)
✔ fixed search URLs and robots policy do not allow login, third parties or forbidden paths (3.568071ms)
✔ portal vacancy carries evidence, UNKNOWN publisher and no-agencies excludes unknown even on cache hit (13.13158ms)
✔ generic discovery revoke fences page reads and receipts after web await (1639.822746ms)
✔ generic discovery cancel fences page reads and receipts after web await (1412.731442ms)
✔ permitted imported metadata survives actual native receipt/event persistence (1833.693526ms)
✔ controlled-provider native generic dispatch persists missing city, corrections, remote and suppresses duplicates (2447.426916ms)
✔ generic page path requires explicit authorized origin and never expires by age alone (27.163527ms)
✔ generic role evidence is in listing title, sala is not ai piani, footer is not city evidence (2.476047ms)
✔ unsafe source search URLs never reach generic browsing receipts (6.304671ms)
✔ legacy injected source no longer crashes after nonwhitelist city normalization (12.067921ms)
✔ a legacy policy reference cannot authorize Subito automation (0.918052ms)
✔ generic default gates automation and returns named original-source searches, not vacancies (4.157753ms)
✔ permitted imports are dated observations, unknown publisher allowed, never relabelled live or city (0.686129ms)
✔ staged native renderer presents dated records and search links separately with safe metadata (277.744595ms)
✔ generic occupation and municipality are not limited to a dictionary (4.467376ms)
✔ current user provenance wins over model cities, negation and old preferences (2.232278ms)
✔ native dispatcher: robots-permitted JSON-LD pages become JSONLD_VERIFIED cards (expired labelled, province honest); no-JSON-LD and disallowed links stay search links; Subito never fetched (4123.898256ms)
✔ native dispatcher: strict no-agencies request never turns JSON-LD reads into opportunities; constraint stays unmet (3773.155599ms)
✔ native dispatcher: revoke during web search prevents every JSON-LD page read (1617.477007ms)
✔ native dispatcher: cancel during web search prevents every JSON-LD page read (1707.789344ms)
✔ registry is provider-neutral, fixed and reviewed: only https detail-shaped paths on listed origins are fetched (2.447381ms)
✔ expired, redirected, epoch-dated and off-city pages never become vacancies; reasons are kept (29.433764ms)
✔ a current listing with role, exact city and plausible date becomes a vacancy with provenance; publisher is classified not assumed (3.185745ms)
✔ bounded: at most six leads, 2.5MB body, one request per lead, fetch failure is UNAVAILABLE not silent (9.853848ms)
✔ discovery query targets single listing pages on reviewed sources, not generic indexes, and carries no user text (1.518262ms)
✔ allowlisted live adapter returns only current listing body evidence (30.785859ms)
✔ current explicit city wins and unsupported correction never falls back (6.580758ms)
✔ robots: NovaJobBot group preferred over *, rules merged across repeated groups (1.664436ms)
✔ robots: longest-match wins, Allow wins ties, wildcards and $ anchors, empty Disallow allows all (0.605343ms)
✔ gate: 404 permitted, 5xx and network failure denied, per-origin cache with TTL, https only (26.721328ms)
✔ gate: deny-list origins are refused before any robots fetch, regardless of Allow (0.425675ms)
✔ JSON-LD: single node, array, @graph, nested mainEntity are all found; fields sanitized (2.358108ms)
✔ JSON-LD: expired, unknown validity, missing fields, jobLocation array, hiringOrganization string, malformed and non-JobPosting (1.2394ms)
✔ city vs province classification is honest about comune, provincia and mismatch (0.561594ms)
✔ URL guards: https public hosts only; detail-shaped vs search links (6.115823ms)
✔ reader: permission gate, crawl-delay sequencing, size cap, redirects, 403 not bypassed, no JSON-LD fallback, max pages (82.718686ms)
✔ reader: robots 5xx denies every page of that origin; 404 robots permits; abort stops before I/O (34.095692ms)
✔ jsonLdOpportunities: cards only for verified reads, expired labelled, publisher UNKNOWN unless agency named, strict no-agencies excludes all (12.114091ms)
✔ progressive discovery runs search before companies and browser, preserves kinds and exact-URL dedupe (3.702625ms)
✔ sufficient search avoids expensive stages; missing city starts nothing; strict mode excludes unknown (1.42379ms)
{"first":{"status":"unavailable","occupation":"cameriere","city":"Bologna","code":"jobs_policy_unreviewed","originalSearchUrl":"https://www.subito.it/annunci-emilia-romagna/vendita/offerte-lavoro/bologna/bologna/?q=cameriere","retryable":false},"second":{"status":"unavailable","occupation":"cameriere","city":"Bologna","code":"jobs_policy_unreviewed","limitReason":"jobs_rate_limited","retryAfterSeconds":15,"originalSearchUrl":"https://www.subito.it/annunci-emilia-romagna/vendita/offerte-lavoro/bologna/bologna/?q=cameriere","retryable":false},"calls":1}
✔ failed source cause survives immediate retry without spending another request (12.303287ms)
✔ search-link receipts render only labelled browsing suggestions, never opportunity cards, in the public renderer (327.638409ms)
✔ historical search citations exclude closed InfoJobs Italia, preserving only browsing suggestions (1.781398ms)
✔ discovery examines at most six citations, rejects unsafe links and deduplicates fragments (0.940578ms)
✔ citation-only discovery never creates vacancies or observed job locations, even for detail-shaped URLs (0.331492ms)
✔ native jobs_search accepts intent and an empty city, not arbitrary browser options (1.276627ms)
✔ missing city asks before any source or cache access and cooking infers cuoco (2.136717ms)
✔ natural role/city search shares only canonical metadata with TTL across service instances (36.644608ms)
✔ live searches have one shared lock, fail fast on overlap and rate limit across instances (6.674084ms)
✔ source failure is explicit, never stale/simulated data; privacy and origin filter are strict (17.553559ms)
✔ ambiguous cities do not start a search and invalid budgets fail at construction (0.687268ms)
✔ subito flag: absent or wrong value disables; exact owner value enables; list URL uses known province path else national query (2.112396ms)
✔ subito adapter: parses cards from fixture, dedupes Vetrina, ignores /utente and ?o=, never paginates, no phone stored, cache hit avoids second navigation, badges → publisher (326.915349ms)
✔ subito adapter: 403 and captcha page report truthful block codes, no results; cancelled signal aborts before launch (416.684211ms)
✔ native dispatcher: flag off → Subito search link only; injected adapter on → LISTING_OBSERVED cards replace the Subito link and render with the Subito label in both renderers (2500.08328ms)
✔ cards whose title does not mention the requested occupation are set aside as off-query, not shown as matches (1.09206ms)
✔ job receipt cards expose only original HTTPS listing links and escaped labels (266.760188ms)
✔ daily warm cache is bounded to five cities, one role; duplicate daily run does no work (11.283759ms)
✔ web discovery returns bounded unverified candidate links, never working jobs (1.099657ms)
✔ Task lifecycle optimistic locking rejects stale/illegal transitions and resumes persisted checkpoint (2270.92467ms)
✔ managed provider uses fixed destinations, bounded tokens, caches MI and parses tools (7.826354ms)
✔ legacy autonomous voice fails closed and opt-in web serves staged native entrypoint (1929.733077ms)
✔ Owner export and purge revoke all sessions and prevent stale worker/direct database resurrection (2349.908795ms)
✔ BYOK secrets bind owner and provider; endpoints cannot redirect credentials (2.483261ms)
✔ Bedrock adapter retains tool IDs and results rather than replacing requested model (0.44746ms)
✔ running BYOK turn is pinned and revoked replacement key fences late provider output (2084.600064ms)
✔ provider routes never return keys; foundry model catalog is complete and paginated (1948.507651ms)
✔ Revoked and expired approval cannot authorize queued dispatch (2675.625534ms)
✔ Ambiguous adapter exception and malformed receipt never retry or expose provider secrets (1721.284497ms)
✔ Expired lease fences old worker; crash executing marker recovers unknown without repeating effect (1882.226624ms)
✔ Cancelled task invalidates queued policy before dispatch (1728.219272ms)
✔ Timeout after synthetic dispatch becomes unknown and a late return cannot overwrite it (1723.466152ms)
✔ Worker revalidates queued revision, session expiry and intent expiry before any call (5221.780377ms)
✔ Purge during in-flight synthetic call waits and late completion cannot recreate records (1766.561852ms)
✔ web search result cannot persist after initiating session is revoked (1652.002948ms)
✔ web_search tool accepts a bounded query and denies injected options (1.088316ms)
✔ Closed query and body schemas, redacted parser/DB errors, expired sessions and cross-owner foreign keys (2261.96047ms)
✔ global voice capacity of four is serialized across owners under database coordination (2227.325964ms)
✔ duplicate handshake replays the durable answer without a second provider call and rejects mismatched payloads (1829.2639ms)
✔ lost ack during connection: pending is reported honestly, recovery is read-only, replay follows the real outcome (1962.446285ms)
✔ replay respects revocation and restart: stale answers are never replayed for dead sessions (1784.253389ms)
✔ staged native voice UI binds conversation, stops late connection and provides authenticated file downloads (1253.509447ms)
✔ native policy preserves automatic language following; legacy autonomous voice is retired (1693.429839ms)
✔ failed canonical tool never speaks success and exposes voice run failure (2042.265151ms)
✔ cancelled voice inference is promptly aborted, not merely hidden until provider timeout (1710.773865ms)
✔ provider-observed committed voice input uses native tools, persists once, and continues in text (1950.943622ms)
✔ stop during native inference fences late voice tool completion (1566.602706ms)
✔ speech wait covers the native run deadline rather than silently abandoning at 60 seconds (3.872607ms)
✔ private web login: one-use invite, secure cookie, CSRF, auth and owner isolation (2011.444007ms)
✔ personal invite preview: private, non-consuming, expiring and origin protected (1986.706191ms)
ℹ tests 211
ℹ suites 0
ℹ pass 211
ℹ fail 0
ℹ cancelled 0
ℹ skipped 0
ℹ todo 0
ℹ duration_ms 322471.966099
