
> nova-community-agent@0.1.0 test
> tsx --test --test-concurrency=1 tests/*.test.ts

✔ Approval binds exact revision/account/recipient; concurrent consumption yields one durable synthetic effect (2169.475433ms)
✔ NEW project provider env is opt-in, complete, HTTPS-only and ignores unrelated credentials (19.55723ms)
✔ lock-observation invalidation before queued lease error must not emit an unhandled pool error (1625.92931ms)
✔ SIGKILL during real provider await survives PG and API restart as unknown; explicit new turn recovers (3808.831772ms)
✔ corrected behavior: rejected second runtime must not delete first runtime pending upload/reservation (1911.727187ms)
✔ corrected behavior: assistant-generated content must not become a user_supplied source (1751.202378ms)
✔ pending upload namespace blocks turn without losing reservation or invoking model (1701.715096ms)
✔ cancelled generation cannot write after a new run completes; original replay cannot redispatch (1884.764624ms)
✔ a different live session cannot authorize output of the revoked initiating session (1703.847107ms)
✔ entire provider batch is allowlist/schema validated before first mutation (1632.964772ms)
✔ corrected behavior: expiry during canonical writer lock wait must roll back mutation and receipt (2752.939921ms)
✔ receipt insertion failure atomically rolls back canonical revision and outbox; no replay inference (1598.937404ms)
✔ session final validation after actual receipt write wait (3100.179573ms)
✔ session final validation after actual terminal write wait (2927.260022ms)
✔ lease loss during writer wait rolls back; replacement drains the old transaction before recovery (1894.206287ms)
✔ failed storage initialization releases singleton before close and removes client listeners (1765.273296ms)
✔ dedicated client end alone invalidates runtime and cleans listeners (1755.199093ms)
✔ lease loss while file read awaits records unknown before read returns (1777.916698ms)
✔ startup reservation also excludes non-agent file runtime: false (1737.091516ms)
✔ startup reservation also excludes non-agent file runtime: true (1636.011221ms)
✔ lease loss fences held inference, late output and replacement (2022.906184ms)
✔ lease loss fences held inference, late output and cancel (1952.545633ms)
✔ lease loss fences held inference, late output and purge (1864.475869ms)
✔ controlled protocol: automatic tools revise canonical artifact, persist assistant, reopen and replay without inference (2180.26434ms)
✔ fail closed: denied approval (1708.289752ms)
✔ fail closed: prototype tool (1699.46197ms)
✔ fail closed: schema owner injection (1740.956443ms)
✔ fail closed: malformed arguments (1657.678553ms)
✔ fail closed: invalid JSON (1607.557138ms)
✔ fail closed: refusal (1705.90643ms)
✔ fail closed: truncation (1691.672808ms)
✔ fail closed: empty (1423.874427ms)
✔ fail closed: stop with malformed calls (1607.039988ms)
✔ fail closed: oversized (1650.73171ms)
✔ fail closed: http error (1572.215252ms)
✔ question pauses task; explicit answer resumes with file observation, scope checks and terminal receipt (1396.459831ms)
✔ post-provider await fence: cancel (1685.313996ms)
✔ post-provider await fence: revoke (1749.832488ms)
✔ post-provider await fence: expire (1679.520936ms)
✔ post-provider await fence: purge (1737.212713ms)
✔ post-provider await fence: message (1750.972995ms)
✔ post-provider await fence: task (1666.029849ms)
✔ post-provider await fence: artifact (1571.012622ms)
✔ budgets stop loops and response timeout is explicit unknown; no replay retry (5060.908327ms)
✔ restart conservatively fails queued and marks interrupted inference unknown without replay (1726.633336ms)
✔ pluggable provider remains untrusted and uncooperative await is bounded (3463.421156ms)
✔ server-wide active run budget bounds concurrent inference across conversations (1701.337481ms)
✔ tool scope rejects another conversation: read_artifact (1717.278509ms)
✔ tool scope rejects another conversation: update_artifact (1672.435918ms)
✔ tool scope rejects another conversation: read_file (1341.024226ms)
✔ read_artifact observes canonical revision; duplicate tool ID cannot repeat mutation (1742.080296ms)
✔ context byte budget rolls back oversized tool mutation and preflight never calls provider (1748.733051ms)
✔ inference failure after a committed tool preserves its receipt/revision without replay (1710.854929ms)
✔ tool transaction failure rolls back artifact and receipt together (1671.944398ms)
✔ post-file await fence: cancel (1292.338794ms)
✔ post-file await fence: purge (1719.419693ms)
✔ post-file await fence: revoke (1716.974867ms)
✔ one runtime per database rejects a concurrent engine without recovering live work (1760.0937ms)
✔ provider redirects are not followed (1707.244356ms)
✔ Artifact append-only revisions, concurrent conflict and owner-scoped revision export (2343.650694ms)
✔ AUTH-RECHECK expiry mutation: reject stale authentication after owner-lock wait (4158.856609ms)
✔ AUTH-RECHECK expiry replay: reject stale authentication after owner-lock wait (4000.734175ms)
✔ AUTH-RECHECK expiry export: reject stale authentication after owner-lock wait (3788.773366ms)
✔ AUTH-RECHECK expiry purge: reject stale authentication after owner-lock wait (3487.592581ms)
✔ AUTH-RECHECK revoke mutation: reject stale authentication after owner-lock wait (1644.507587ms)
✔ AUTH-RECHECK revoke replay: reject stale authentication after owner-lock wait (1375.584133ms)
✔ AUTH-RECHECK revoke export: reject stale authentication after owner-lock wait (1665.904835ms)
✔ AUTH-RECHECK revoke purge: reject stale authentication after owner-lock wait (1710.112695ms)
✔ AUTH-RECHECK rebind mutation: reject stale authentication after owner-lock wait (1741.109892ms)
✔ AUTH-RECHECK rebind replay: reject stale authentication after owner-lock wait (1548.998328ms)
✔ AUTH-RECHECK rebind export: reject stale authentication after owner-lock wait (1680.676433ms)
✔ AUTH-RECHECK rebind purge: reject stale authentication after owner-lock wait (1706.982848ms)
✔ document endpoints authorize owner, reject wrong formats and return exact saved revision PDF (2515.584444ms)
✔ Local bootstrap CLI writes private credential file; real server subprocess restarts and serves persisted tasks (5177.039176ms)
✔ CONTEXT AUTH: exact token revoked during owner lock blocks message read and append (1937.516702ms)
✔ PROVENANCE: exact revision, literal snapshot, conversation boundaries and declared scopes (1868.710831ms)
✔ MESSAGES: immutable owned sequence, replay, pagination and restart (1992.965798ms)
✔ PDF render/extract roundtrip, reject fake/encrypted input and escape markup (408.057064ms)
✔ generated PDF signature/extraction and ZIP independent unzip retain exact source bytes (477.62629ms)
✔ generated archives reject traversal, duplicate names, wrong format and byte overflow before tool execution (1.040502ms)
✔ FILE KEY: a previously populated unbound key is never imported (1845.422207ms)
✔ FILE AUTH: expiry during real blob write rejects ready commit, recovery cleans pending bytes (3014.794276ms)
✔ FILE FS BOUNDARY: write failure reserves quota but produces no ready cache, byte quota serializes (2163.673562ms)
✔ FILE STORE IDENTITY: wrong root and missing key fail closed, no replacement key on existing data (1665.438158ms)
✔ FILE RECOVERY: real DB failure after blob fsync, pending hidden and startup conservative cleanup (1841.973591ms)
✔ FILE VALIDATION: paths, MIME, strict UTF-8, oversize, quotas and authenticated corruption failures (2001.644469ms)
✔ FILE PURGING: filesystem failure keeps durable cleanup, restart completes deletion (1836.693626ms)
✔ FILE SOURCE: owner-bound immutable UTF-8 snapshot and purge cascade (1764.704971ms)
✔ FILES PURGE: remove bytes and cascaded context, never resurrect a late reservation (2066.977675ms)
✔ FILES: real encrypted immutable private bytes, owner download and restart (1922.799485ms)
✔ flexible binary transport is owner-scoped, inert and explicitly not universal extraction (2073.376709ms)
✔ HTTP authenticated task persists through application and PostgreSQL restart (2603.977802ms)
✔ adapter fixes endpoint and refuses analyzers outside the allowlist (2.690456ms)
✔ ocr success returns page evidence, word confidence and markdown text without leaking the key (31.253643ms)
✔ operation-location outside the fixed endpoint is rejected, never followed (0.353944ms)
✔ 403 429 and 5xx map to explicit states without retry (1.516089ms)
✔ polling is bounded and reports timeout (3.860125ms)
✔ cancellation via AbortSignal yields cancelled state (0.418702ms)
✔ rejects oversize bytes, unknown magic and any url-like input before network (0.361902ms)
✔ missing credential yields unavailable without network (0.23029ms)
✔ route policy prefers local parse, uses OCR only for images and textless pdf, never claims universal formats (0.430155ms)
✔ proposed tools are schemas only, inactive, and none accepts a url (0.295306ms)
✔ native generated file tool commits revision and owner-scoped exact code download (1568.426268ms)
✔ R1 acceptance: pending upload owns shared key, completes once and replays after restart (2126.315596ms)
✔ R1 all generic routes conflict before DB or file side effects; owners remain independent (1696.848268ms)
✔ R1 reverse direction: completed generic key rejects upload before reservation or blob write (1775.477428ms)
✔ R1 DB failure: reservation blocks other routes until recovery, then same request retries once (1931.002418ms)
✔ R1 FS failure: reservation blocks other routes until recovery, then same request retries once (1984.688151ms)
✔ R1 cancelled reservation cannot disturb a replacement completed cache; purge releases only its owner (1790.317933ms)
✔ R1 pending purge releases reservation and leaves another owner same-key cache intact (1602.342198ms)
✔ R1 cancelled upload retry with identical key and body gets a new reservation, old request cannot finalize it (1722.520078ms)
✔ R1 recovery of legacy collision preserves the completed same-owner same-key response (1867.347211ms)
✔ native jobs_search: primary unavailable → one registry-targeted discovery query → only registry detail pages are read; result persists provenance for current, expired and off-registry leads (2784.024174ms)
✔ native unavailable source uses one bounded web candidate search and suppresses repeated jobs call (2015.384856ms)
✔ native fallback preserves direct-only constraint as unmet browsing suggestions, never UNKNOWN opportunities (2415.296035ms)
✔ native agent asks city from jobs receipt without browsing and includes discovery safety instructions (1917.758295ms)
✔ jobs source receipt cannot persist after session revocation (1759.171844ms)
✔ cancellation fences uncooperative job providers and does not hang app shutdown (1704.65063ms)
✔ native jobs dispatch completes with original link receipt and no preference interview (1618.906499ms)
✔ Subito adapter is deny-by-default until explicit source-policy review (8.663351ms)
✔ Playwright parser reads only compact listing cards, distinguishes blocks from no matches (295.908273ms)
✔ fixed search URLs and robots policy do not allow login, third parties or forbidden paths (3.674922ms)
✔ portal vacancy carries evidence, UNKNOWN publisher and no-agencies excludes unknown even on cache hit (13.517301ms)
✔ generic discovery revoke fences page reads and receipts after web await (1666.536654ms)
✔ generic discovery cancel fences page reads and receipts after web await (1763.503352ms)
✔ permitted imported metadata survives actual native receipt/event persistence (1591.009005ms)
✔ controlled-provider native generic dispatch persists missing city, corrections, remote and suppresses duplicates (2594.565973ms)
✔ generic page path requires explicit authorized origin and never expires by age alone (26.484164ms)
✔ generic role evidence is in listing title, sala is not ai piani, footer is not city evidence (3.697593ms)
✔ unsafe source search URLs never reach generic browsing receipts (6.51298ms)
✔ legacy injected source no longer crashes after nonwhitelist city normalization (11.810987ms)
✔ a legacy policy reference cannot authorize Subito automation (0.866861ms)
✔ generic default gates automation and returns named original-source searches, not vacancies (4.068704ms)
✔ permitted imports are dated observations, unknown publisher allowed, never relabelled live or city (0.674886ms)
✔ staged native renderer presents dated records and search links separately with safe metadata (282.058938ms)
✔ generic occupation and municipality are not limited to a dictionary (4.526795ms)
✔ current user provenance wins over model cities, negation and old preferences (2.272141ms)
✔ native dispatcher: robots-permitted JSON-LD pages become JSONLD_VERIFIED cards (expired labelled, province honest); no-JSON-LD and disallowed links stay search links; Subito never fetched (4235.345618ms)
✔ native dispatcher: strict no-agencies request never turns JSON-LD reads into opportunities; constraint stays unmet (3724.10964ms)
✔ native dispatcher: revoke during web search prevents every JSON-LD page read (1660.932711ms)
✔ native dispatcher: cancel during web search prevents every JSON-LD page read (1602.729902ms)
✔ registry is provider-neutral, fixed and reviewed: only https detail-shaped paths on listed origins are fetched (2.531883ms)
✔ expired, redirected, epoch-dated and off-city pages never become vacancies; reasons are kept (27.864246ms)
✔ a current listing with role, exact city and plausible date becomes a vacancy with provenance; publisher is classified not assumed (3.074132ms)
✔ bounded: at most six leads, 2.5MB body, one request per lead, fetch failure is UNAVAILABLE not silent (8.862268ms)
✔ discovery query targets single listing pages on reviewed sources, not generic indexes, and carries no user text (1.45137ms)
✔ allowlisted live adapter returns only current listing body evidence (31.355163ms)
✔ current explicit city wins and unsupported correction never falls back (5.43056ms)
✔ robots: NovaJobBot group preferred over *, rules merged across repeated groups (1.661839ms)
✔ robots: longest-match wins, Allow wins ties, wildcards and $ anchors, empty Disallow allows all (0.587319ms)
✔ gate: 404 permitted, 5xx and network failure denied, per-origin cache with TTL, https only (29.6238ms)
✔ gate: deny-list origins are refused before any robots fetch, regardless of Allow (0.405991ms)
✔ JSON-LD: single node, array, @graph, nested mainEntity are all found; fields sanitized (2.309442ms)
✔ JSON-LD: expired, unknown validity, missing fields, jobLocation array, hiringOrganization string, malformed and non-JobPosting (1.285862ms)
✔ city vs province classification is honest about comune, provincia and mismatch (0.560379ms)
✔ URL guards: https public hosts only; detail-shaped vs search links (6.210844ms)
✔ reader: permission gate, crawl-delay sequencing, size cap, redirects, 403 not bypassed, no JSON-LD fallback, max pages (88.749072ms)
✔ reader: robots 5xx denies every page of that origin; 404 robots permits; abort stops before I/O (36.353284ms)
✔ jsonLdOpportunities: cards only for verified reads, expired labelled, publisher UNKNOWN unless agency named, strict no-agencies excludes all (12.100118ms)
✔ progressive discovery runs search before companies and browser, preserves kinds and exact-URL dedupe (5.203985ms)
✔ sufficient search avoids expensive stages; missing city starts nothing; strict mode excludes unknown (1.643842ms)
{"first":{"status":"unavailable","occupation":"cameriere","city":"Bologna","code":"jobs_policy_unreviewed","originalSearchUrl":"https://www.subito.it/annunci-emilia-romagna/vendita/offerte-lavoro/bologna/bologna/?q=cameriere","retryable":false},"second":{"status":"unavailable","occupation":"cameriere","city":"Bologna","code":"jobs_policy_unreviewed","limitReason":"jobs_rate_limited","retryAfterSeconds":15,"originalSearchUrl":"https://www.subito.it/annunci-emilia-romagna/vendita/offerte-lavoro/bologna/bologna/?q=cameriere","retryable":false},"calls":1}
✔ failed source cause survives immediate retry without spending another request (12.196541ms)
✔ search-link receipts render only labelled browsing suggestions, never opportunity cards, in the public renderer (266.905422ms)
✔ historical search citations exclude closed InfoJobs Italia, preserving only browsing suggestions (1.805977ms)
✔ discovery examines at most six citations, rejects unsafe links and deduplicates fragments (0.714743ms)
✔ citation-only discovery never creates vacancies or observed job locations, even for detail-shaped URLs (0.34354ms)
✔ native jobs_search accepts intent and an empty city, not arbitrary browser options (1.214773ms)
✔ missing city asks before any source or cache access and cooking infers cuoco (2.104294ms)
✔ natural role/city search shares only canonical metadata with TTL across service instances (40.3729ms)
✔ live searches have one shared lock, fail fast on overlap and rate limit across instances (20.261446ms)
✔ source failure is explicit, never stale/simulated data; privacy and origin filter are strict (3.70014ms)
✔ ambiguous cities do not start a search and invalid budgets fail at construction (0.459684ms)
✔ subito flag: absent or wrong value disables; exact owner value enables; list URL uses known province path else national query (2.414932ms)
✔ subito adapter: parses cards from fixture, dedupes Vetrina, ignores /utente and ?o=, never paginates, no phone stored, cache hit avoids second navigation, badges → publisher (334.21565ms)
✔ subito adapter: 403 and captcha page report truthful block codes, no results; cancelled signal aborts before launch (415.45775ms)
✔ native dispatcher: flag off → Subito search link only; injected adapter on → LISTING_OBSERVED cards replace the Subito link and render with the Subito label in both renderers (2528.790791ms)
✔ job receipt cards expose only original HTTPS listing links and escaped labels (273.520072ms)
✔ daily warm cache is bounded to five cities, one role; duplicate daily run does no work (11.059236ms)
✔ web discovery returns bounded unverified candidate links, never working jobs (1.103531ms)
✔ Task lifecycle optimistic locking rejects stale/illegal transitions and resumes persisted checkpoint (2287.946322ms)
✔ managed provider uses fixed destinations, bounded tokens, caches MI and parses tools (7.546227ms)
✔ legacy autonomous voice fails closed and opt-in web serves staged native entrypoint (1961.030303ms)
✔ Owner export and purge revoke all sessions and prevent stale worker/direct database resurrection (2704.910111ms)
✔ BYOK secrets bind owner and provider; endpoints cannot redirect credentials (2.56199ms)
✔ Bedrock adapter retains tool IDs and results rather than replacing requested model (0.470998ms)
✔ running BYOK turn is pinned and revoked replacement key fences late provider output (1875.668778ms)
✔ provider routes never return keys; foundry model catalog is complete and paginated (2060.372046ms)
✔ Revoked and expired approval cannot authorize queued dispatch (3175.492885ms)
✔ Ambiguous adapter exception and malformed receipt never retry or expose provider secrets (1883.162408ms)
✔ Expired lease fences old worker; crash executing marker recovers unknown without repeating effect (1810.063077ms)
✔ Cancelled task invalidates queued policy before dispatch (1672.260662ms)
✔ Timeout after synthetic dispatch becomes unknown and a late return cannot overwrite it (1819.654081ms)
✔ Worker revalidates queued revision, session expiry and intent expiry before any call (5141.075911ms)
✔ Purge during in-flight synthetic call waits and late completion cannot recreate records (1337.76622ms)
✔ web search result cannot persist after initiating session is revoked (2212.021777ms)
✔ web_search tool accepts a bounded query and denies injected options (1.078362ms)
✔ Closed query and body schemas, redacted parser/DB errors, expired sessions and cross-owner foreign keys (2425.336398ms)
✔ global voice capacity of four is serialized across owners under database coordination (2276.183876ms)
✔ duplicate handshake replays the durable answer without a second provider call and rejects mismatched payloads (1617.251729ms)
✔ lost ack during connection: pending is reported honestly, recovery is read-only, replay follows the real outcome (1950.430733ms)
✔ replay respects revocation and restart: stale answers are never replayed for dead sessions (1690.679096ms)
✔ staged native voice UI binds conversation, stops late connection and provides authenticated file downloads (1282.604846ms)
✔ native policy preserves automatic language following; legacy autonomous voice is retired (1667.204002ms)
✔ failed canonical tool never speaks success and exposes voice run failure (2029.453611ms)
✔ cancelled voice inference is promptly aborted, not merely hidden until provider timeout (1665.053106ms)
✔ provider-observed committed voice input uses native tools, persists once, and continues in text (1749.245976ms)
✔ stop during native inference fences late voice tool completion (1729.363074ms)
✔ speech wait covers the native run deadline rather than silently abandoning at 60 seconds (4.019635ms)
✔ private web login: one-use invite, secure cookie, CSRF, auth and owner isolation (1589.714091ms)
✔ personal invite preview: private, non-consuming, expiring and origin protected (1971.627163ms)
ℹ tests 210
ℹ suites 0
ℹ pass 210
ℹ fail 0
ℹ cancelled 0
ℹ skipped 0
ℹ todo 0
ℹ duration_ms 321552.21545
