
> nova-community-agent@0.1.0 test
> tsx --test --test-concurrency=1 tests/*.test.ts

✔ Approval binds exact revision/account/recipient; concurrent consumption yields one durable synthetic effect (1855.008694ms)
✔ NEW project provider env is opt-in, complete, HTTPS-only and ignores unrelated credentials (25.757266ms)
✔ lock-observation invalidation before queued lease error must not emit an unhandled pool error (1833.157075ms)
✔ SIGKILL during real provider await survives PG and API restart as unknown; explicit new turn recovers (2945.868731ms)
✔ corrected behavior: rejected second runtime must not delete first runtime pending upload/reservation (1862.141469ms)
✔ corrected behavior: assistant-generated content must not become a user_supplied source (1475.169615ms)
✔ pending upload namespace blocks turn without losing reservation or invoking model (1691.662326ms)
✔ cancelled generation cannot write after a new run completes; original replay cannot redispatch (1830.17651ms)
✔ a different live session cannot authorize output of the revoked initiating session (1721.052901ms)
✔ entire provider batch is allowlist/schema validated before first mutation (1571.332318ms)
✔ corrected behavior: expiry during canonical writer lock wait must roll back mutation and receipt (2775.47223ms)
✔ receipt insertion failure atomically rolls back canonical revision and outbox; no replay inference (1597.89035ms)
✔ session final validation after actual receipt write wait (2755.338381ms)
✔ session final validation after actual terminal write wait (2911.967269ms)
✔ lease loss during writer wait rolls back; replacement drains the old transaction before recovery (1713.801565ms)
✔ failed storage initialization releases singleton before close and removes client listeners (1858.075963ms)
✔ dedicated client end alone invalidates runtime and cleans listeners (1783.04823ms)
✔ lease loss while file read awaits records unknown before read returns (1646.607782ms)
✔ startup reservation also excludes non-agent file runtime: false (1815.523706ms)
✔ startup reservation also excludes non-agent file runtime: true (1777.683532ms)
✔ lease loss fences held inference, late output and replacement (1970.173483ms)
✔ lease loss fences held inference, late output and cancel (2034.658165ms)
✔ lease loss fences held inference, late output and purge (2003.85572ms)
✔ controlled protocol: automatic tools revise canonical artifact, persist assistant, reopen and replay without inference (2150.108954ms)
✔ fail closed: denied approval (1751.629923ms)
✔ fail closed: prototype tool (1682.791412ms)
✔ fail closed: schema owner injection (1590.591613ms)
✔ fail closed: malformed arguments (1783.537331ms)
✔ fail closed: invalid JSON (1708.247664ms)
✔ fail closed: refusal (1240.462728ms)
✔ fail closed: truncation (1699.30955ms)
✔ fail closed: empty (1660.612651ms)
✔ fail closed: stop with malformed calls (1288.41171ms)
✔ fail closed: oversized (1699.244763ms)
✔ fail closed: http error (1712.423983ms)
✔ question pauses task; explicit answer resumes with file observation, scope checks and terminal receipt (1674.425537ms)
✔ post-provider await fence: cancel (1743.581471ms)
✔ post-provider await fence: revoke (1695.262777ms)
✔ post-provider await fence: expire (1708.792931ms)
✔ post-provider await fence: purge (1669.760588ms)
✔ post-provider await fence: message (1601.531104ms)
✔ post-provider await fence: task (1284.889927ms)
✔ post-provider await fence: artifact (1647.712573ms)
✔ budgets stop loops and response timeout is explicit unknown; no replay retry (5143.302988ms)
✔ restart conservatively fails queued and marks interrupted inference unknown without replay (1768.044151ms)
✔ pluggable provider remains untrusted and uncooperative await is bounded (3250.049533ms)
✔ server-wide active run budget bounds concurrent inference across conversations (1661.958821ms)
✔ tool scope rejects another conversation: read_artifact (1559.916459ms)
✔ tool scope rejects another conversation: update_artifact (1746.610924ms)
✔ tool scope rejects another conversation: read_file (1710.300623ms)
✔ read_artifact observes canonical revision; duplicate tool ID cannot repeat mutation (1786.144395ms)
✔ context byte budget rolls back oversized tool mutation and preflight never calls provider (1617.207566ms)
✔ inference failure after a committed tool preserves its receipt/revision without replay (1859.05943ms)
✔ tool transaction failure rolls back artifact and receipt together (1534.367251ms)
✔ post-file await fence: cancel (1696.025103ms)
✔ post-file await fence: purge (1664.918023ms)
✔ post-file await fence: revoke (1620.812907ms)
✔ one runtime per database rejects a concurrent engine without recovering live work (1651.185095ms)
✔ provider redirects are not followed (1556.954333ms)
✔ Artifact append-only revisions, concurrent conflict and owner-scoped revision export (2106.413124ms)
✔ AUTH-RECHECK expiry mutation: reject stale authentication after owner-lock wait (3743.201616ms)
✔ AUTH-RECHECK expiry replay: reject stale authentication after owner-lock wait (3830.494994ms)
✔ AUTH-RECHECK expiry export: reject stale authentication after owner-lock wait (3835.347051ms)
✔ AUTH-RECHECK expiry purge: reject stale authentication after owner-lock wait (3705.464842ms)
✔ AUTH-RECHECK revoke mutation: reject stale authentication after owner-lock wait (1745.303287ms)
✔ AUTH-RECHECK revoke replay: reject stale authentication after owner-lock wait (1750.772972ms)
✔ AUTH-RECHECK revoke export: reject stale authentication after owner-lock wait (1726.967033ms)
✔ AUTH-RECHECK revoke purge: reject stale authentication after owner-lock wait (1741.189184ms)
✔ AUTH-RECHECK rebind mutation: reject stale authentication after owner-lock wait (1732.624051ms)
✔ AUTH-RECHECK rebind replay: reject stale authentication after owner-lock wait (1887.884408ms)
✔ AUTH-RECHECK rebind export: reject stale authentication after owner-lock wait (1672.77249ms)
✔ AUTH-RECHECK rebind purge: reject stale authentication after owner-lock wait (1623.323662ms)
✔ document endpoints authorize owner, reject wrong formats and return exact saved revision PDF (2573.67796ms)
✔ Local bootstrap CLI writes private credential file; real server subprocess restarts and serves persisted tasks (3365.595474ms)
✔ CONTEXT AUTH: exact token revoked during owner lock blocks message read and append (1980.715106ms)
✔ PROVENANCE: exact revision, literal snapshot, conversation boundaries and declared scopes (2030.535937ms)
✔ MESSAGES: immutable owned sequence, replay, pagination and restart (1957.841356ms)
✔ PDF render/extract roundtrip, reject fake/encrypted input and escape markup (409.201195ms)
✔ generated PDF signature/extraction and ZIP independent unzip retain exact source bytes (454.792565ms)
✔ generated archives reject traversal, duplicate names, wrong format and byte overflow before tool execution (1.202162ms)
✔ FILE KEY: a previously populated unbound key is never imported (1882.725345ms)
✔ FILE AUTH: expiry during real blob write rejects ready commit, recovery cleans pending bytes (3150.468788ms)
✔ FILE FS BOUNDARY: write failure reserves quota but produces no ready cache, byte quota serializes (2106.344157ms)
✔ FILE STORE IDENTITY: wrong root and missing key fail closed, no replacement key on existing data (1751.72494ms)
✔ FILE RECOVERY: real DB failure after blob fsync, pending hidden and startup conservative cleanup (1829.904001ms)
✔ FILE VALIDATION: paths, MIME, strict UTF-8, oversize, quotas and authenticated corruption failures (1988.696659ms)
✔ FILE PURGING: filesystem failure keeps durable cleanup, restart completes deletion (1767.173452ms)
✔ FILE SOURCE: owner-bound immutable UTF-8 snapshot and purge cascade (1576.458384ms)
✔ FILES PURGE: remove bytes and cascaded context, never resurrect a late reservation (1900.189384ms)
✔ FILES: real encrypted immutable private bytes, owner download and restart (1973.095469ms)
✔ flexible binary transport is owner-scoped, inert and explicitly not universal extraction (2050.837596ms)
✔ HTTP authenticated task persists through application and PostgreSQL restart (2132.594101ms)
✔ adapter fixes endpoint and refuses analyzers outside the allowlist (1.874944ms)
✔ ocr success returns page evidence, word confidence and markdown text without leaking the key (27.227459ms)
✔ operation-location outside the fixed endpoint is rejected, never followed (0.367372ms)
✔ 403 429 and 5xx map to explicit states without retry (1.54246ms)
✔ polling is bounded and reports timeout (3.81261ms)
✔ cancellation via AbortSignal yields cancelled state (0.427088ms)
✔ rejects oversize bytes, unknown magic and any url-like input before network (0.34432ms)
✔ missing credential yields unavailable without network (0.233055ms)
✔ route policy prefers local parse, uses OCR only for images and textless pdf, never claims universal formats (0.423716ms)
✔ proposed tools are schemas only, inactive, and none accepts a url (0.319483ms)
✔ native generated file tool commits revision and owner-scoped exact code download (1634.011886ms)
✔ R1 acceptance: pending upload owns shared key, completes once and replays after restart (2196.080323ms)
✔ R1 all generic routes conflict before DB or file side effects; owners remain independent (1820.46854ms)
✔ R1 reverse direction: completed generic key rejects upload before reservation or blob write (1714.213588ms)
✔ R1 DB failure: reservation blocks other routes until recovery, then same request retries once (1865.617086ms)
✔ R1 FS failure: reservation blocks other routes until recovery, then same request retries once (1540.045305ms)
✔ R1 cancelled reservation cannot disturb a replacement completed cache; purge releases only its owner (1708.889217ms)
✔ R1 pending purge releases reservation and leaves another owner same-key cache intact (1700.738735ms)
✔ R1 cancelled upload retry with identical key and body gets a new reservation, old request cannot finalize it (1334.288086ms)
✔ R1 recovery of legacy collision preserves the completed same-owner same-key response (1895.866482ms)
✔ native jobs_search: primary unavailable → one registry-targeted discovery query → only registry detail pages are read; result persists provenance for current, expired and off-registry leads (1953.123443ms)
✔ native unavailable source uses one bounded web candidate search and suppresses repeated jobs call (1968.656476ms)
✔ native fallback preserves direct-only constraint as unmet browsing suggestions, never UNKNOWN opportunities (2361.858183ms)
✔ native agent asks city from jobs receipt without browsing and includes discovery safety instructions (2017.69229ms)
✔ jobs source receipt cannot persist after session revocation (1689.808199ms)
✔ cancellation fences uncooperative job providers and does not hang app shutdown (1731.681822ms)
✔ native jobs dispatch completes with original link receipt and no preference interview (1719.970849ms)
✔ Subito adapter is deny-by-default until explicit source-policy review (9.095643ms)
✔ Playwright parser reads only compact listing cards, distinguishes blocks from no matches (301.669903ms)
✔ fixed search URLs and robots policy do not allow login, third parties or forbidden paths (3.674691ms)
✔ portal vacancy carries evidence, UNKNOWN publisher and no-agencies excludes unknown even on cache hit (13.566401ms)
✔ generic discovery revoke fences page reads and receipts after web await (1559.396443ms)
✔ generic discovery cancel fences page reads and receipts after web await (1762.38917ms)
✔ permitted imported metadata survives actual native receipt/event persistence (1643.940729ms)
✔ controlled-provider native generic dispatch persists missing city, corrections, remote and suppresses duplicates (2112.177448ms)
✔ generic page path requires explicit authorized origin and never expires by age alone (27.430773ms)
✔ generic role evidence is in listing title, sala is not ai piani, footer is not city evidence (3.88575ms)
✔ unsafe source search URLs never reach generic browsing receipts (6.373124ms)
✔ legacy injected source no longer crashes after nonwhitelist city normalization (12.412079ms)
✔ a legacy policy reference cannot authorize Subito automation (0.821981ms)
✔ generic default gates automation and returns named original-source searches, not vacancies (3.854721ms)
✔ permitted imports are dated observations, unknown publisher allowed, never relabelled live or city (0.705575ms)
✔ staged native renderer presents dated records and search links separately with safe metadata (267.030115ms)
✔ generic occupation and municipality are not limited to a dictionary (4.55984ms)
✔ current user provenance wins over model cities, negation and old preferences (2.245812ms)
✔ registry is provider-neutral, fixed and reviewed: only https detail-shaped paths on listed origins are fetched (2.466865ms)
✔ expired, redirected, epoch-dated and off-city pages never become vacancies; reasons are kept (28.71489ms)
✔ a current listing with role, exact city and plausible date becomes a vacancy with provenance; publisher is classified not assumed (3.135775ms)
✔ bounded: at most six leads, 2.5MB body, one request per lead, fetch failure is UNAVAILABLE not silent (8.650641ms)
✔ discovery query targets single listing pages on reviewed sources, not generic indexes, and carries no user text (1.66993ms)
✔ allowlisted live adapter returns only current listing body evidence (28.43174ms)
✔ current explicit city wins and unsupported correction never falls back (5.338095ms)
✔ progressive discovery runs search before companies and browser, preserves kinds and exact-URL dedupe (3.769534ms)
✔ sufficient search avoids expensive stages; missing city starts nothing; strict mode excludes unknown (1.384037ms)
{"first":{"status":"unavailable","occupation":"cameriere","city":"Bologna","code":"jobs_policy_unreviewed","originalSearchUrl":"https://www.subito.it/annunci-emilia-romagna/vendita/offerte-lavoro/bologna/bologna/?q=cameriere","retryable":false},"second":{"status":"unavailable","occupation":"cameriere","city":"Bologna","code":"jobs_policy_unreviewed","limitReason":"jobs_rate_limited","retryAfterSeconds":15,"originalSearchUrl":"https://www.subito.it/annunci-emilia-romagna/vendita/offerte-lavoro/bologna/bologna/?q=cameriere","retryable":false},"calls":1}
✔ failed source cause survives immediate retry without spending another request (12.131187ms)
✖ search-link receipts render no opportunity cards in the unchanged public renderer (255.614838ms)
✔ historical search citations exclude closed InfoJobs Italia, preserving only browsing suggestions (3.2951ms)
✔ discovery examines at most six citations, rejects unsafe links and deduplicates fragments (0.715023ms)
✔ citation-only discovery never creates vacancies or observed job locations, even for detail-shaped URLs (0.420849ms)
✔ native jobs_search accepts intent and an empty city, not arbitrary browser options (1.780001ms)
✔ missing city asks before any source or cache access and cooking infers cuoco (2.932826ms)
✔ natural role/city search shares only canonical metadata with TTL across service instances (25.518939ms)
✔ live searches have one shared lock, fail fast on overlap and rate limit across instances (3.802989ms)
✔ source failure is explicit, never stale/simulated data; privacy and origin filter are strict (2.597397ms)
✔ ambiguous cities do not start a search and invalid budgets fail at construction (0.393801ms)
✔ job receipt cards expose only original HTTPS listing links and escaped labels (269.543317ms)
✔ daily warm cache is bounded to five cities, one role; duplicate daily run does no work (11.766268ms)
✔ web discovery returns bounded unverified candidate links, never working jobs (1.073886ms)
✔ Task lifecycle optimistic locking rejects stale/illegal transitions and resumes persisted checkpoint (1924.519536ms)
✔ managed provider uses fixed destinations, bounded tokens, caches MI and parses tools (22.936304ms)
✔ legacy autonomous voice fails closed and opt-in web serves staged native entrypoint (1935.114709ms)
✔ Owner export and purge revoke all sessions and prevent stale worker/direct database resurrection (2160.261276ms)
✔ BYOK secrets bind owner and provider; endpoints cannot redirect credentials (2.487757ms)
✔ Bedrock adapter retains tool IDs and results rather than replacing requested model (0.433609ms)
✔ running BYOK turn is pinned and revoked replacement key fences late provider output (1980.458226ms)
✔ provider routes never return keys; foundry model catalog is complete and paginated (1917.742684ms)
✔ Revoked and expired approval cannot authorize queued dispatch (3095.647462ms)
✔ Ambiguous adapter exception and malformed receipt never retry or expose provider secrets (1731.028528ms)
✔ Expired lease fences old worker; crash executing marker recovers unknown without repeating effect (1869.010534ms)
✔ Cancelled task invalidates queued policy before dispatch (1738.223102ms)
✔ Timeout after synthetic dispatch becomes unknown and a late return cannot overwrite it (1733.758057ms)
✔ Worker revalidates queued revision, session expiry and intent expiry before any call (4694.766075ms)
✔ Purge during in-flight synthetic call waits and late completion cannot recreate records (1703.322135ms)
✔ web search result cannot persist after initiating session is revoked (1550.924153ms)
✔ web_search tool accepts a bounded query and denies injected options (1.103349ms)
✔ Closed query and body schemas, redacted parser/DB errors, expired sessions and cross-owner foreign keys (2031.948643ms)
✔ global voice capacity of four is serialized across owners under database coordination (2186.260247ms)
✔ duplicate handshake replays the durable answer without a second provider call and rejects mismatched payloads (1769.120347ms)
✔ lost ack during connection: pending is reported honestly, recovery is read-only, replay follows the real outcome (1949.77844ms)
✔ replay respects revocation and restart: stale answers are never replayed for dead sessions (1634.016001ms)
✔ staged native voice UI binds conversation, stops late connection and provides authenticated file downloads (1269.730951ms)
✔ native policy preserves automatic language following; legacy autonomous voice is retired (1625.235181ms)
✔ failed canonical tool never speaks success and exposes voice run failure (1833.974689ms)
✔ cancelled voice inference is promptly aborted, not merely hidden until provider timeout (1637.184572ms)
✔ provider-observed committed voice input uses native tools, persists once, and continues in text (1811.07288ms)
✔ stop during native inference fences late voice tool completion (1761.30391ms)
✔ speech wait covers the native run deadline rather than silently abandoning at 60 seconds (3.962797ms)
✔ private web login: one-use invite, secure cookie, CSRF, auth and owner isolation (1945.567061ms)
✔ personal invite preview: private, non-consuming, expiring and origin protected (1857.252688ms)
ℹ tests 191
ℹ suites 0
ℹ pass 190
ℹ fail 1
ℹ cancelled 0
ℹ skipped 0
ℹ todo 0
ℹ duration_ms 283194.490183

✖ failing tests:

test at tests/jobs-search-links.test.ts:6:1
✖ search-link receipts render no opportunity cards in the unchanged public renderer (255.614838ms)
  AssertionError [ERR_ASSERTION]: Expected values to be strictly equal:
  
  3 !== 0
  
      at TestContext.<anonymous> (/home/azureuser/nova-community-agent/tests/jobs-search-links.test.ts:14:10)
      at async Test.run (node:internal/test_runner/test:1409:7)
      at async startSubtestAfterBootstrap (node:internal/test_runner/harness:387:3) {
    generatedMessage: true,
    code: 'ERR_ASSERTION',
    actual: 3,
    expected: 0,
    operator: 'strictEqual',
    diff: 'simple'
  }
