
> nova-community-agent@0.1.0 test
> tsx --test --test-concurrency=1 tests/*.test.ts

✔ Approval binds exact revision/account/recipient; concurrent consumption yields one durable synthetic effect (1873.822332ms)
✔ NEW project provider env is opt-in, complete, HTTPS-only and ignores unrelated credentials (29.337763ms)
✔ lock-observation invalidation before queued lease error must not emit an unhandled pool error (1593.483328ms)
✔ SIGKILL during real provider await survives PG and API restart as unknown; explicit new turn recovers (2795.858757ms)
✔ corrected behavior: rejected second runtime must not delete first runtime pending upload/reservation (1974.618226ms)
✔ corrected behavior: assistant-generated content must not become a user_supplied source (1732.139241ms)
✔ pending upload namespace blocks turn without losing reservation or invoking model (1733.573955ms)
✔ cancelled generation cannot write after a new run completes; original replay cannot redispatch (1870.391328ms)
✔ a different live session cannot authorize output of the revoked initiating session (1700.970887ms)
✔ entire provider batch is allowlist/schema validated before first mutation (1569.88091ms)
✔ corrected behavior: expiry during canonical writer lock wait must roll back mutation and receipt (2866.793037ms)
✔ receipt insertion failure atomically rolls back canonical revision and outbox; no replay inference (1644.433789ms)
✔ session final validation after actual receipt write wait (3096.699759ms)
✔ session final validation after actual terminal write wait (2835.247662ms)
✔ lease loss during writer wait rolls back; replacement drains the old transaction before recovery (1903.23315ms)
✔ failed storage initialization releases singleton before close and removes client listeners (1900.853812ms)
✔ dedicated client end alone invalidates runtime and cleans listeners (1676.212847ms)
✔ lease loss while file read awaits records unknown before read returns (1718.259327ms)
✔ startup reservation also excludes non-agent file runtime: false (1404.882376ms)
✔ startup reservation also excludes non-agent file runtime: true (1671.414839ms)
✔ lease loss fences held inference, late output and replacement (2038.127718ms)
✔ lease loss fences held inference, late output and cancel (1982.502623ms)
✔ lease loss fences held inference, late output and purge (1940.518788ms)
✔ controlled protocol: automatic tools revise canonical artifact, persist assistant, reopen and replay without inference (2126.838214ms)
✔ fail closed: denied approval (1682.133981ms)
✔ fail closed: prototype tool (1737.907184ms)
✔ fail closed: schema owner injection (1734.498522ms)
✔ fail closed: malformed arguments (1694.547217ms)
✔ fail closed: invalid JSON (1736.335219ms)
✔ fail closed: refusal (1699.143074ms)
✔ fail closed: truncation (1618.735359ms)
✔ fail closed: empty (1715.947359ms)
✔ fail closed: stop with malformed calls (1341.683353ms)
✔ fail closed: oversized (1711.086425ms)
✔ fail closed: http error (1718.005505ms)
✔ question pauses task; explicit answer resumes with file observation, scope checks and terminal receipt (1663.294426ms)
✔ post-provider await fence: cancel (1617.011195ms)
✔ post-provider await fence: revoke (1724.214688ms)
✔ post-provider await fence: expire (1705.823306ms)
✔ post-provider await fence: purge (1656.227313ms)
✔ post-provider await fence: message (1737.436767ms)
✔ post-provider await fence: task (1836.819648ms)
✔ post-provider await fence: artifact (1706.156556ms)
✔ budgets stop loops and response timeout is explicit unknown; no replay retry (5052.424178ms)
✔ restart conservatively fails queued and marks interrupted inference unknown without replay (1755.818415ms)
✔ pluggable provider remains untrusted and uncooperative await is bounded (3495.256576ms)
✔ server-wide active run budget bounds concurrent inference across conversations (1581.960434ms)
✔ tool scope rejects another conversation: read_artifact (1592.875529ms)
✔ tool scope rejects another conversation: update_artifact (1751.074879ms)
✔ tool scope rejects another conversation: read_file (1603.284254ms)
✔ read_artifact observes canonical revision; duplicate tool ID cannot repeat mutation (1361.144763ms)
✔ context byte budget rolls back oversized tool mutation and preflight never calls provider (1602.828981ms)
✔ inference failure after a committed tool preserves its receipt/revision without replay (1674.004516ms)
✔ tool transaction failure rolls back artifact and receipt together (1560.147057ms)
✔ post-file await fence: cancel (1723.636885ms)
✔ post-file await fence: purge (1249.817957ms)
✔ post-file await fence: revoke (1658.743653ms)
✔ one runtime per database rejects a concurrent engine without recovering live work (1720.738867ms)
✔ provider redirects are not followed (1677.27686ms)
✔ Artifact append-only revisions, concurrent conflict and owner-scoped revision export (1660.963869ms)
✔ AUTH-RECHECK expiry mutation: reject stale authentication after owner-lock wait (3950.560714ms)
✔ AUTH-RECHECK expiry replay: reject stale authentication after owner-lock wait (3756.189454ms)
✔ AUTH-RECHECK expiry export: reject stale authentication after owner-lock wait (3862.003861ms)
✔ AUTH-RECHECK expiry purge: reject stale authentication after owner-lock wait (3769.53197ms)
✔ AUTH-RECHECK revoke mutation: reject stale authentication after owner-lock wait (1760.316969ms)
✔ AUTH-RECHECK revoke replay: reject stale authentication after owner-lock wait (1672.814355ms)
✔ AUTH-RECHECK revoke export: reject stale authentication after owner-lock wait (1688.01951ms)
✔ AUTH-RECHECK revoke purge: reject stale authentication after owner-lock wait (1652.65271ms)
✔ AUTH-RECHECK rebind mutation: reject stale authentication after owner-lock wait (1811.332447ms)
✔ AUTH-RECHECK rebind replay: reject stale authentication after owner-lock wait (1631.292695ms)
✔ AUTH-RECHECK rebind export: reject stale authentication after owner-lock wait (1676.824959ms)
✔ AUTH-RECHECK rebind purge: reject stale authentication after owner-lock wait (1665.359552ms)
✔ document endpoints authorize owner, reject wrong formats and return exact saved revision PDF (2223.129202ms)
✔ Local bootstrap CLI writes private credential file; real server subprocess restarts and serves persisted tasks (3526.188447ms)
✔ CONTEXT AUTH: exact token revoked during owner lock blocks message read and append (1848.683885ms)
✔ PROVENANCE: exact revision, literal snapshot, conversation boundaries and declared scopes (1899.056554ms)
✔ MESSAGES: immutable owned sequence, replay, pagination and restart (1856.456044ms)
✔ PDF render/extract roundtrip, reject fake/encrypted input and escape markup (404.355522ms)
✔ generated PDF signature/extraction and ZIP independent unzip retain exact source bytes (446.445705ms)
✔ generated archives reject traversal, duplicate names, wrong format and byte overflow before tool execution (0.986154ms)
✔ FILE KEY: a previously populated unbound key is never imported (1793.065851ms)
✔ FILE AUTH: expiry during real blob write rejects ready commit, recovery cleans pending bytes (3120.00894ms)
✔ FILE FS BOUNDARY: write failure reserves quota but produces no ready cache, byte quota serializes (2159.022506ms)
✔ FILE STORE IDENTITY: wrong root and missing key fail closed, no replacement key on existing data (1764.529354ms)
✔ FILE RECOVERY: real DB failure after blob fsync, pending hidden and startup conservative cleanup (1895.716287ms)
✔ FILE VALIDATION: paths, MIME, strict UTF-8, oversize, quotas and authenticated corruption failures (2014.714091ms)
✔ FILE PURGING: filesystem failure keeps durable cleanup, restart completes deletion (1872.288989ms)
✔ FILE SOURCE: owner-bound immutable UTF-8 snapshot and purge cascade (1632.869887ms)
✔ FILES PURGE: remove bytes and cascaded context, never resurrect a late reservation (1955.759412ms)
✔ FILES: real encrypted immutable private bytes, owner download and restart (1831.953189ms)
✔ flexible binary transport is owner-scoped, inert and explicitly not universal extraction (1990.341503ms)
✔ HTTP authenticated task persists through application and PostgreSQL restart (2209.041822ms)
✔ adapter fixes endpoint and refuses analyzers outside the allowlist (1.87089ms)
✔ ocr success returns page evidence, word confidence and markdown text without leaking the key (27.858434ms)
✔ operation-location outside the fixed endpoint is rejected, never followed (0.403922ms)
✔ 403 429 and 5xx map to explicit states without retry (1.520892ms)
✔ polling is bounded and reports timeout (4.004625ms)
✔ cancellation via AbortSignal yields cancelled state (0.470697ms)
✔ rejects oversize bytes, unknown magic and any url-like input before network (0.349459ms)
✔ missing credential yields unavailable without network (0.237144ms)
✔ route policy prefers local parse, uses OCR only for images and textless pdf, never claims universal formats (0.424737ms)
✔ proposed tools are schemas only, inactive, and none accepts a url (0.293282ms)
✔ native generated file tool commits revision and owner-scoped exact code download (2025.675669ms)
✔ R1 acceptance: pending upload owns shared key, completes once and replays after restart (2055.73007ms)
✔ R1 all generic routes conflict before DB or file side effects; owners remain independent (1830.578453ms)
✔ R1 reverse direction: completed generic key rejects upload before reservation or blob write (1295.419296ms)
✔ R1 DB failure: reservation blocks other routes until recovery, then same request retries once (1854.820256ms)
✔ R1 FS failure: reservation blocks other routes until recovery, then same request retries once (1845.280106ms)
✔ R1 cancelled reservation cannot disturb a replacement completed cache; purge releases only its owner (1699.761071ms)
✔ R1 pending purge releases reservation and leaves another owner same-key cache intact (1703.354234ms)
✔ R1 cancelled upload retry with identical key and body gets a new reservation, old request cannot finalize it (1702.678782ms)
✔ R1 recovery of legacy collision preserves the completed same-owner same-key response (1638.677215ms)
✔ native jobs_search: primary unavailable → one registry-targeted discovery query → only registry detail pages are read; result persists provenance for current, expired and off-registry leads (2014.148278ms)
✔ native unavailable source uses one bounded web candidate search and suppresses repeated jobs call (1881.252358ms)
✔ native fallback preserves direct-only constraint as unmet browsing suggestions, never UNKNOWN opportunities (2216.570378ms)
✔ native agent asks city from jobs receipt without browsing and includes discovery safety instructions (1997.741922ms)
✔ jobs source receipt cannot persist after session revocation (1460.274673ms)
✔ cancellation fences uncooperative job providers and does not hang app shutdown (1780.285404ms)
✔ native jobs dispatch completes with original link receipt and no preference interview (1725.929976ms)
✔ Subito adapter is deny-by-default until explicit source-policy review (8.422089ms)
✔ Playwright parser reads only compact listing cards, distinguishes blocks from no matches (294.149726ms)
✔ fixed search URLs and robots policy do not allow login, third parties or forbidden paths (3.712789ms)
✔ portal vacancy carries evidence, UNKNOWN publisher and no-agencies excludes unknown even on cache hit (13.395155ms)
✔ generic discovery revoke fences page reads and receipts after web await (1599.701837ms)
✔ generic discovery cancel fences page reads and receipts after web await (1682.862929ms)
✔ permitted imported metadata survives actual native receipt/event persistence (1683.506679ms)
✔ controlled-provider native generic dispatch persists missing city, corrections, remote and suppresses duplicates (2468.554354ms)
✔ generic page path requires explicit authorized origin and never expires by age alone (31.619172ms)
✔ generic role evidence is in listing title, sala is not ai piani, footer is not city evidence (2.479355ms)
✔ unsafe source search URLs never reach generic browsing receipts (6.371351ms)
✔ legacy injected source no longer crashes after nonwhitelist city normalization (11.954617ms)
✔ a legacy policy reference cannot authorize Subito automation (0.815543ms)
✔ generic default gates automation and returns named original-source searches, not vacancies (3.821048ms)
✔ permitted imports are dated observations, unknown publisher allowed, never relabelled live or city (0.687752ms)
✔ staged native renderer presents dated records and search links separately with safe metadata (273.504606ms)
✔ generic occupation and municipality are not limited to a dictionary (4.445773ms)
✔ current user provenance wins over model cities, negation and old preferences (2.267313ms)
✔ registry is provider-neutral, fixed and reviewed: only https detail-shaped paths on listed origins are fetched (2.568227ms)
✔ expired, redirected, epoch-dated and off-city pages never become vacancies; reasons are kept (28.820748ms)
✔ a current listing with role, exact city and plausible date becomes a vacancy with provenance; publisher is classified not assumed (3.056249ms)
✔ bounded: at most six leads, 2.5MB body, one request per lead, fetch failure is UNAVAILABLE not silent (9.932139ms)
✔ discovery query targets single listing pages on reviewed sources, not generic indexes, and carries no user text (1.317281ms)
✔ allowlisted live adapter returns only current listing body evidence (28.517331ms)
✔ current explicit city wins and unsupported correction never falls back (5.302274ms)
✔ progressive discovery runs search before companies and browser, preserves kinds and exact-URL dedupe (3.757032ms)
✔ sufficient search avoids expensive stages; missing city starts nothing; strict mode excludes unknown (1.381099ms)
{"first":{"status":"unavailable","occupation":"cameriere","city":"Bologna","code":"jobs_policy_unreviewed","originalSearchUrl":"https://www.subito.it/annunci-emilia-romagna/vendita/offerte-lavoro/bologna/bologna/?q=cameriere","retryable":false},"second":{"status":"unavailable","occupation":"cameriere","city":"Bologna","code":"jobs_policy_unreviewed","limitReason":"jobs_rate_limited","retryAfterSeconds":15,"originalSearchUrl":"https://www.subito.it/annunci-emilia-romagna/vendita/offerte-lavoro/bologna/bologna/?q=cameriere","retryable":false},"calls":1}
✔ failed source cause survives immediate retry without spending another request (11.95645ms)
✔ search-link receipts render only labelled browsing suggestions, never opportunity cards, in the public renderer (272.838616ms)
✔ historical search citations exclude closed InfoJobs Italia, preserving only browsing suggestions (1.698352ms)
✔ discovery examines at most six citations, rejects unsafe links and deduplicates fragments (0.683439ms)
✔ citation-only discovery never creates vacancies or observed job locations, even for detail-shaped URLs (0.273167ms)
✔ native jobs_search accepts intent and an empty city, not arbitrary browser options (1.158202ms)
✔ missing city asks before any source or cache access and cooking infers cuoco (2.084375ms)
✔ natural role/city search shares only canonical metadata with TTL across service instances (26.855551ms)
✔ live searches have one shared lock, fail fast on overlap and rate limit across instances (3.789916ms)
✔ source failure is explicit, never stale/simulated data; privacy and origin filter are strict (2.582323ms)
✔ ambiguous cities do not start a search and invalid budgets fail at construction (0.39454ms)
✔ job receipt cards expose only original HTTPS listing links and escaped labels (279.652048ms)
✔ daily warm cache is bounded to five cities, one role; duplicate daily run does no work (11.427699ms)
✔ web discovery returns bounded unverified candidate links, never working jobs (1.154599ms)
✔ Task lifecycle optimistic locking rejects stale/illegal transitions and resumes persisted checkpoint (1870.545067ms)
✔ managed provider uses fixed destinations, bounded tokens, caches MI and parses tools (22.662001ms)
✔ legacy autonomous voice fails closed and opt-in web serves staged native entrypoint (1893.479653ms)
✔ Owner export and purge revoke all sessions and prevent stale worker/direct database resurrection (2272.185898ms)
✔ BYOK secrets bind owner and provider; endpoints cannot redirect credentials (2.536109ms)
✔ Bedrock adapter retains tool IDs and results rather than replacing requested model (0.683922ms)
✔ running BYOK turn is pinned and revoked replacement key fences late provider output (1983.244332ms)
✔ provider routes never return keys; foundry model catalog is complete and paginated (1931.520789ms)
✔ Revoked and expired approval cannot authorize queued dispatch (3078.899167ms)
✔ Ambiguous adapter exception and malformed receipt never retry or expose provider secrets (1494.253035ms)
✔ Expired lease fences old worker; crash executing marker recovers unknown without repeating effect (1739.288422ms)
✔ Cancelled task invalidates queued policy before dispatch (1601.27022ms)
✔ Timeout after synthetic dispatch becomes unknown and a late return cannot overwrite it (1374.446636ms)
✔ Worker revalidates queued revision, session expiry and intent expiry before any call (5083.217581ms)
✔ Purge during in-flight synthetic call waits and late completion cannot recreate records (1678.343173ms)
✔ web search result cannot persist after initiating session is revoked (1973.790544ms)
✔ web_search tool accepts a bounded query and denies injected options (1.470773ms)
✔ Closed query and body schemas, redacted parser/DB errors, expired sessions and cross-owner foreign keys (2088.748167ms)
✔ global voice capacity of four is serialized across owners under database coordination (2314.927427ms)
✔ duplicate handshake replays the durable answer without a second provider call and rejects mismatched payloads (1684.144824ms)
✔ lost ack during connection: pending is reported honestly, recovery is read-only, replay follows the real outcome (1854.902926ms)
✔ replay respects revocation and restart: stale answers are never replayed for dead sessions (1631.644773ms)
✔ staged native voice UI binds conversation, stops late connection and provides authenticated file downloads (1243.526026ms)
✔ native policy preserves automatic language following; legacy autonomous voice is retired (1543.300933ms)
✔ failed canonical tool never speaks success and exposes voice run failure (1960.782475ms)
✔ cancelled voice inference is promptly aborted, not merely hidden until provider timeout (1779.42731ms)
✔ provider-observed committed voice input uses native tools, persists once, and continues in text (1872.371398ms)
✔ stop during native inference fences late voice tool completion (1774.131161ms)
✔ speech wait covers the native run deadline rather than silently abandoning at 60 seconds (3.862082ms)
✔ private web login: one-use invite, secure cookie, CSRF, auth and owner isolation (1954.013177ms)
✔ personal invite preview: private, non-consuming, expiring and origin protected (1861.956769ms)
ℹ tests 191
ℹ suites 0
ℹ pass 191
ℹ fail 0
ℹ cancelled 0
ℹ skipped 0
ℹ todo 0
ℹ duration_ms 283254.411291
