Traceback (most recent call last):
  File "/home/azureuser/nova-community-agent/scripts/voice-language-probe.py", line 22, in <module>
    asyncio.run(main())
  File "/usr/lib/python3.12/asyncio/runners.py", line 194, in run
    return runner.run(main)
           ^^^^^^^^^^^^^^^^
  File "/usr/lib/python3.12/asyncio/runners.py", line 118, in run
    return self._loop.run_until_complete(task)
           ^^^^^^^^^^^^^^^^^^^^^^^^^^^^^^^^^^^
  File "/usr/lib/python3.12/asyncio/base_events.py", line 687, in run_until_complete
    return future.result()
           ^^^^^^^^^^^^^^^
  File "/home/azureuser/nova-community-agent/scripts/voice-language-probe.py", line 10, in main
    await page.get_by_role('button',name='Avvia microfono',exact=True).click();await expect(page.locator('#voicestatus')).to_contain_text('In ascolto',timeout=60000)
    ^^^^^^^^^^^^^^^^^^^^^^^^^^^^^^^^^^^^^^^^^^^^^^^^^^^^^^^^^^^^^^^^^^^^^^^^^^
  File "/home/azureuser/.cache/uv/archive-v0/ARO9IC5AtxcuV9C3/lib/python3.12/site-packages/playwright/async_api/_generated.py", line 18058, in click
    await self._impl_obj.click(
  File "/home/azureuser/.cache/uv/archive-v0/ARO9IC5AtxcuV9C3/lib/python3.12/site-packages/playwright/_impl/_locator.py", line 165, in click
    return await self._frame._click(self._selector, strict=True, **params)
           ^^^^^^^^^^^^^^^^^^^^^^^^^^^^^^^^^^^^^^^^^^^^^^^^^^^^^^^^^^^^^^^
  File "/home/azureuser/.cache/uv/archive-v0/ARO9IC5AtxcuV9C3/lib/python3.12/site-packages/playwright/_impl/_frame.py", line 594, in _click
    await self._channel.send("click", self._timeout, locals_to_params(locals()))
  File "/home/azureuser/.cache/uv/archive-v0/ARO9IC5AtxcuV9C3/lib/python3.12/site-packages/playwright/_impl/_connection.py", line 76, in send
    return await self._connection.wrap_api_call(
           ^^^^^^^^^^^^^^^^^^^^^^^^^^^^^^^^^^^^^
  File "/home/azureuser/.cache/uv/archive-v0/ARO9IC5AtxcuV9C3/lib/python3.12/site-packages/playwright/_impl/_connection.py", line 632, in wrap_api_call
    raise rewrite_error(error, f"{parsed_st['apiName']}: {error}") from None
playwright._impl._errors.TimeoutError: Locator.click: Timeout 30000ms exceeded.
Call log:
  - waiting for get_by_role("button", name="Avvia microfono", exact=True)
    - locator resolved to <button class="voice-start" aria-label="Avvia microfono">Inizia a parlare</button>
  - attempting click action
    2 × waiting for element to be visible, enabled and stable
      - element is visible, enabled and stable
      - scrolling into view if needed
      - done scrolling
      - <p class="voice-hint">Uno spazio per parlarne, con calma.</p> from <section class="voice-stage">…</section> subtree intercepts pointer events
    - retrying click action
    - waiting 20ms
    2 × waiting for element to be visible, enabled and stable
      - element is visible, enabled and stable
      - scrolling into view if needed
      - done scrolling
      - <p class="voice-hint">Uno spazio per parlarne, con calma.</p> from <section class="voice-stage">…</section> subtree intercepts pointer events
    - retrying click action
      - waiting 100ms
    58 × waiting for element to be visible, enabled and stable
       - element is visible, enabled and stable
       - scrolling into view if needed
       - done scrolling
       - <p class="voice-hint">Uno spazio per parlarne, con calma.</p> from <section class="voice-stage">…</section> subtree intercepts pointer events
     - retrying click action
       - waiting 500ms

