
> nova-community-agent@0.1.0 test
> tsx --test --test-concurrency=1 tests/*.test.ts

✔ Approval binds exact revision/account/recipient; concurrent consumption yields one durable synthetic effect (1766.647752ms)
✔ NEW project provider env is opt-in, complete, HTTPS-only and ignores unrelated credentials (27.50325ms)
✔ lock-observation invalidation before queued lease error must not emit an unhandled pool error (1842.031822ms)
✔ SIGKILL during real provider await survives PG and API restart as unknown; explicit new turn recovers (2536.554072ms)
✔ corrected behavior: rejected second runtime must not delete first runtime pending upload/reservation (1587.813637ms)
✔ corrected behavior: assistant-generated content must not become a user_supplied source (1679.058649ms)
✔ pending upload namespace blocks turn without losing reservation or invoking model (1729.300549ms)
✔ cancelled generation cannot write after a new run completes; original replay cannot redispatch (1843.493829ms)
✔ a different live session cannot authorize output of the revoked initiating session (1672.521061ms)
✔ entire provider batch is allowlist/schema validated before first mutation (1670.594661ms)
✔ corrected behavior: expiry during canonical writer lock wait must roll back mutation and receipt (2870.929941ms)
✔ receipt insertion failure atomically rolls back canonical revision and outbox; no replay inference (1545.523169ms)
✔ session final validation after actual receipt write wait (3092.326048ms)
✔ session final validation after actual terminal write wait (2825.708847ms)
✔ lease loss during writer wait rolls back; replacement drains the old transaction before recovery (1739.319379ms)
✔ failed storage initialization releases singleton before close and removes client listeners (1803.492462ms)
✔ dedicated client end alone invalidates runtime and cleans listeners (1691.595957ms)
✔ lease loss while file read awaits records unknown before read returns (1732.514404ms)
✔ startup reservation also excludes non-agent file runtime: false (1701.827656ms)
✔ startup reservation also excludes non-agent file runtime: true (1613.184173ms)
✔ lease loss fences held inference, late output and replacement (1865.185899ms)
✔ lease loss fences held inference, late output and cancel (1939.064643ms)
✔ lease loss fences held inference, late output and purge (1882.483518ms)
✔ controlled protocol: automatic tools revise canonical artifact, persist assistant, reopen and replay without inference (2164.850546ms)
✔ fail closed: denied approval (1624.881444ms)
✔ fail closed: prototype tool (1608.769093ms)
✔ fail closed: schema owner injection (1688.212382ms)
✔ fail closed: malformed arguments (1536.644818ms)
✔ fail closed: invalid JSON (1680.006278ms)
✔ fail closed: refusal (1701.729489ms)
✔ fail closed: truncation (1552.667511ms)
✔ fail closed: empty (1688.376599ms)
✔ fail closed: stop with malformed calls (1619.004799ms)
✔ fail closed: oversized (1574.235724ms)
✔ fail closed: http error (1615.627503ms)
✔ question pauses task; explicit answer resumes with file observation, scope checks and terminal receipt (1358.169092ms)
✔ post-provider await fence: cancel (1649.722414ms)
✔ post-provider await fence: revoke (1676.574855ms)
✔ post-provider await fence: expire (1695.423759ms)
✔ post-provider await fence: purge (1654.270191ms)
✔ post-provider await fence: message (1691.496717ms)
✔ post-provider await fence: task (1651.226776ms)
✔ post-provider await fence: artifact (1668.224479ms)
✔ budgets stop loops and response timeout is explicit unknown; no replay retry (4601.894523ms)
✔ restart conservatively fails queued and marks interrupted inference unknown without replay (1780.056397ms)
✔ pluggable provider remains untrusted and uncooperative await is bounded (3383.565533ms)
✔ server-wide active run budget bounds concurrent inference across conversations (1634.67219ms)
✔ tool scope rejects another conversation: read_artifact (1673.205961ms)
✔ tool scope rejects another conversation: update_artifact (1540.661321ms)
✔ tool scope rejects another conversation: read_file (1595.198774ms)
✔ read_artifact observes canonical revision; duplicate tool ID cannot repeat mutation (1679.494252ms)
✔ context byte budget rolls back oversized tool mutation and preflight never calls provider (1651.956505ms)
✔ inference failure after a committed tool preserves its receipt/revision without replay (1620.268269ms)
✔ tool transaction failure rolls back artifact and receipt together (1610.400404ms)
✔ post-file await fence: cancel (1503.537255ms)
✔ post-file await fence: purge (1611.715679ms)
✔ post-file await fence: revoke (1671.892254ms)
✔ one runtime per database rejects a concurrent engine without recovering live work (1545.135888ms)
✔ provider redirects are not followed (1529.987225ms)
✔ Artifact append-only revisions, concurrent conflict and owner-scoped revision export (1915.451503ms)
✔ AUTH-RECHECK expiry mutation: reject stale authentication after owner-lock wait (4024.725996ms)
✔ AUTH-RECHECK expiry replay: reject stale authentication after owner-lock wait (3839.740062ms)
✔ AUTH-RECHECK expiry export: reject stale authentication after owner-lock wait (3815.793793ms)
✔ AUTH-RECHECK expiry purge: reject stale authentication after owner-lock wait (3849.583153ms)
✔ AUTH-RECHECK revoke mutation: reject stale authentication after owner-lock wait (1670.830014ms)
✔ AUTH-RECHECK revoke replay: reject stale authentication after owner-lock wait (1714.392683ms)
✔ AUTH-RECHECK revoke export: reject stale authentication after owner-lock wait (1682.370088ms)
✔ AUTH-RECHECK revoke purge: reject stale authentication after owner-lock wait (1651.130313ms)
✔ AUTH-RECHECK rebind mutation: reject stale authentication after owner-lock wait (1657.498758ms)
✔ AUTH-RECHECK rebind replay: reject stale authentication after owner-lock wait (1560.856285ms)
✔ AUTH-RECHECK rebind export: reject stale authentication after owner-lock wait (1600.41642ms)
✔ AUTH-RECHECK rebind purge: reject stale authentication after owner-lock wait (1653.49015ms)
✔ document endpoints authorize owner, reject wrong formats and return exact saved revision PDF (2444.851902ms)
✔ Local bootstrap CLI writes private credential file; real server subprocess restarts and serves persisted tasks (3321.121249ms)
✔ CONTEXT AUTH: exact token revoked during owner lock blocks message read and append (1869.054323ms)
✔ PROVENANCE: exact revision, literal snapshot, conversation boundaries and declared scopes (2001.939448ms)
✔ MESSAGES: immutable owned sequence, replay, pagination and restart (1862.968048ms)
✔ PDF render/extract roundtrip, reject fake/encrypted input and escape markup (406.788842ms)
✔ FILE KEY: a previously populated unbound key is never imported (1902.561563ms)
✔ FILE AUTH: expiry during real blob write rejects ready commit, recovery cleans pending bytes (3031.736531ms)
✔ FILE FS BOUNDARY: write failure reserves quota but produces no ready cache, byte quota serializes (2035.886979ms)
✔ FILE STORE IDENTITY: wrong root and missing key fail closed, no replacement key on existing data (1926.581195ms)
✔ FILE RECOVERY: real DB failure after blob fsync, pending hidden and startup conservative cleanup (1846.540419ms)
✔ FILE VALIDATION: paths, MIME, strict UTF-8, oversize, quotas and authenticated corruption failures (1923.944705ms)
✔ FILE PURGING: filesystem failure keeps durable cleanup, restart completes deletion (1860.302049ms)
✔ FILE SOURCE: owner-bound immutable UTF-8 snapshot and purge cascade (1699.729314ms)
✔ FILES PURGE: remove bytes and cascaded context, never resurrect a late reservation (2011.477758ms)
✔ FILES: real encrypted immutable private bytes, owner download and restart (1794.247875ms)
✔ HTTP authenticated task persists through application and PostgreSQL restart (2071.576944ms)
✔ R1 acceptance: pending upload owns shared key, completes once and replays after restart (2177.408596ms)
✔ R1 all generic routes conflict before DB or file side effects; owners remain independent (1726.190036ms)
✔ R1 reverse direction: completed generic key rejects upload before reservation or blob write (1742.077189ms)
✔ R1 DB failure: reservation blocks other routes until recovery, then same request retries once (1937.153148ms)
✔ R1 FS failure: reservation blocks other routes until recovery, then same request retries once (1899.403948ms)
✔ R1 cancelled reservation cannot disturb a replacement completed cache; purge releases only its owner (1691.13283ms)
✔ R1 pending purge releases reservation and leaves another owner same-key cache intact (1763.044946ms)
✔ R1 cancelled upload retry with identical key and body gets a new reservation, old request cannot finalize it (1724.406596ms)
✔ R1 recovery of legacy collision preserves the completed same-owner same-key response (1847.60243ms)
✔ Task lifecycle optimistic locking rejects stale/illegal transitions and resumes persisted checkpoint (2087.614954ms)
✔ managed provider uses fixed destinations, bounded tokens, caches MI and parses tools (22.141751ms)
✔ Owner export and purge revoke all sessions and prevent stale worker/direct database resurrection (2232.617704ms)
✔ Revoked and expired approval cannot authorize queued dispatch (3013.656295ms)
✔ Ambiguous adapter exception and malformed receipt never retry or expose provider secrets (1679.231973ms)
✔ Expired lease fences old worker; crash executing marker recovers unknown without repeating effect (1959.016336ms)
✔ Cancelled task invalidates queued policy before dispatch (1493.948915ms)
✔ Timeout after synthetic dispatch becomes unknown and a late return cannot overwrite it (1686.055382ms)
✔ Worker revalidates queued revision, session expiry and intent expiry before any call (5109.941129ms)
✔ Purge during in-flight synthetic call waits and late completion cannot recreate records (1728.602319ms)
✔ web search result cannot persist after initiating session is revoked (2078.255221ms)
✔ web_search tool accepts a bounded query and denies injected options (1.101449ms)
✔ Closed query and body schemas, redacted parser/DB errors, expired sessions and cross-owner foreign keys (2030.358616ms)
✔ voice defaults to adaptive language and UI preference does not lock later turns (1805.626441ms)
✔ private web login: one-use invite, secure cookie, CSRF, auth and owner isolation (1980.725334ms)
ℹ tests 113
ℹ suites 0
ℹ pass 113
ℹ fail 0
ℹ cancelled 0
ℹ skipped 0
ℹ todo 0
ℹ duration_ms 222492.396452
